Godot Engine v4.2.2.stable.official.15073afe3 - https://godotengine.org
 
=== Sim Test: 200 Ticks ===
Team0(�λ�) �w�ج��դO leader�ATeam3 �����e
�w���G�߰� �� �~��(Team1,Team2) �� �w���x��(Team3)
Team1 �ؼ�: (0,0)  Team2 �L�ؼСA�n�u (2,0)  player_pos=(2,0)
[Faction] �߰�G�դO0�]leader=Team0�A2 teams�^
[Tick 1] Person 0 (leader/team0) �� P4_expand | stress=0.00 loyalty=0.80
[Tick 1] Person 1 (civilian/team0) �� P4_expand | stress=0.00 loyalty=0.80
[Tick 1] Person 2 (civilian/team0) �� P4_expand | stress=0.00 loyalty=0.80
[Tick 1] Person 3 (leader/team1) �� P3_recruit | stress=0.00 loyalty=0.80
[Tick 1] Person 4 (civilian/team1) �� P2_produce | stress=0.00 loyalty=0.20
[Tick 1] Person 5 (civilian/team1) �� P2_produce | stress=0.00 loyalty=0.20
[Tick 1] Person 6 (leader/team2) �� P3_recruit | stress=0.00 loyalty=0.80
[Tick 1] Person 7 (civilian/team2) �� P3_recruit | stress=0.00 loyalty=0.80
[Tick 1] Person 8 (civilian/team2) �� P3_recruit | stress=0.00 loyalty=0.80
[Tick 1] Person 9 (leader/team3) �� P1_comply | stress=0.00 loyalty=0.51
[Event] Team 1 ��S�����GPerson 3 �� Person 4�]�λ�=0.50�^
[Tick 2] Person 0 (leader/team0) �� P4_expand | stress=0.00 loyalty=0.80
[Tick 2] Person 1 (civilian/team0) �� P4_expand | stress=0.00 loyalty=0.80
[Tick 2] Person 2 (civilian/team0) �� P4_expand | stress=0.00 loyalty=0.80
[Tick 2] Person 3 (advisor/team1) �� P3_recruit | stress=0.00 loyalty=0.80
[Tick 2] Person 4 (leader/team1) �� P2_produce | stress=0.00 loyalty=0.20
[Tick 2] Person 5 (civilian/team1) �� P2_produce | stress=0.00 loyalty=0.20
[Tick 2] Person 6 (leader/team2) �� P3_recruit | stress=0.00 loyalty=0.80
[Tick 2] Person 7 (civilian/team2) �� P3_recruit | stress=0.00 loyalty=0.80
[Tick 2] Person 8 (civilian/team2) �� P3_recruit | stress=0.00 loyalty=0.80
[Tick 2] Person 9 (leader/team3) �� P1_comply | stress=0.00 loyalty=0.52
[Tick 3] Person 0 (leader/team0) �� P4_expand | stress=0.00 loyalty=0.80
[Tick 3] Person 1 (civilian/team0) �� P4_expand | stress=0.00 loyalty=0.80
[Tick 3] Person 2 (civilian/team0) �� P4_expand | stress=0.00 loyalty=0.80
[Tick 3] Person 3 (advisor/team1) �� P3_recruit | stress=0.00 loyalty=0.80
[Tick 3] Person 4 (leader/team1) �� P2_produce | stress=0.00 loyalty=0.20
[Tick 3] Person 5 (civilian/team1) �� P2_produce | stress=0.00 loyalty=0.20
[Tick 3] Person 6 (leader/team2) �� P3_recruit | stress=0.00 loyalty=0.80
[Tick 3] Person 7 (civilian/team2) �� P3_recruit | stress=0.00 loyalty=0.80
[Tick 3] Person 8 (civilian/team2) �� P3_recruit | stress=0.00 loyalty=0.80
[Tick 3] Person 9 (leader/team3) �� P1_comply | stress=0.00 loyalty=0.53
[Tick 4] Person 0 (leader/team0) �� P4_expand | stress=0.00 loyalty=0.80
[Tick 4] Person 1 (civilian/team0) �� P4_expand | stress=0.00 loyalty=0.80
[Tick 4] Person 2 (civilian/team0) �� P4_expand | stress=0.00 loyalty=0.80
[Tick 4] Person 3 (advisor/team1) �� P3_recruit | stress=0.00 loyalty=0.80
[Tick 4] Person 4 (leader/team1) �� P2_produce | stress=0.00 loyalty=0.20
[Tick 4] Person 5 (civilian/team1) �� P2_produce | stress=0.00 loyalty=0.20
[Tick 4] Person 6 (leader/team2) �� P3_recruit | stress=0.00 loyalty=0.80
[Tick 4] Person 7 (civilian/team2) �� P3_recruit | stress=0.00 loyalty=0.80
[Tick 4] Person 8 (civilian/team2) �� P3_recruit | stress=0.00 loyalty=0.80
[Tick 4] Person 9 (leader/team3) �� P1_comply | stress=0.00 loyalty=0.54
[Tick 5] Person 0 (leader/team0) �� P4_expand | stress=0.00 loyalty=0.80
[Tick 5] Person 1 (civilian/team0) �� P4_expand | stress=0.00 loyalty=0.80
[Tick 5] Person 2 (civilian/team0) �� P4_expand | stress=0.00 loyalty=0.80
[Tick 5] Person 3 (advisor/team1) �� P3_recruit | stress=0.00 loyalty=0.80
[Tick 5] Person 4 (leader/team1) �� P2_produce | stress=0.00 loyalty=0.20
[Tick 5] Person 5 (civilian/team1) �� P2_produce | stress=0.00 loyalty=0.20
[Tick 5] Person 6 (leader/team2) �� P3_recruit | stress=0.00 loyalty=0.80
[Tick 5] Person 7 (civilian/team2) �� P3_recruit | stress=0.00 loyalty=0.80
[Tick 5] Person 8 (civilian/team2) �� P3_recruit | stress=0.00 loyalty=0.80
[Tick 5] Person 9 (leader/team3) �� P1_comply | stress=0.00 loyalty=0.55
[Tick 6] Person 0 (leader/team0) �� P4_expand | stress=0.00 loyalty=0.80
[Tick 6] Person 1 (civilian/team0) �� P4_expand | stress=0.00 loyalty=0.80
[Tick 6] Person 2 (civilian/team0) �� P4_expand | stress=0.00 loyalty=0.80
[Tick 6] Person 3 (advisor/team1) �� P3_recruit | stress=0.00 loyalty=0.80
[Tick 6] Person 4 (leader/team1) �� P2_produce | stress=0.00 loyalty=0.20
[Tick 6] Person 5 (civilian/team1) �� P2_produce | stress=0.00 loyalty=0.20
[Tick 6] Person 6 (leader/team2) �� P3_recruit | stress=0.00 loyalty=0.80
[Tick 6] Person 7 (civilian/team2) �� P3_recruit | stress=0.00 loyalty=0.80
[Tick 6] Person 8 (civilian/team2) �� P3_recruit | stress=0.00 loyalty=0.80
[Tick 6] Person 9 (leader/team3) �� P1_comply | stress=0.00 loyalty=0.56
[Tick 7] Person 0 (leader/team0) �� P4_expand | stress=0.00 loyalty=0.80
[Tick 7] Person 1 (civilian/team0) �� P4_expand | stress=0.00 loyalty=0.80
[Tick 7] Person 2 (civilian/team0) �� P4_expand | stress=0.00 loyalty=0.80
[Tick 7] Person 3 (advisor/team1) �� P3_recruit | stress=0.00 loyalty=0.80
[Tick 7] Person 4 (leader/team1) �� P2_produce | stress=0.00 loyalty=0.20
[Tick 7] Person 5 (civilian/team1) �� P2_produce | stress=0.00 loyalty=0.20
[Tick 7] Person 6 (leader/team2) �� P3_recruit | stress=0.00 loyalty=0.80
[Tick 7] Person 7 (civilian/team2) �� P3_recruit | stress=0.00 loyalty=0.80
[Tick 7] Person 8 (civilian/team2) �� P3_recruit | stress=0.00 loyalty=0.80
[Tick 7] Person 9 (leader/team3) �� P1_comply | stress=0.00 loyalty=0.57
[Tick 8] Person 0 (leader/team0) �� P4_expand | stress=0.00 loyalty=0.80
[Tick 8] Person 1 (civilian/team0) �� P4_expand | stress=0.00 loyalty=0.80
[Tick 8] Person 2 (civilian/team0) �� P4_expand | stress=0.00 loyalty=0.80
[Tick 8] Person 3 (advisor/team1) �� P3_recruit | stress=0.00 loyalty=0.80
[Tick 8] Person 4 (leader/team1) �� P2_produce | stress=0.00 loyalty=0.20
[Tick 8] Person 5 (civilian/team1) �� P2_produce | stress=0.00 loyalty=0.20
[Tick 8] Person 6 (leader/team2) �� P3_recruit | stress=0.00 loyalty=0.80
[Tick 8] Person 7 (civilian/team2) �� P3_recruit | stress=0.00 loyalty=0.80
[Tick 8] Person 8 (civilian/team2) �� P3_recruit | stress=0.00 loyalty=0.80
[Tick 8] Person 9 (leader/team3) �� P1_comply | stress=0.00 loyalty=0.58
[Tick 9] Person 0 (leader/team0) �� P4_expand | stress=0.00 loyalty=0.80
[Tick 9] Person 1 (civilian/team0) �� P4_expand | stress=0.00 loyalty=0.80
[Tick 9] Person 2 (civilian/team0) �� P4_expand | stress=0.00 loyalty=0.80
[Tick 9] Person 3 (advisor/team1) �� P3_recruit | stress=0.00 loyalty=0.80
[Tick 9] Person 4 (leader/team1) �� P2_produce | stress=0.00 loyalty=0.20
[Tick 9] Person 5 (civilian/team1) �� P2_produce | stress=0.00 loyalty=0.20
[Tick 9] Person 6 (leader/team2) �� P3_recruit | stress=0.00 loyalty=0.80
[Tick 9] Person 7 (civilian/team2) �� P3_recruit | stress=0.00 loyalty=0.80
[Tick 9] Person 8 (civilian/team2) �� P3_recruit | stress=0.00 loyalty=0.80
[Tick 9] Person 9 (leader/team3) �� P1_comply | stress=0.00 loyalty=0.59
[Tick 10] Person 0 (leader/team0) �� P4_expand | stress=0.00 loyalty=0.80
[Tick 10] Person 1 (civilian/team0) �� P4_expand | stress=0.00 loyalty=0.80
[Tick 10] Person 2 (civilian/team0) �� P4_expand | stress=0.00 loyalty=0.80
[Tick 10] Person 3 (advisor/team1) �� P3_recruit | stress=0.00 loyalty=0.80
[Tick 10] Person 4 (leader/team1) �� P2_produce | stress=0.00 loyalty=0.20
[Tick 10] Person 5 (civilian/team1) �� P2_produce | stress=0.00 loyalty=0.20
[Tick 10] Person 6 (leader/team2) �� P3_recruit | stress=0.00 loyalty=0.80
[Tick 10] Person 7 (civilian/team2) �� P3_recruit | stress=0.00 loyalty=0.80
[Tick 10] Person 8 (civilian/team2) �� P3_recruit | stress=0.00 loyalty=0.80
[Tick 10] Person 9 (leader/team3) �� P1_comply | stress=0.00 loyalty=0.60
[Tick 11] Person 0 (leader/team0) �� P4_expand | stress=0.00 loyalty=0.80
[Tick 11] Person 1 (civilian/team0) �� P4_expand | stress=0.00 loyalty=0.80
[Tick 11] Person 2 (civilian/team0) �� P4_expand | stress=0.00 loyalty=0.80
[Tick 11] Person 3 (advisor/team1) �� P3_recruit | stress=0.00 loyalty=0.80
[Tick 11] Person 4 (leader/team1) �� P2_produce | stress=0.00 loyalty=0.20
[Tick 11] Person 5 (civilian/team1) �� P2_produce | stress=0.00 loyalty=0.20
[Tick 11] Person 6 (leader/team2) �� P1_comply | stress=0.00 loyalty=0.81
[Tick 11] Person 7 (civilian/team2) �� P1_comply | stress=0.00 loyalty=0.81
[Tick 11] Person 8 (civilian/team2) �� P1_comply | stress=0.00 loyalty=0.81
[Tick 11] Person 9 (leader/team3) �� P1_comply | stress=0.00 loyalty=0.61
[Tick 12] Person 0 (leader/team0) �� P4_expand | stress=0.00 loyalty=0.80
[Tick 12] Person 1 (civilian/team0) �� P4_expand | stress=0.00 loyalty=0.80
[Tick 12] Person 2 (civilian/team0) �� P4_expand | stress=0.00 loyalty=0.80
[Tick 12] Person 3 (advisor/team1) �� P3_recruit | stress=0.00 loyalty=0.80
[Tick 12] Person 4 (leader/team1) �� P2_produce | stress=0.00 loyalty=0.20
[Tick 12] Person 5 (civilian/team1) �� P2_produce | stress=0.00 loyalty=0.20
[Tick 12] Person 6 (leader/team2) �� P1_comply | stress=0.00 loyalty=0.82
[Tick 12] Person 7 (civilian/team2) �� P1_comply | stress=0.00 loyalty=0.82
[Tick 12] Person 8 (civilian/team2) �� P1_comply | stress=0.00 loyalty=0.82
[Tick 12] Person 9 (leader/team3) �� P1_comply | stress=0.00 loyalty=0.62
[Move] Team 0 ��F (1,0)
[Tick 13] Person 0 (leader/team0) �� P4_expand | stress=0.00 loyalty=0.80
[Tick 13] Person 1 (civilian/team0) �� P4_expand | stress=0.00 loyalty=0.80
[Tick 13] Person 2 (civilian/team0) �� P4_expand | stress=0.00 loyalty=0.80
[Tick 13] Person 3 (advisor/team1) �� P3_recruit | stress=0.00 loyalty=0.80
[Tick 13] Person 4 (leader/team1) �� P2_produce | stress=0.00 loyalty=0.20
[Tick 13] Person 5 (civilian/team1) �� P2_produce | stress=0.00 loyalty=0.20
[Tick 13] Person 6 (leader/team2) �� P1_comply | stress=0.00 loyalty=0.83
[Tick 13] Person 7 (civilian/team2) �� P1_comply | stress=0.00 loyalty=0.83
[Tick 13] Person 8 (civilian/team2) �� P1_comply | stress=0.00 loyalty=0.83
[Tick 13] Person 9 (leader/team3) �� P1_comply | stress=0.00 loyalty=0.63
[Tick 14] Person 0 (leader/team0) �� P4_expand | stress=0.00 loyalty=0.80
[Tick 14] Person 1 (civilian/team0) �� P4_expand | stress=0.00 loyalty=0.80
[Tick 14] Person 2 (civilian/team0) �� P4_expand | stress=0.00 loyalty=0.80
[Tick 14] Person 3 (advisor/team1) �� P3_recruit | stress=0.00 loyalty=0.80
[Tick 14] Person 4 (leader/team1) �� P2_produce | stress=0.00 loyalty=0.20
[Tick 14] Person 5 (civilian/team1) �� P2_produce | stress=0.00 loyalty=0.20
[Tick 14] Person 6 (leader/team2) �� P1_comply | stress=0.00 loyalty=0.84
[Tick 14] Person 7 (civilian/team2) �� P1_comply | stress=0.00 loyalty=0.84
[Tick 14] Person 8 (civilian/team2) �� P1_comply | stress=0.00 loyalty=0.84
[Tick 14] Person 9 (leader/team3) �� P1_comply | stress=0.00 loyalty=0.64
[Tick 15] Person 0 (leader/team0) �� P4_expand | stress=0.00 loyalty=0.80
[Tick 15] Person 1 (civilian/team0) �� P4_expand | stress=0.00 loyalty=0.80
[Tick 15] Person 2 (civilian/team0) �� P4_expand | stress=0.00 loyalty=0.80
[Tick 15] Person 3 (advisor/team1) �� P3_recruit | stress=0.00 loyalty=0.80
[Tick 15] Person 4 (leader/team1) �� P2_produce | stress=0.00 loyalty=0.20
[Tick 15] Person 5 (civilian/team1) �� P2_produce | stress=0.00 loyalty=0.20
[Tick 15] Person 6 (leader/team2) �� P1_comply | stress=0.00 loyalty=0.85
[Tick 15] Person 7 (civilian/team2) �� P1_comply | stress=0.00 loyalty=0.85
[Tick 15] Person 8 (civilian/team2) �� P1_comply | stress=0.00 loyalty=0.85
[Tick 15] Person 9 (leader/team3) �� P1_comply | stress=0.00 loyalty=0.65
[Tick 16] Person 0 (leader/team0) �� P4_expand | stress=0.00 loyalty=0.80
[Tick 16] Person 1 (civilian/team0) �� P4_expand | stress=0.00 loyalty=0.80
[Tick 16] Person 2 (civilian/team0) �� P4_expand | stress=0.00 loyalty=0.80
[Tick 16] Person 3 (advisor/team1) �� P3_recruit | stress=0.00 loyalty=0.80
[Tick 16] Person 4 (leader/team1) �� P2_produce | stress=0.00 loyalty=0.20
[Tick 16] Person 5 (civilian/team1) �� P2_produce | stress=0.00 loyalty=0.20
[Tick 16] Person 6 (leader/team2) �� P1_comply | stress=0.00 loyalty=0.86
[Tick 16] Person 7 (civilian/team2) �� P1_comply | stress=0.00 loyalty=0.86
[Tick 16] Person 8 (civilian/team2) �� P1_comply | stress=0.00 loyalty=0.86
[Tick 16] Person 9 (leader/team3) �� P1_comply | stress=0.00 loyalty=0.66
[Tick 17] Person 0 (leader/team0) �� P4_expand | stress=0.00 loyalty=0.80
[Tick 17] Person 1 (civilian/team0) �� P4_expand | stress=0.00 loyalty=0.80
[Tick 17] Person 2 (civilian/team0) �� P4_expand | stress=0.00 loyalty=0.80
[Tick 17] Person 3 (advisor/team1) �� P3_recruit | stress=0.00 loyalty=0.80
[Tick 17] Person 4 (leader/team1) �� P2_produce | stress=0.00 loyalty=0.20
[Tick 17] Person 5 (civilian/team1) �� P2_produce | stress=0.00 loyalty=0.20
[Tick 17] Person 6 (leader/team2) �� P1_comply | stress=0.00 loyalty=0.87
[Tick 17] Person 7 (civilian/team2) �� P1_comply | stress=0.00 loyalty=0.87
[Tick 17] Person 8 (civilian/team2) �� P1_comply | stress=0.00 loyalty=0.87
[Tick 17] Person 9 (leader/team3) �� P1_comply | stress=0.00 loyalty=0.67
[Tick 18] Person 0 (leader/team0) �� P3_recruit | stress=0.00 loyalty=0.80
[Tick 18] Person 1 (civilian/team0) �� P3_recruit | stress=0.00 loyalty=0.80
[Tick 18] Person 2 (civilian/team0) �� P3_recruit | stress=0.00 loyalty=0.80
[Tick 18] Person 3 (advisor/team1) �� P3_recruit | stress=0.00 loyalty=0.80
[Tick 18] Person 4 (leader/team1) �� P2_produce | stress=0.00 loyalty=0.20
[Tick 18] Person 5 (civilian/team1) �� P2_produce | stress=0.00 loyalty=0.20
[Tick 18] Person 6 (leader/team2) �� P1_comply | stress=0.00 loyalty=0.88
[Tick 18] Person 7 (civilian/team2) �� P1_comply | stress=0.00 loyalty=0.88
[Tick 18] Person 8 (civilian/team2) �� P1_comply | stress=0.00 loyalty=0.88
[Tick 18] Person 9 (leader/team3) �� P1_comply | stress=0.00 loyalty=0.68
[Tick 19] Person 0 (leader/team0) �� P3_recruit | stress=0.00 loyalty=0.80
[Tick 19] Person 1 (civilian/team0) �� P3_recruit | stress=0.00 loyalty=0.80
[Tick 19] Person 2 (civilian/team0) �� P3_recruit | stress=0.00 loyalty=0.80
[Tick 19] Person 3 (advisor/team1) �� P3_recruit | stress=0.00 loyalty=0.80
[Tick 19] Person 4 (leader/team1) �� P2_produce | stress=0.00 loyalty=0.20
[Tick 19] Person 5 (civilian/team1) �� P2_produce | stress=0.00 loyalty=0.20
[Tick 19] Person 6 (leader/team2) �� P1_comply | stress=0.00 loyalty=0.89
[Tick 19] Person 7 (civilian/team2) �� P1_comply | stress=0.00 loyalty=0.89
[Tick 19] Person 8 (civilian/team2) �� P1_comply | stress=0.00 loyalty=0.89
[Tick 19] Person 9 (leader/team3) �� P1_comply | stress=0.00 loyalty=0.69
[Tick 20] Person 0 (leader/team0) �� P3_recruit | stress=0.00 loyalty=0.80
[Tick 20] Person 1 (civilian/team0) �� P3_recruit | stress=0.00 loyalty=0.80
[Tick 20] Person 2 (civilian/team0) �� P3_recruit | stress=0.00 loyalty=0.80
[Tick 20] Person 3 (advisor/team1) �� P3_recruit | stress=0.00 loyalty=0.80
[Tick 20] Person 4 (leader/team1) �� P2_produce | stress=0.00 loyalty=0.20
[Tick 20] Person 5 (civilian/team1) �� P2_produce | stress=0.00 loyalty=0.20
[Tick 20] Person 6 (leader/team2) �� P1_comply | stress=0.00 loyalty=0.90
[Tick 20] Person 7 (civilian/team2) �� P1_comply | stress=0.00 loyalty=0.90
[Tick 20] Person 8 (civilian/team2) �� P1_comply | stress=0.00 loyalty=0.90
[Tick 20] Person 9 (leader/team3) �� P1_comply | stress=0.00 loyalty=0.70

--- Tick 20 ---
  Team0 pos=(1,0) food=96.0 pop=19 wnd=0 ct=-1 rd=1.00
  Team1 pos=(1,0) food=139.0 pop=30 wnd=0 ct=-1 rd=1.00
  Team2 pos=(2,0) food=40.2 pop=40 wnd=0 ct=-1 rd=1.00
  Team3 pos=(4,0) food=184.0 pop=8 wnd=0 ct=-1 rd=1.00
[Tick 21] Person 0 (leader/team0) �� P3_recruit | stress=0.00 loyalty=0.80
[Tick 21] Person 1 (civilian/team0) �� P3_recruit | stress=0.00 loyalty=0.80
[Tick 21] Person 2 (civilian/team0) �� P3_recruit | stress=0.00 loyalty=0.80
[Tick 21] Person 3 (advisor/team1) �� P3_recruit | stress=0.00 loyalty=0.80
[Tick 21] Person 4 (leader/team1) �� P2_produce | stress=0.00 loyalty=0.20
[Tick 21] Person 5 (civilian/team1) �� P2_produce | stress=0.00 loyalty=0.20
[Tick 21] Person 6 (leader/team2) �� P1_comply | stress=0.00 loyalty=0.91
[Tick 21] Person 7 (civilian/team2) �� P1_comply | stress=0.00 loyalty=0.91
[Tick 21] Person 8 (civilian/team2) �� P1_comply | stress=0.00 loyalty=0.91
[Tick 21] Person 9 (leader/team3) �� P1_comply | stress=0.00 loyalty=0.71
[Tick 22] Person 0 (leader/team0) �� P3_recruit | stress=0.00 loyalty=0.80
[Tick 22] Person 1 (civilian/team0) �� P3_recruit | stress=0.00 loyalty=0.80
[Tick 22] Person 2 (civilian/team0) �� P3_recruit | stress=0.00 loyalty=0.80
[Tick 22] Person 3 (advisor/team1) �� P3_recruit | stress=0.00 loyalty=0.80
[Tick 22] Person 4 (leader/team1) �� P2_produce | stress=0.00 loyalty=0.20
[Tick 22] Person 5 (civilian/team1) �� P2_produce | stress=0.00 loyalty=0.20
[Tick 22] Person 6 (leader/team2) �� P1_comply | stress=0.00 loyalty=0.92
[Tick 22] Person 7 (civilian/team2) �� P1_comply | stress=0.00 loyalty=0.92
[Tick 22] Person 8 (civilian/team2) �� P1_comply | stress=0.00 loyalty=0.92
[Tick 22] Person 9 (leader/team3) �� P1_comply | stress=0.00 loyalty=0.72
[Tick 23] Person 0 (leader/team0) �� P3_recruit | stress=0.00 loyalty=0.80
[Tick 23] Person 1 (civilian/team0) �� P3_recruit | stress=0.00 loyalty=0.80
[Tick 23] Person 2 (civilian/team0) �� P3_recruit | stress=0.00 loyalty=0.80
[Tick 23] Person 3 (advisor/team1) �� P3_recruit | stress=0.00 loyalty=0.80
[Tick 23] Person 4 (leader/team1) �� P2_produce | stress=0.00 loyalty=0.20
[Tick 23] Person 5 (civilian/team1) �� P2_produce | stress=0.00 loyalty=0.20
[Tick 23] Person 6 (leader/team2) �� P1_comply | stress=0.00 loyalty=0.93
[Tick 23] Person 7 (civilian/team2) �� P1_comply | stress=0.00 loyalty=0.93
[Tick 23] Person 8 (civilian/team2) �� P1_comply | stress=0.00 loyalty=0.93
[Tick 23] Person 9 (leader/team3) �� P1_comply | stress=0.00 loyalty=0.73
[Tick 24] Person 0 (leader/team0) �� P3_recruit | stress=0.00 loyalty=0.80
[Tick 24] Person 1 (civilian/team0) �� P3_recruit | stress=0.00 loyalty=0.80
[Tick 24] Person 2 (civilian/team0) �� P3_recruit | stress=0.00 loyalty=0.80
[Tick 24] Person 3 (advisor/team1) �� P3_recruit | stress=0.00 loyalty=0.80
[Tick 24] Person 4 (leader/team1) �� P2_produce | stress=0.00 loyalty=0.20
[Tick 24] Person 5 (civilian/team1) �� P2_produce | stress=0.00 loyalty=0.20
[Tick 24] Person 6 (leader/team2) �� P1_comply | stress=0.00 loyalty=0.94
[Tick 24] Person 7 (civilian/team2) �� P1_comply | stress=0.00 loyalty=0.94
[Tick 24] Person 8 (civilian/team2) �� P1_comply | stress=0.00 loyalty=0.94
[Tick 24] Person 9 (leader/team3) �� P1_comply | stress=0.00 loyalty=0.74
[Tick 25] Person 0 (leader/team0) �� P3_recruit | stress=0.00 loyalty=0.80
[Tick 25] Person 1 (civilian/team0) �� P3_recruit | stress=0.00 loyalty=0.80
[Tick 25] Person 2 (civilian/team0) �� P3_recruit | stress=0.00 loyalty=0.80
[Tick 25] Person 3 (advisor/team1) �� P3_recruit | stress=0.00 loyalty=0.80
[Tick 25] Person 4 (leader/team1) �� P2_produce | stress=0.00 loyalty=0.20
[Tick 25] Person 5 (civilian/team1) �� P2_produce | stress=0.00 loyalty=0.20
[Tick 25] Person 6 (leader/team2) �� P1_comply | stress=0.00 loyalty=0.95
[Tick 25] Person 7 (civilian/team2) �� P1_comply | stress=0.00 loyalty=0.95
[Tick 25] Person 8 (civilian/team2) �� P1_comply | stress=0.00 loyalty=0.95
[Tick 25] Person 9 (leader/team3) �� P1_comply | stress=0.00 loyalty=0.75
[Move] Team 1 ��F (0,0)
[Tick 26] Person 0 (leader/team0) �� P3_recruit | stress=0.00 loyalty=0.80
[Tick 26] Person 1 (civilian/team0) �� P3_recruit | stress=0.00 loyalty=0.80
[Tick 26] Person 2 (civilian/team0) �� P3_recruit | stress=0.00 loyalty=0.80
[Tick 26] Person 3 (advisor/team1) �� P3_recruit | stress=0.00 loyalty=0.80
[Tick 26] Person 4 (leader/team1) �� P2_produce | stress=0.00 loyalty=0.20
[Tick 26] Person 5 (civilian/team1) �� P2_produce | stress=0.00 loyalty=0.20
[Tick 26] Person 6 (leader/team2) �� P1_comply | stress=0.00 loyalty=0.96
[Tick 26] Person 7 (civilian/team2) �� P1_comply | stress=0.00 loyalty=0.96
[Tick 26] Person 8 (civilian/team2) �� P1_comply | stress=0.00 loyalty=0.96
[Tick 26] Person 9 (leader/team3) �� P1_comply | stress=0.00 loyalty=0.76
[Tick 27] Person 0 (leader/team0) �� P3_recruit | stress=0.00 loyalty=0.80
[Tick 27] Person 1 (civilian/team0) �� P3_recruit | stress=0.00 loyalty=0.80
[Tick 27] Person 2 (civilian/team0) �� P3_recruit | stress=0.00 loyalty=0.80
[Tick 27] Person 3 (advisor/team1) �� P3_recruit | stress=0.00 loyalty=0.80
[Tick 27] Person 4 (leader/team1) �� P2_produce | stress=0.00 loyalty=0.20
[Tick 27] Person 5 (civilian/team1) �� P2_produce | stress=0.00 loyalty=0.20
[Tick 27] Person 6 (leader/team2) �� P1_comply | stress=0.00 loyalty=0.97
[Tick 27] Person 7 (civilian/team2) �� P1_comply | stress=0.00 loyalty=0.97
[Tick 27] Person 8 (civilian/team2) �� P1_comply | stress=0.00 loyalty=0.97
[Tick 27] Person 9 (leader/team3) �� P1_comply | stress=0.00 loyalty=0.77
[Tick 28] Person 0 (leader/team0) �� P4_expand | stress=0.00 loyalty=0.80
[Tick 28] Person 1 (civilian/team0) �� P1_comply | stress=0.00 loyalty=0.81
[Tick 28] Person 2 (civilian/team0) �� P1_comply | stress=0.00 loyalty=0.81
[Tick 28] Person 3 (advisor/team1) �� P3_recruit | stress=0.00 loyalty=0.80
[Tick 28] Person 4 (leader/team1) �� P2_produce | stress=0.00 loyalty=0.20
[Tick 28] Person 5 (civilian/team1) �� P2_produce | stress=0.00 loyalty=0.20
[Tick 28] Person 6 (leader/team2) �� P1_comply | stress=0.00 loyalty=0.98
[Tick 28] Person 7 (civilian/team2) �� P1_comply | stress=0.00 loyalty=0.98
[Tick 28] Person 8 (civilian/team2) �� P1_comply | stress=0.00 loyalty=0.98
[Tick 28] Person 9 (leader/team3) �� P1_comply | stress=0.00 loyalty=0.78
[Tick 29] Person 0 (leader/team0) �� P4_expand | stress=0.00 loyalty=0.80
[Tick 29] Person 1 (civilian/team0) �� P1_comply | stress=0.00 loyalty=0.82
[Tick 29] Person 2 (civilian/team0) �� P1_comply | stress=0.00 loyalty=0.82
[Tick 29] Person 3 (advisor/team1) �� P3_recruit | stress=0.00 loyalty=0.80
[Tick 29] Person 4 (leader/team1) �� P2_produce | stress=0.00 loyalty=0.20
[Tick 29] Person 5 (civilian/team1) �� P2_produce | stress=0.00 loyalty=0.20
[Tick 29] Person 6 (leader/team2) �� P1_comply | stress=0.00 loyalty=0.99
[Tick 29] Person 7 (civilian/team2) �� P1_comply | stress=0.00 loyalty=0.99
[Tick 29] Person 8 (civilian/team2) �� P1_comply | stress=0.00 loyalty=0.99
[Tick 29] Person 9 (leader/team3) �� P1_comply | stress=0.00 loyalty=0.79
[Tick 30] Person 0 (leader/team0) �� P4_expand | stress=0.00 loyalty=0.80
[Tick 30] Person 1 (civilian/team0) �� P1_comply | stress=0.00 loyalty=0.83
[Tick 30] Person 2 (civilian/team0) �� P1_comply | stress=0.00 loyalty=0.83
[Tick 30] Person 3 (advisor/team1) �� P3_recruit | stress=0.00 loyalty=0.80
[Tick 30] Person 4 (leader/team1) �� P2_produce | stress=0.00 loyalty=0.20
[Tick 30] Person 5 (civilian/team1) �� P2_produce | stress=0.00 loyalty=0.20
[Tick 30] Person 6 (leader/team2) �� P1_comply | stress=0.00 loyalty=1.00
[Tick 30] Person 7 (civilian/team2) �� P1_comply | stress=0.00 loyalty=1.00
[Tick 30] Person 8 (civilian/team2) �� P1_comply | stress=0.00 loyalty=1.00
[Tick 30] Person 9 (leader/team3) �� P1_comply | stress=0.00 loyalty=0.80
[Tick 31] Person 0 (leader/team0) �� P4_expand | stress=0.00 loyalty=0.80
[Tick 31] Person 1 (civilian/team0) �� P1_comply | stress=0.00 loyalty=0.84
[Tick 31] Person 2 (civilian/team0) �� P1_comply | stress=0.00 loyalty=0.84
[Tick 31] Person 3 (advisor/team1) �� P1_comply | stress=0.00 loyalty=0.81
[Tick 31] Person 4 (leader/team1) �� P2_produce | stress=0.00 loyalty=0.20
[Tick 31] Person 5 (civilian/team1) �� P2_produce | stress=0.00 loyalty=0.20
[Tick 31] Person 6 (leader/team2) �� P1_comply | stress=0.00 loyalty=1.00
[Tick 31] Person 7 (civilian/team2) �� P1_comply | stress=0.00 loyalty=1.00
[Tick 31] Person 8 (civilian/team2) �� P1_comply | stress=0.00 loyalty=1.00
[Tick 31] Person 9 (leader/team3) �� P1_comply | stress=0.00 loyalty=0.81
[Tick 32] Person 0 (leader/team0) �� P4_expand | stress=0.00 loyalty=0.80
[Tick 32] Person 1 (civilian/team0) �� P1_comply | stress=0.00 loyalty=0.85
[Tick 32] Person 2 (civilian/team0) �� P1_comply | stress=0.00 loyalty=0.85
[Tick 32] Person 3 (advisor/team1) �� P1_comply | stress=0.00 loyalty=0.82
[Tick 32] Person 4 (leader/team1) �� P2_produce | stress=0.00 loyalty=0.20
[Tick 32] Person 5 (civilian/team1) �� P2_produce | stress=0.00 loyalty=0.20
[Tick 32] Person 6 (leader/team2) �� P1_comply | stress=0.09 loyalty=0.99
[Tick 32] Person 7 (civilian/team2) �� P1_comply | stress=0.09 loyalty=0.99
[Tick 32] Person 8 (civilian/team2) �� P1_comply | stress=0.09 loyalty=0.99
[Tick 32] Person 9 (leader/team3) �� P1_comply | stress=0.00 loyalty=0.82
[Tick 33] Person 0 (leader/team0) �� P4_expand | stress=0.00 loyalty=0.80
[Tick 33] Person 1 (civilian/team0) �� P1_comply | stress=0.00 loyalty=0.86
[Tick 33] Person 2 (civilian/team0) �� P1_comply | stress=0.00 loyalty=0.86
[Tick 33] Person 3 (advisor/team1) �� P1_comply | stress=0.00 loyalty=0.83
[Tick 33] Person 4 (leader/team1) �� P2_produce | stress=0.00 loyalty=0.20
[Tick 33] Person 5 (civilian/team1) �� P2_produce | stress=0.00 loyalty=0.20
[Tick 33] Person 6 (leader/team2) �� P1_comply | stress=0.17 loyalty=0.98
[Tick 33] Person 7 (civilian/team2) �� P1_comply | stress=0.17 loyalty=0.98
[Tick 33] Person 8 (civilian/team2) �� P1_comply | stress=0.17 loyalty=0.98
[Tick 33] Person 9 (leader/team3) �� P1_comply | stress=0.00 loyalty=0.83
[Tick 34] Person 0 (leader/team0) �� P4_expand | stress=0.00 loyalty=0.80
[Tick 34] Person 1 (civilian/team0) �� P1_comply | stress=0.00 loyalty=0.87
[Tick 34] Person 2 (civilian/team0) �� P1_comply | stress=0.00 loyalty=0.87
[Tick 34] Person 3 (advisor/team1) �� P1_comply | stress=0.00 loyalty=0.84
[Tick 34] Person 4 (leader/team1) �� P2_produce | stress=0.00 loyalty=0.20
[Tick 34] Person 5 (civilian/team1) �� P2_produce | stress=0.00 loyalty=0.20
[Tick 34] Person 6 (leader/team2) �� P1_comply | stress=0.26 loyalty=0.97
[Tick 34] Person 7 (civilian/team2) �� P1_comply | stress=0.26 loyalty=0.97
[Tick 34] Person 8 (civilian/team2) �� P1_comply | stress=0.26 loyalty=0.97
[Tick 34] Person 9 (leader/team3) �� P1_comply | stress=0.00 loyalty=0.84
[Tick 35] Person 0 (leader/team0) �� P4_expand | stress=0.00 loyalty=0.80
[Tick 35] Person 1 (civilian/team0) �� P1_comply | stress=0.00 loyalty=0.88
[Tick 35] Person 2 (civilian/team0) �� P1_comply | stress=0.00 loyalty=0.88
[Tick 35] Person 3 (advisor/team1) �� P1_comply | stress=0.00 loyalty=0.85
[Tick 35] Person 4 (leader/team1) �� P2_produce | stress=0.00 loyalty=0.20
[Tick 35] Person 5 (civilian/team1) �� P2_produce | stress=0.00 loyalty=0.20
[Tick 35] Person 6 (leader/team2) �� P1_comply | stress=0.34 loyalty=0.96
[Tick 35] Person 7 (civilian/team2) �� P1_comply | stress=0.34 loyalty=0.96
[Tick 35] Person 8 (civilian/team2) �� P1_comply | stress=0.34 loyalty=0.96
[Tick 35] Person 9 (leader/team3) �� P1_comply | stress=0.00 loyalty=0.85
[Tick 36] Person 0 (leader/team0) �� P4_expand | stress=0.00 loyalty=0.80
[Tick 36] Person 1 (civilian/team0) �� P1_comply | stress=0.00 loyalty=0.89
[Tick 36] Person 2 (civilian/team0) �� P1_comply | stress=0.00 loyalty=0.89
[Tick 36] Person 3 (advisor/team1) �� P1_comply | stress=0.00 loyalty=0.86
[Tick 36] Person 4 (leader/team1) �� P2_produce | stress=0.00 loyalty=0.20
[Tick 36] Person 5 (civilian/team1) �� P2_produce | stress=0.00 loyalty=0.20
[Tick 36] Person 6 (leader/team2) �� P4_expand | stress=0.43 loyalty=0.94
[Tick 36] Person 7 (civilian/team2) �� P4_expand | stress=0.43 loyalty=0.94
[Tick 36] Person 8 (civilian/team2) �� P4_expand | stress=0.43 loyalty=0.94
[Tick 36] Person 9 (leader/team3) �� P1_comply | stress=0.00 loyalty=0.86
[Tick 37] Person 0 (leader/team0) �� P4_expand | stress=0.00 loyalty=0.80
[Tick 37] Person 1 (civilian/team0) �� P1_comply | stress=0.00 loyalty=0.90
[Tick 37] Person 2 (civilian/team0) �� P1_comply | stress=0.00 loyalty=0.90
[Tick 37] Person 3 (advisor/team1) �� P1_comply | stress=0.00 loyalty=0.87
[Tick 37] Person 4 (leader/team1) �� P2_produce | stress=0.00 loyalty=0.20
[Tick 37] Person 5 (civilian/team1) �� P2_produce | stress=0.00 loyalty=0.20
[Tick 37] Person 6 (leader/team2) �� P4_expand | stress=0.52 loyalty=0.92
[Tick 37] Person 7 (civilian/team2) �� P4_expand | stress=0.52 loyalty=0.92
[Tick 37] Person 8 (civilian/team2) �� P4_expand | stress=0.52 loyalty=0.92
[Tick 37] Person 9 (leader/team3) �� P1_comply | stress=0.00 loyalty=0.87
[Tick 38] Person 0 (leader/team0) �� P4_expand | stress=0.00 loyalty=0.80
[Tick 38] Person 1 (civilian/team0) �� P1_comply | stress=0.00 loyalty=0.91
[Tick 38] Person 2 (civilian/team0) �� P1_comply | stress=0.00 loyalty=0.91
[Tick 38] Person 3 (advisor/team1) �� P1_comply | stress=0.00 loyalty=0.88
[Tick 38] Person 4 (leader/team1) �� P2_produce | stress=0.00 loyalty=0.20
[Tick 38] Person 5 (civilian/team1) �� P2_produce | stress=0.00 loyalty=0.20
[Tick 38] Person 6 (leader/team2) �� P4_expand | stress=0.60 loyalty=0.90
[Tick 38] Person 7 (civilian/team2) �� P4_expand | stress=0.60 loyalty=0.90
[Tick 38] Person 8 (civilian/team2) �� P4_expand | stress=0.60 loyalty=0.90
[Tick 38] Person 9 (leader/team3) �� P1_comply | stress=0.00 loyalty=0.88
[Tick 39] Person 0 (leader/team0) �� P4_expand | stress=0.00 loyalty=0.80
[Tick 39] Person 1 (civilian/team0) �� P1_comply | stress=0.00 loyalty=0.92
[Tick 39] Person 2 (civilian/team0) �� P1_comply | stress=0.00 loyalty=0.92
[Tick 39] Person 3 (advisor/team1) �� P1_comply | stress=0.00 loyalty=0.89
[Tick 39] Person 4 (leader/team1) �� P2_produce | stress=0.00 loyalty=0.20
[Tick 39] Person 5 (civilian/team1) �� P2_produce | stress=0.00 loyalty=0.20
[Tick 39] Person 6 (leader/team2) �� P4_expand | stress=0.69 loyalty=0.88
[Tick 39] Person 7 (civilian/team2) �� P4_expand | stress=0.69 loyalty=0.88
[Tick 39] Person 8 (civilian/team2) �� P4_expand | stress=0.69 loyalty=0.88
[Tick 39] Person 9 (leader/team3) �� P1_comply | stress=0.00 loyalty=0.89
[Tick 40] Person 0 (leader/team0) �� P4_expand | stress=0.00 loyalty=0.80
[Tick 40] Person 1 (civilian/team0) �� P1_comply | stress=0.00 loyalty=0.93
[Tick 40] Person 2 (civilian/team0) �� P1_comply | stress=0.00 loyalty=0.93
[Tick 40] Person 3 (advisor/team1) �� P1_comply | stress=0.00 loyalty=0.90
[Tick 40] Person 4 (leader/team1) �� P2_produce | stress=0.00 loyalty=0.20
[Tick 40] Person 5 (civilian/team1) �� P2_produce | stress=0.00 loyalty=0.20
[Tick 40] Person 6 (leader/team2) �� P4_expand | stress=0.77 loyalty=0.86
[Tick 40] Person 7 (civilian/team2) �� P4_expand | stress=0.77 loyalty=0.86
[Tick 40] Person 8 (civilian/team2) �� P4_expand | stress=0.77 loyalty=0.86
[Tick 40] Person 9 (leader/team3) �� P1_comply | stress=0.00 loyalty=0.90

--- Tick 40 ---
  Team0 pos=(1,0) food=22.4 pop=40 wnd=0 ct=-1 rd=1.00
  Team1 pos=(0,0) food=166.1 pop=40 wnd=0 ct=-1 rd=1.00
  Team2 pos=(2,0) food=0.0 pop=40 wnd=0 ct=-1 rd=1.00
  Team3 pos=(4,0) food=168.0 pop=8 wnd=0 ct=-1 rd=1.00
[Tick 41] Person 0 (leader/team0) �� P4_expand | stress=0.00 loyalty=0.80
[Tick 41] Person 1 (civilian/team0) �� P1_comply | stress=0.00 loyalty=0.94
[Tick 41] Person 2 (civilian/team0) �� P1_comply | stress=0.00 loyalty=0.94
[Tick 41] Person 3 (advisor/team1) �� P1_comply | stress=0.00 loyalty=0.91
[Tick 41] Person 4 (leader/team1) �� P2_produce | stress=0.00 loyalty=0.20
[Tick 41] Person 5 (civilian/team1) �� P2_produce | stress=0.00 loyalty=0.20
[Tick 41] Person 6 (leader/team2) �� P4_expand | stress=0.86 loyalty=0.84
[Tick 41] Person 7 (civilian/team2) �� P4_expand | stress=0.86 loyalty=0.84
[Tick 41] Person 8 (civilian/team2) �� P4_expand | stress=0.86 loyalty=0.84
[Tick 41] Person 9 (leader/team3) �� P1_comply | stress=0.00 loyalty=0.91
[Tick 42] Person 0 (leader/team0) �� P4_expand | stress=0.00 loyalty=0.80
[Tick 42] Person 1 (civilian/team0) �� P1_comply | stress=0.00 loyalty=0.95
[Tick 42] Person 2 (civilian/team0) �� P1_comply | stress=0.00 loyalty=0.95
[Tick 42] Person 3 (advisor/team1) �� P1_comply | stress=0.00 loyalty=0.92
[Tick 42] Person 4 (leader/team1) �� P2_produce | stress=0.00 loyalty=0.20
[Tick 42] Person 5 (civilian/team1) �� P2_produce | stress=0.00 loyalty=0.20
[Tick 42] Person 6 (leader/team2) �� P4_expand | stress=0.95 loyalty=0.82
[Tick 42] Person 7 (civilian/team2) �� P4_expand | stress=0.95 loyalty=0.82
[Tick 42] Person 8 (civilian/team2) �� P4_expand | stress=0.95 loyalty=0.82
[Tick 42] Person 9 (leader/team3) �� P1_comply | stress=0.00 loyalty=0.92
[Tick 43] Person 0 (leader/team0) �� P4_expand | stress=0.00 loyalty=0.80
[Tick 43] Person 1 (civilian/team0) �� P1_comply | stress=0.00 loyalty=0.96
[Tick 43] Person 2 (civilian/team0) �� P1_comply | stress=0.00 loyalty=0.96
[Tick 43] Person 3 (advisor/team1) �� P1_comply | stress=0.00 loyalty=0.93
[Tick 43] Person 4 (leader/team1) �� P2_produce | stress=0.00 loyalty=0.20
[Tick 43] Person 5 (civilian/team1) �� P2_produce | stress=0.00 loyalty=0.20
[Tick 43] Person 6 (leader/team2) �� P4_expand | stress=1.00 loyalty=0.80
[Tick 43] Person 7 (civilian/team2) �� P4_expand | stress=1.00 loyalty=0.80
[Tick 43] Person 8 (civilian/team2) �� P4_expand | stress=1.00 loyalty=0.80
[Tick 43] Person 9 (leader/team3) �� P1_comply | stress=0.00 loyalty=0.93
[Tick 44] Person 0 (leader/team0) �� P4_expand | stress=0.00 loyalty=0.80
[Tick 44] Person 1 (civilian/team0) �� P1_comply | stress=0.00 loyalty=0.97
[Tick 44] Person 2 (civilian/team0) �� P1_comply | stress=0.00 loyalty=0.97
[Tick 44] Person 3 (advisor/team1) �� P1_comply | stress=0.00 loyalty=0.94
[Tick 44] Person 4 (leader/team1) �� P2_produce | stress=0.00 loyalty=0.20
[Tick 44] Person 5 (civilian/team1) �� P2_produce | stress=0.00 loyalty=0.20
[Tick 44] Person 6 (leader/team2) �� P4_expand | stress=1.00 loyalty=0.78
[Tick 44] Person 7 (civilian/team2) �� P4_expand | stress=1.00 loyalty=0.78
[Tick 44] Person 8 (civilian/team2) �� P4_expand | stress=1.00 loyalty=0.78
[Tick 44] Person 9 (leader/team3) �� P1_comply | stress=0.00 loyalty=0.94
[Tick 45] Person 0 (leader/team0) �� P4_expand | stress=0.00 loyalty=0.80
[Tick 45] Person 1 (civilian/team0) �� P1_comply | stress=0.00 loyalty=0.98
[Tick 45] Person 2 (civilian/team0) �� P1_comply | stress=0.00 loyalty=0.98
[Tick 45] Person 3 (advisor/team1) �� P1_comply | stress=0.00 loyalty=0.95
[Tick 45] Person 4 (leader/team1) �� P2_produce | stress=0.00 loyalty=0.20
[Tick 45] Person 5 (civilian/team1) �� P2_produce | stress=0.00 loyalty=0.20
[Tick 45] Person 6 (leader/team2) �� P4_expand | stress=1.00 loyalty=0.76
[Tick 45] Person 7 (civilian/team2) �� P4_expand | stress=1.00 loyalty=0.76
[Tick 45] Person 8 (civilian/team2) �� P4_expand | stress=1.00 loyalty=0.76
[Tick 45] Person 9 (leader/team3) �� P1_comply | stress=0.00 loyalty=0.95
[Tick 46] Person 0 (leader/team0) �� P4_expand | stress=0.01 loyalty=0.80
[Tick 46] Person 1 (civilian/team0) �� P1_comply | stress=0.01 loyalty=0.99
[Tick 46] Person 2 (civilian/team0) �� P1_comply | stress=0.01 loyalty=0.99
[Tick 46] Person 3 (advisor/team1) �� P1_comply | stress=0.00 loyalty=0.96
[Tick 46] Person 4 (leader/team1) �� P2_produce | stress=0.00 loyalty=0.20
[Tick 46] Person 5 (civilian/team1) �� P2_produce | stress=0.00 loyalty=0.20
[Tick 46] Person 6 (leader/team2) �� N2_riot | stress=1.00 loyalty=0.74
[Tick 46] Person 7 (civilian/team2) �� N2_riot | stress=1.00 loyalty=0.74
[Tick 46] Person 8 (civilian/team2) �� N2_riot | stress=1.00 loyalty=0.74
[Tick 46] Person 9 (leader/team3) �� P1_comply | stress=0.00 loyalty=0.96
[Tick 47] Person 0 (leader/team0) �� P4_expand | stress=0.11 loyalty=0.78
[Tick 47] Person 1 (civilian/team0) �� P1_comply | stress=0.11 loyalty=0.98
[Tick 47] Person 2 (civilian/team0) �� P1_comply | stress=0.11 loyalty=0.98
[Tick 47] Person 3 (advisor/team1) �� P1_comply | stress=0.00 loyalty=0.97
[Tick 47] Person 4 (leader/team1) �� P2_produce | stress=0.00 loyalty=0.20
[Tick 47] Person 5 (civilian/team1) �� P2_produce | stress=0.00 loyalty=0.20
[Tick 47] Person 6 (leader/team2) �� N2_riot | stress=1.00 loyalty=0.72
[Tick 47] Person 7 (civilian/team2) �� N2_riot | stress=1.00 loyalty=0.72
[Tick 47] Person 8 (civilian/team2) �� N2_riot | stress=1.00 loyalty=0.72
[Tick 47] Person 9 (leader/team3) �� P1_comply | stress=0.00 loyalty=0.97
[Tick 48] Person 0 (leader/team0) �� P4_expand | stress=0.21 loyalty=0.76
[Tick 48] Person 1 (civilian/team0) �� P1_comply | stress=0.21 loyalty=0.97
[Tick 48] Person 2 (civilian/team0) �� P1_comply | stress=0.21 loyalty=0.97
[Tick 48] Person 3 (advisor/team1) �� P1_comply | stress=0.00 loyalty=0.98
[Tick 48] Person 4 (leader/team1) �� P2_produce | stress=0.00 loyalty=0.20
[Tick 48] Person 5 (civilian/team1) �� P2_produce | stress=0.00 loyalty=0.20
[Tick 48] Person 6 (leader/team2) �� N2_riot | stress=1.00 loyalty=0.70
[Tick 48] Person 7 (civilian/team2) �� N2_riot | stress=1.00 loyalty=0.70
[Tick 48] Person 8 (civilian/team2) �� N2_riot | stress=1.00 loyalty=0.70
[Tick 48] Person 9 (leader/team3) �� P1_comply | stress=0.00 loyalty=0.98
[Tick 49] Person 0 (leader/team0) �� P4_expand | stress=0.31 loyalty=0.74
[Tick 49] Person 1 (civilian/team0) �� P1_comply | stress=0.31 loyalty=0.96
[Tick 49] Person 2 (civilian/team0) �� P1_comply | stress=0.31 loyalty=0.96
[Tick 49] Person 3 (advisor/team1) �� P1_comply | stress=0.00 loyalty=0.99
[Tick 49] Person 4 (leader/team1) �� P2_produce | stress=0.00 loyalty=0.20
[Tick 49] Person 5 (civilian/team1) �� P2_produce | stress=0.00 loyalty=0.20
[Tick 49] Person 6 (leader/team2) �� N2_riot | stress=1.00 loyalty=0.68
[Tick 49] Person 7 (civilian/team2) �� N2_riot | stress=1.00 loyalty=0.68
[Tick 49] Person 8 (civilian/team2) �� N2_riot | stress=1.00 loyalty=0.68
[Tick 49] Person 9 (leader/team3) �� P1_comply | stress=0.00 loyalty=0.99
[Tick 50] Person 0 (leader/team0) �� P4_expand | stress=0.39 loyalty=0.72
[Tick 50] Person 1 (civilian/team0) �� P4_expand | stress=0.39 loyalty=0.94
[Tick 50] Person 2 (civilian/team0) �� P4_expand | stress=0.39 loyalty=0.94
[Tick 50] Person 3 (advisor/team1) �� P1_comply | stress=0.00 loyalty=1.00
[Tick 50] Person 4 (leader/team1) �� P2_produce | stress=0.00 loyalty=0.20
[Tick 50] Person 5 (civilian/team1) �� P2_produce | stress=0.00 loyalty=0.20
[Tick 50] Person 6 (leader/team2) �� N2_riot | stress=1.00 loyalty=0.66
[Tick 50] Person 7 (civilian/team2) �� N2_riot | stress=1.00 loyalty=0.66
[Tick 50] Person 8 (civilian/team2) �� N2_riot | stress=1.00 loyalty=0.66
[Tick 50] Person 9 (leader/team3) �� P1_comply | stress=0.00 loyalty=1.00
[Tick 51] Person 0 (leader/team0) �� P4_expand | stress=0.48 loyalty=0.70
[Tick 51] Person 1 (civilian/team0) �� P4_expand | stress=0.48 loyalty=0.92
[Tick 51] Person 2 (civilian/team0) �� P4_expand | stress=0.48 loyalty=0.92
[Tick 51] Person 3 (advisor/team1) �� P1_comply | stress=0.00 loyalty=1.00
[Tick 51] Person 4 (leader/team1) �� P2_produce | stress=0.00 loyalty=0.20
[Tick 51] Person 5 (civilian/team1) �� P2_produce | stress=0.00 loyalty=0.20
[Tick 51] Person 6 (leader/team2) �� N2_riot | stress=1.00 loyalty=0.64
[Tick 51] Person 7 (civilian/team2) �� N2_riot | stress=1.00 loyalty=0.64
[Tick 51] Person 8 (civilian/team2) �� N2_riot | stress=1.00 loyalty=0.64
[Tick 51] Person 9 (leader/team3) �� P1_comply | stress=0.00 loyalty=1.00
[Tick 52] Person 0 (leader/team0) �� P4_expand | stress=0.56 loyalty=0.68
[Tick 52] Person 1 (civilian/team0) �� P4_expand | stress=0.56 loyalty=0.90
[Tick 52] Person 2 (civilian/team0) �� P4_expand | stress=0.56 loyalty=0.90
[Tick 52] Person 3 (advisor/team1) �� P1_comply | stress=0.00 loyalty=1.00
[Tick 52] Person 4 (leader/team1) �� P2_produce | stress=0.00 loyalty=0.20
[Tick 52] Person 5 (civilian/team1) �� P2_produce | stress=0.00 loyalty=0.20
[Tick 52] Person 6 (leader/team2) �� N2_riot | stress=1.00 loyalty=0.62
[Tick 52] Person 7 (civilian/team2) �� N2_riot | stress=1.00 loyalty=0.62
[Tick 52] Person 8 (civilian/team2) �� N2_riot | stress=1.00 loyalty=0.62
[Tick 52] Person 9 (leader/team3) �� P1_comply | stress=0.00 loyalty=1.00
[Tick 53] Person 0 (leader/team0) �� P4_expand | stress=0.65 loyalty=0.66
[Tick 53] Person 1 (civilian/team0) �� P4_expand | stress=0.65 loyalty=0.88
[Tick 53] Person 2 (civilian/team0) �� P4_expand | stress=0.65 loyalty=0.88
[Tick 53] Person 3 (advisor/team1) �� P1_comply | stress=0.00 loyalty=1.00
[Tick 53] Person 4 (leader/team1) �� P2_produce | stress=0.00 loyalty=0.20
[Tick 53] Person 5 (civilian/team1) �� P2_produce | stress=0.00 loyalty=0.20
[Tick 53] Person 6 (leader/team2) �� N2_riot | stress=1.00 loyalty=0.60
[Tick 53] Person 7 (civilian/team2) �� N2_riot | stress=1.00 loyalty=0.60
[Tick 53] Person 8 (civilian/team2) �� N2_riot | stress=1.00 loyalty=0.60
[Tick 53] Person 9 (leader/team3) �� P1_comply | stress=0.00 loyalty=1.00
[Tick 54] Person 0 (leader/team0) �� P4_expand | stress=0.74 loyalty=0.64
[Tick 54] Person 1 (civilian/team0) �� P4_expand | stress=0.74 loyalty=0.86
[Tick 54] Person 2 (civilian/team0) �� P4_expand | stress=0.74 loyalty=0.86
[Tick 54] Person 3 (advisor/team1) �� P1_comply | stress=0.00 loyalty=1.00
[Tick 54] Person 4 (leader/team1) �� P2_produce | stress=0.00 loyalty=0.20
[Tick 54] Person 5 (civilian/team1) �� P2_produce | stress=0.00 loyalty=0.20
[Tick 54] Person 6 (leader/team2) �� N2_riot | stress=1.00 loyalty=0.58
[Tick 54] Person 7 (civilian/team2) �� N2_riot | stress=1.00 loyalty=0.58
[Tick 54] Person 8 (civilian/team2) �� N2_riot | stress=1.00 loyalty=0.58
[Tick 54] Person 9 (leader/team3) �� P1_comply | stress=0.00 loyalty=1.00
[Tick 55] Person 0 (leader/team0) �� P4_expand | stress=0.82 loyalty=0.62
[Tick 55] Person 1 (civilian/team0) �� P4_expand | stress=0.82 loyalty=0.84
[Tick 55] Person 2 (civilian/team0) �� P4_expand | stress=0.82 loyalty=0.84
[Tick 55] Person 3 (advisor/team1) �� P1_comply | stress=0.00 loyalty=1.00
[Tick 55] Person 4 (leader/team1) �� P2_produce | stress=0.00 loyalty=0.20
[Tick 55] Person 5 (civilian/team1) �� P2_produce | stress=0.00 loyalty=0.20
[Tick 55] Person 6 (leader/team2) �� N2_riot | stress=1.00 loyalty=0.56
[Tick 55] Person 7 (civilian/team2) �� N2_riot | stress=1.00 loyalty=0.56
[Tick 55] Person 8 (civilian/team2) �� N2_riot | stress=1.00 loyalty=0.56
[Tick 55] Person 9 (leader/team3) �� P1_comply | stress=0.00 loyalty=1.00
[Tick 56] Person 0 (leader/team0) �� P4_expand | stress=0.91 loyalty=0.60
[Tick 56] Person 1 (civilian/team0) �� P4_expand | stress=0.91 loyalty=0.82
[Tick 56] Person 2 (civilian/team0) �� P4_expand | stress=0.91 loyalty=0.82
[Tick 56] Person 3 (advisor/team1) �� P1_comply | stress=0.00 loyalty=1.00
[Tick 56] Person 4 (leader/team1) �� P2_produce | stress=0.00 loyalty=0.20
[Tick 56] Person 5 (civilian/team1) �� P2_produce | stress=0.00 loyalty=0.20
[Tick 56] Person 6 (leader/team2) �� N2_riot | stress=1.00 loyalty=0.54
[Tick 56] Person 7 (civilian/team2) �� N2_riot | stress=1.00 loyalty=0.54
[Tick 56] Person 8 (civilian/team2) �� N2_riot | stress=1.00 loyalty=0.54
[Tick 56] Person 9 (leader/team3) �� P1_comply | stress=0.00 loyalty=1.00
[Tick 57] Person 0 (leader/team0) �� P4_expand | stress=0.99 loyalty=0.58
[Tick 57] Person 1 (civilian/team0) �� P4_expand | stress=0.99 loyalty=0.80
[Tick 57] Person 2 (civilian/team0) �� P4_expand | stress=0.99 loyalty=0.80
[Tick 57] Person 3 (advisor/team1) �� P1_comply | stress=0.00 loyalty=1.00
[Tick 57] Person 4 (leader/team1) �� P2_produce | stress=0.00 loyalty=0.20
[Tick 57] Person 5 (civilian/team1) �� P2_produce | stress=0.00 loyalty=0.20
[Tick 57] Person 6 (leader/team2) �� N2_riot | stress=1.00 loyalty=0.52
[Tick 57] Person 7 (civilian/team2) �� N2_riot | stress=1.00 loyalty=0.52
[Tick 57] Person 8 (civilian/team2) �� N2_riot | stress=1.00 loyalty=0.52
[Tick 57] Person 9 (leader/team3) �� P1_comply | stress=0.00 loyalty=1.00
[Tick 58] Person 0 (leader/team0) �� P4_expand | stress=1.00 loyalty=0.56
[Tick 58] Person 1 (civilian/team0) �� P4_expand | stress=1.00 loyalty=0.78
[Tick 58] Person 2 (civilian/team0) �� P4_expand | stress=1.00 loyalty=0.78
[Tick 58] Person 3 (advisor/team1) �� P1_comply | stress=0.00 loyalty=1.00
[Tick 58] Person 4 (leader/team1) �� P2_produce | stress=0.00 loyalty=0.20
[Tick 58] Person 5 (civilian/team1) �� P2_produce | stress=0.00 loyalty=0.20
[Tick 58] Person 6 (leader/team2) �� N2_riot | stress=1.00 loyalty=0.50
[Tick 58] Person 7 (civilian/team2) �� N2_riot | stress=1.00 loyalty=0.50
[Tick 58] Person 8 (civilian/team2) �� N2_riot | stress=1.00 loyalty=0.50
[Tick 58] Person 9 (leader/team3) �� P1_comply | stress=0.00 loyalty=1.00
[Tick 59] Person 0 (leader/team0) �� P4_expand | stress=1.00 loyalty=0.54
[Tick 59] Person 1 (civilian/team0) �� P4_expand | stress=1.00 loyalty=0.76
[Tick 59] Person 2 (civilian/team0) �� P4_expand | stress=1.00 loyalty=0.76
[Tick 59] Person 3 (advisor/team1) �� P1_comply | stress=0.00 loyalty=1.00
[Tick 59] Person 4 (leader/team1) �� P2_produce | stress=0.00 loyalty=0.20
[Tick 59] Person 5 (civilian/team1) �� P2_produce | stress=0.00 loyalty=0.20
[Tick 59] Person 6 (leader/team2) �� N2_riot | stress=1.00 loyalty=0.48
[Tick 59] Person 7 (civilian/team2) �� N2_riot | stress=1.00 loyalty=0.48
[Tick 59] Person 8 (civilian/team2) �� N2_riot | stress=1.00 loyalty=0.48
[Tick 59] Person 9 (leader/team3) �� P1_comply | stress=0.00 loyalty=1.00
[Tick 60] Person 0 (leader/team0) �� P4_expand | stress=1.00 loyalty=0.52
[Tick 60] Person 1 (civilian/team0) �� P4_expand | stress=1.00 loyalty=0.74
[Tick 60] Person 2 (civilian/team0) �� P4_expand | stress=1.00 loyalty=0.74
[Tick 60] Person 3 (advisor/team1) �� P1_comply | stress=0.00 loyalty=1.00
[Tick 60] Person 4 (leader/team1) �� P2_produce | stress=0.00 loyalty=0.20
[Tick 60] Person 5 (civilian/team1) �� P2_produce | stress=0.00 loyalty=0.20
[Tick 60] Person 6 (leader/team2) �� N2_riot | stress=1.00 loyalty=0.46
[Tick 60] Person 7 (civilian/team2) �� N2_riot | stress=1.00 loyalty=0.46
[Tick 60] Person 8 (civilian/team2) �� N2_riot | stress=1.00 loyalty=0.46
[Tick 60] Person 9 (leader/team3) �� P1_comply | stress=0.00 loyalty=1.00

--- Tick 60 ---
  Team0 pos=(2,0) food=0.0 pop=40 wnd=0 ct=-1 rd=1.00
  Team1 pos=(0,0) food=195.7 pop=40 wnd=0 ct=-1 rd=1.00
  Team2 pos=(2,0) food=0.0 pop=40 wnd=0 ct=-1 rd=1.00
  Team3 pos=(4,0) food=152.0 pop=8 wnd=0 ct=-1 rd=1.00
[Tick 61] Person 0 (leader/team0) �� P4_expand | stress=1.00 loyalty=0.50
[Tick 61] Person 1 (civilian/team0) �� N2_riot | stress=1.00 loyalty=0.72
[Tick 61] Person 2 (civilian/team0) �� N2_riot | stress=1.00 loyalty=0.72
[Tick 61] Person 3 (advisor/team1) �� P1_comply | stress=0.00 loyalty=1.00
[Tick 61] Person 4 (leader/team1) �� P2_produce | stress=0.00 loyalty=0.20
[Tick 61] Person 5 (civilian/team1) �� P2_produce | stress=0.00 loyalty=0.20
[Tick 61] Person 6 (leader/team2) �� N2_riot | stress=1.00 loyalty=0.44
[Tick 61] Person 7 (civilian/team2) �� N2_riot | stress=1.00 loyalty=0.44
[Tick 61] Person 8 (civilian/team2) �� N2_riot | stress=1.00 loyalty=0.44
[Tick 61] Person 9 (leader/team3) �� P1_comply | stress=0.00 loyalty=1.00
[Tick 62] Person 0 (leader/team0) �� P4_expand | stress=1.00 loyalty=0.48
[Tick 62] Person 1 (civilian/team0) �� N2_riot | stress=1.00 loyalty=0.70
[Tick 62] Person 2 (civilian/team0) �� N2_riot | stress=1.00 loyalty=0.70
[Tick 62] Person 3 (advisor/team1) �� P1_comply | stress=0.00 loyalty=1.00
[Tick 62] Person 4 (leader/team1) �� P2_produce | stress=0.00 loyalty=0.20
[Tick 62] Person 5 (civilian/team1) �� P2_produce | stress=0.00 loyalty=0.20
[Tick 62] Person 6 (leader/team2) �� N2_riot | stress=1.00 loyalty=0.42
[Tick 62] Person 7 (civilian/team2) �� N2_riot | stress=1.00 loyalty=0.42
[Tick 62] Person 8 (civilian/team2) �� N2_riot | stress=1.00 loyalty=0.42
[Tick 62] Person 9 (leader/team3) �� P1_comply | stress=0.00 loyalty=1.00
[Tick 63] Person 0 (leader/team0) �� P4_expand | stress=1.00 loyalty=0.46
[Tick 63] Person 1 (civilian/team0) �� N2_riot | stress=1.00 loyalty=0.68
[Tick 63] Person 2 (civilian/team0) �� N2_riot | stress=1.00 loyalty=0.68
[Tick 63] Person 3 (advisor/team1) �� P1_comply | stress=0.00 loyalty=1.00
[Tick 63] Person 4 (leader/team1) �� P2_produce | stress=0.00 loyalty=0.20
[Tick 63] Person 5 (civilian/team1) �� P2_produce | stress=0.00 loyalty=0.20
[Tick 63] Person 6 (leader/team2) �� N2_riot | stress=1.00 loyalty=0.40
[Tick 63] Person 7 (civilian/team2) �� N2_riot | stress=1.00 loyalty=0.40
[Tick 63] Person 8 (civilian/team2) �� N2_riot | stress=1.00 loyalty=0.40
[Tick 63] Person 9 (leader/team3) �� P1_comply | stress=0.00 loyalty=1.00
[Tick 64] Person 0 (leader/team0) �� P4_expand | stress=1.00 loyalty=0.44
[Tick 64] Person 1 (civilian/team0) �� N2_riot | stress=1.00 loyalty=0.66
[Tick 64] Person 2 (civilian/team0) �� N2_riot | stress=1.00 loyalty=0.66
[Tick 64] Person 3 (advisor/team1) �� P1_comply | stress=0.00 loyalty=1.00
[Tick 64] Person 4 (leader/team1) �� P2_produce | stress=0.00 loyalty=0.20
[Tick 64] Person 5 (civilian/team1) �� P2_produce | stress=0.00 loyalty=0.20
[Tick 64] Person 6 (leader/team2) �� N2_riot | stress=1.00 loyalty=0.38
[Tick 64] Person 7 (civilian/team2) �� N2_riot | stress=1.00 loyalty=0.38
[Tick 64] Person 8 (civilian/team2) �� N2_riot | stress=1.00 loyalty=0.38
[Tick 64] Person 9 (leader/team3) �� P1_comply | stress=0.00 loyalty=1.00
[Tick 65] Person 0 (leader/team0) �� P4_expand | stress=1.00 loyalty=0.42
[Tick 65] Person 1 (civilian/team0) �� N2_riot | stress=1.00 loyalty=0.64
[Tick 65] Person 2 (civilian/team0) �� N2_riot | stress=1.00 loyalty=0.64
[Tick 65] Person 3 (advisor/team1) �� P1_comply | stress=0.00 loyalty=1.00
[Tick 65] Person 4 (leader/team1) �� P2_produce | stress=0.00 loyalty=0.20
[Tick 65] Person 5 (civilian/team1) �� P2_produce | stress=0.00 loyalty=0.20
[Tick 65] Person 6 (leader/team2) �� N2_riot | stress=1.00 loyalty=0.36
[Tick 65] Person 7 (civilian/team2) �� N2_riot | stress=1.00 loyalty=0.36
[Tick 65] Person 8 (civilian/team2) �� N2_riot | stress=1.00 loyalty=0.36
[Tick 65] Person 9 (leader/team3) �� P1_comply | stress=0.00 loyalty=1.00
[Tick 66] Person 0 (leader/team0) �� P4_expand | stress=1.00 loyalty=0.40
[Tick 66] Person 1 (civilian/team0) �� N2_riot | stress=1.00 loyalty=0.62
[Tick 66] Person 2 (civilian/team0) �� N2_riot | stress=1.00 loyalty=0.62
[Tick 66] Person 3 (advisor/team1) �� P1_comply | stress=0.00 loyalty=1.00
[Tick 66] Person 4 (leader/team1) �� P2_produce | stress=0.00 loyalty=0.20
[Tick 66] Person 5 (civilian/team1) �� P2_produce | stress=0.00 loyalty=0.20
[Tick 66] Person 6 (leader/team2) �� N2_riot | stress=1.00 loyalty=0.34
[Tick 66] Person 7 (civilian/team2) �� N2_riot | stress=1.00 loyalty=0.34
[Tick 66] Person 8 (civilian/team2) �� N2_riot | stress=1.00 loyalty=0.34
[Tick 66] Person 9 (leader/team3) �� P1_comply | stress=0.00 loyalty=1.00
[Tick 67] Person 0 (leader/team0) �� P4_expand | stress=1.00 loyalty=0.38
[Tick 67] Person 1 (civilian/team0) �� N2_riot | stress=1.00 loyalty=0.60
[Tick 67] Person 2 (civilian/team0) �� N2_riot | stress=1.00 loyalty=0.60
[Tick 67] Person 3 (advisor/team1) �� P1_comply | stress=0.00 loyalty=1.00
[Tick 67] Person 4 (leader/team1) �� P2_produce | stress=0.00 loyalty=0.20
[Tick 67] Person 5 (civilian/team1) �� P2_produce | stress=0.00 loyalty=0.20
[Tick 67] Person 6 (leader/team2) �� N2_riot | stress=1.00 loyalty=0.32
[Tick 67] Person 7 (civilian/team2) �� N2_riot | stress=1.00 loyalty=0.32
[Tick 67] Person 8 (civilian/team2) �� N2_riot | stress=1.00 loyalty=0.32
[Tick 67] Person 9 (leader/team3) �� P1_comply | stress=0.00 loyalty=1.00
[Tick 68] Person 0 (leader/team0) �� P4_expand | stress=1.00 loyalty=0.36
[Tick 68] Person 1 (civilian/team0) �� N2_riot | stress=1.00 loyalty=0.58
[Tick 68] Person 2 (civilian/team0) �� N2_riot | stress=1.00 loyalty=0.58
[Tick 68] Person 3 (advisor/team1) �� P1_comply | stress=0.00 loyalty=1.00
[Tick 68] Person 4 (leader/team1) �� P2_produce | stress=0.00 loyalty=0.20
[Tick 68] Person 5 (civilian/team1) �� P2_produce | stress=0.00 loyalty=0.20
[Tick 68] Person 6 (leader/team2) �� N2_riot | stress=1.00 loyalty=0.30
[Tick 68] Person 7 (civilian/team2) �� N2_riot | stress=1.00 loyalty=0.30
[Tick 68] Person 8 (civilian/team2) �� N2_riot | stress=1.00 loyalty=0.30
[Tick 68] Person 9 (leader/team3) �� P1_comply | stress=0.00 loyalty=1.00
[Tick 69] Person 0 (leader/team0) �� P4_expand | stress=1.00 loyalty=0.34
[Tick 69] Person 1 (civilian/team0) �� N2_riot | stress=1.00 loyalty=0.56
[Tick 69] Person 2 (civilian/team0) �� N2_riot | stress=1.00 loyalty=0.56
[Tick 69] Person 3 (advisor/team1) �� P1_comply | stress=0.00 loyalty=1.00
[Tick 69] Person 4 (leader/team1) �� P2_produce | stress=0.00 loyalty=0.20
[Tick 69] Person 5 (civilian/team1) �� P2_produce | stress=0.00 loyalty=0.20
[Tick 69] Person 6 (leader/team2) �� N1_flee | stress=0.70 loyalty=0.28
[Tick 69] Person 7 (civilian/team2) �� N1_flee | stress=0.70 loyalty=0.28
[Tick 69] Person 8 (civilian/team2) �� N1_flee | stress=0.70 loyalty=0.28
[Tick 69] Person 9 (leader/team3) �� P1_comply | stress=0.00 loyalty=1.00
[Tick 70] Person 0 (leader/team0) �� P4_expand | stress=1.00 loyalty=0.32
[Tick 70] Person 1 (civilian/team0) �� N2_riot | stress=1.00 loyalty=0.54
[Tick 70] Person 2 (civilian/team0) �� N2_riot | stress=1.00 loyalty=0.54
[Tick 70] Person 3 (advisor/team1) �� P1_comply | stress=0.00 loyalty=1.00
[Tick 70] Person 4 (leader/team1) �� P2_produce | stress=0.00 loyalty=0.20
[Tick 70] Person 5 (civilian/team1) �� P2_produce | stress=0.00 loyalty=0.20
[Tick 70] Person 6 (leader/team2) �� N1_flee | stress=0.48 loyalty=0.26
[Tick 70] Person 7 (civilian/team2) �� N1_flee | stress=0.48 loyalty=0.26
[Tick 70] Person 8 (civilian/team2) �� N1_flee | stress=0.48 loyalty=0.26
[Tick 70] Person 9 (leader/team3) �� P1_comply | stress=0.00 loyalty=1.00
[Tick 71] Person 0 (leader/team0) �� P4_expand | stress=1.00 loyalty=0.30
[Tick 71] Person 1 (civilian/team0) �� N2_riot | stress=1.00 loyalty=0.52
[Tick 71] Person 2 (civilian/team0) �� N2_riot | stress=1.00 loyalty=0.52
[Tick 71] Person 3 (advisor/team1) �� P1_comply | stress=0.00 loyalty=1.00
[Tick 71] Person 4 (leader/team1) �� P2_produce | stress=0.00 loyalty=0.20
[Tick 71] Person 5 (civilian/team1) �� P2_produce | stress=0.00 loyalty=0.20
[Tick 71] Person 6 (leader/team2) �� N1_flee | stress=0.27 loyalty=0.24
[Tick 71] Person 7 (civilian/team2) �� N1_flee | stress=0.27 loyalty=0.24
[Tick 71] Person 8 (civilian/team2) �� N1_flee | stress=0.27 loyalty=0.24
[Tick 71] Person 9 (leader/team3) �� P1_comply | stress=0.00 loyalty=1.00
[Tick 72] Person 0 (leader/team0) �� P4_expand | stress=1.00 loyalty=0.28
[Tick 72] Person 1 (civilian/team0) �� N2_riot | stress=1.00 loyalty=0.50
[Tick 72] Person 2 (civilian/team0) �� N2_riot | stress=1.00 loyalty=0.50
[Tick 72] Person 3 (advisor/team1) �� P1_comply | stress=0.00 loyalty=1.00
[Tick 72] Person 4 (leader/team1) �� P2_produce | stress=0.00 loyalty=0.20
[Tick 72] Person 5 (civilian/team1) �� P2_produce | stress=0.00 loyalty=0.20
[Tick 72] Person 6 (leader/team2) �� P4_expand | stress=0.35 loyalty=0.22
[Tick 72] Person 7 (civilian/team2) �� P4_expand | stress=0.35 loyalty=0.22
[Tick 72] Person 8 (civilian/team2) �� P4_expand | stress=0.35 loyalty=0.22
[Tick 72] Person 9 (leader/team3) �� P1_comply | stress=0.00 loyalty=1.00
[Tick 73] Person 0 (leader/team0) �� P4_expand | stress=1.00 loyalty=0.26
[Tick 73] Person 1 (civilian/team0) �� N2_riot | stress=1.00 loyalty=0.48
[Tick 73] Person 2 (civilian/team0) �� N2_riot | stress=1.00 loyalty=0.48
[Tick 73] Person 3 (advisor/team1) �� P1_comply | stress=0.00 loyalty=1.00
[Tick 73] Person 4 (leader/team1) �� P2_produce | stress=0.00 loyalty=0.20
[Tick 73] Person 5 (civilian/team1) �� P2_produce | stress=0.00 loyalty=0.20
[Tick 73] Person 6 (leader/team2) �� P4_expand | stress=0.43 loyalty=0.20
[Tick 73] Person 7 (civilian/team2) �� P4_expand | stress=0.43 loyalty=0.20
[Tick 73] Person 8 (civilian/team2) �� P4_expand | stress=0.43 loyalty=0.20
[Tick 73] Person 9 (leader/team3) �� P1_comply | stress=0.00 loyalty=1.00
[Tick 74] Person 0 (leader/team0) �� P4_expand | stress=1.00 loyalty=0.24
[Tick 74] Person 1 (civilian/team0) �� N2_riot | stress=1.00 loyalty=0.46
[Tick 74] Person 2 (civilian/team0) �� N2_riot | stress=1.00 loyalty=0.46
[Tick 74] Person 3 (advisor/team1) �� P1_comply | stress=0.00 loyalty=1.00
[Tick 74] Person 4 (leader/team1) �� P2_produce | stress=0.00 loyalty=0.20
[Tick 74] Person 5 (civilian/team1) �� P2_produce | stress=0.00 loyalty=0.20
[Tick 74] Person 6 (leader/team2) �� P4_expand | stress=0.51 loyalty=0.18
[Tick 74] Person 7 (civilian/team2) �� P4_expand | stress=0.51 loyalty=0.18
[Tick 74] Person 8 (civilian/team2) �� P4_expand | stress=0.51 loyalty=0.18
[Tick 74] Person 9 (leader/team3) �� P1_comply | stress=0.00 loyalty=1.00
[Tick 75] Person 0 (leader/team0) �� P4_expand | stress=1.00 loyalty=0.22
[Tick 75] Person 1 (civilian/team0) �� N2_riot | stress=1.00 loyalty=0.44
[Tick 75] Person 2 (civilian/team0) �� N2_riot | stress=1.00 loyalty=0.44
[Tick 75] Person 3 (advisor/team1) �� P1_comply | stress=0.00 loyalty=1.00
[Tick 75] Person 4 (leader/team1) �� P2_produce | stress=0.00 loyalty=0.20
[Tick 75] Person 5 (civilian/team1) �� P2_produce | stress=0.00 loyalty=0.20
[Tick 75] Person 6 (leader/team2) �� N1_flee | stress=0.30 loyalty=0.16
[Tick 75] Person 7 (civilian/team2) �� N1_flee | stress=0.30 loyalty=0.16
[Tick 75] Person 8 (civilian/team2) �� N1_flee | stress=0.30 loyalty=0.16
[Tick 75] Person 9 (leader/team3) �� P1_comply | stress=0.00 loyalty=1.00
[Tick 76] Person 0 (leader/team0) �� P4_expand | stress=1.00 loyalty=0.20
[Tick 76] Person 1 (civilian/team0) �� N2_riot | stress=1.00 loyalty=0.42
[Tick 76] Person 2 (civilian/team0) �� N2_riot | stress=1.00 loyalty=0.42
[Tick 76] Person 3 (advisor/team1) �� P1_comply | stress=0.00 loyalty=1.00
[Tick 76] Person 4 (leader/team1) �� P2_produce | stress=0.00 loyalty=0.20
[Tick 76] Person 5 (civilian/team1) �� P2_produce | stress=0.00 loyalty=0.20
[Tick 76] Person 6 (leader/team2) �� P4_expand | stress=0.38 loyalty=0.14
[Tick 76] Person 7 (civilian/team2) �� P4_expand | stress=0.38 loyalty=0.14
[Tick 76] Person 8 (civilian/team2) �� P4_expand | stress=0.38 loyalty=0.14
[Tick 76] Person 9 (leader/team3) �� P1_comply | stress=0.00 loyalty=1.00
[Tick 77] Person 0 (leader/team0) �� P4_expand | stress=1.00 loyalty=0.18
[Tick 77] Person 1 (civilian/team0) �� N2_riot | stress=1.00 loyalty=0.40
[Tick 77] Person 2 (civilian/team0) �� N2_riot | stress=1.00 loyalty=0.40
[Tick 77] Person 3 (advisor/team1) �� P1_comply | stress=0.00 loyalty=1.00
[Tick 77] Person 4 (leader/team1) �� P2_produce | stress=0.00 loyalty=0.20
[Tick 77] Person 5 (civilian/team1) �� P2_produce | stress=0.00 loyalty=0.20
[Tick 77] Person 6 (leader/team2) �� P4_expand | stress=0.46 loyalty=0.12
[Tick 77] Person 7 (civilian/team2) �� P4_expand | stress=0.46 loyalty=0.12
[Tick 77] Person 8 (civilian/team2) �� P4_expand | stress=0.46 loyalty=0.12
[Tick 77] Person 9 (leader/team3) �� P1_comply | stress=0.00 loyalty=1.00
[Tick 78] Person 0 (leader/team0) �� P4_expand | stress=1.00 loyalty=0.16
[Tick 78] Person 1 (civilian/team0) �� N2_riot | stress=1.00 loyalty=0.38
[Tick 78] Person 2 (civilian/team0) �� N2_riot | stress=1.00 loyalty=0.38
[Tick 78] Person 3 (advisor/team1) �� P1_comply | stress=0.00 loyalty=1.00
[Tick 78] Person 4 (leader/team1) �� P2_produce | stress=0.00 loyalty=0.20
[Tick 78] Person 5 (civilian/team1) �� P2_produce | stress=0.00 loyalty=0.20
[Tick 78] Person 6 (leader/team2) �� N1_flee | stress=0.24 loyalty=0.10
[Tick 78] Person 7 (civilian/team2) �� N1_flee | stress=0.24 loyalty=0.10
[Tick 78] Person 8 (civilian/team2) �� N1_flee | stress=0.24 loyalty=0.10
[Tick 78] Person 9 (leader/team3) �� P1_comply | stress=0.00 loyalty=1.00
[Tick 79] Person 0 (leader/team0) �� P4_expand | stress=1.00 loyalty=0.14
[Tick 79] Person 1 (civilian/team0) �� N2_riot | stress=1.00 loyalty=0.36
[Tick 79] Person 2 (civilian/team0) �� N2_riot | stress=1.00 loyalty=0.36
[Tick 79] Person 3 (advisor/team1) �� P1_comply | stress=0.00 loyalty=1.00
[Tick 79] Person 4 (leader/team1) �� P2_produce | stress=0.00 loyalty=0.20
[Tick 79] Person 5 (civilian/team1) �� P2_produce | stress=0.00 loyalty=0.20
[Tick 79] Person 6 (leader/team2) �� P4_expand | stress=0.32 loyalty=0.08
[Tick 79] Person 7 (civilian/team2) �� P4_expand | stress=0.32 loyalty=0.08
[Tick 79] Person 8 (civilian/team2) �� P4_expand | stress=0.32 loyalty=0.08
[Tick 79] Person 9 (leader/team3) �� P1_comply | stress=0.00 loyalty=1.00
[Tick 80] Person 0 (leader/team0) �� P4_expand | stress=1.00 loyalty=0.12
[Tick 80] Person 1 (civilian/team0) �� N2_riot | stress=1.00 loyalty=0.34
[Tick 80] Person 2 (civilian/team0) �� N2_riot | stress=1.00 loyalty=0.34
[Tick 80] Person 3 (advisor/team1) �� P1_comply | stress=0.00 loyalty=1.00
[Tick 80] Person 4 (leader/team1) �� P2_produce | stress=0.00 loyalty=0.20
[Tick 80] Person 5 (civilian/team1) �� P2_produce | stress=0.00 loyalty=0.20
[Tick 80] Person 6 (leader/team2) �� P4_expand | stress=0.39 loyalty=0.06
[Tick 80] Person 7 (civilian/team2) �� P4_expand | stress=0.39 loyalty=0.06
[Tick 80] Person 8 (civilian/team2) �� P4_expand | stress=0.39 loyalty=0.06
[Tick 80] Person 9 (leader/team3) �� P1_comply | stress=0.00 loyalty=1.00

--- Tick 80 ---
  Team0 pos=(3,0) food=0.0 pop=40 wnd=0 ct=-1 rd=1.00
  Team1 pos=(0,0) food=225.2 pop=40 wnd=0 ct=-1 rd=1.00
  Team2 pos=(2,0) food=0.0 pop=25 wnd=0 ct=-1 rd=1.00
  Team3 pos=(4,0) food=136.0 pop=8 wnd=0 ct=-1 rd=1.00
[Tick 81] Person 0 (leader/team0) �� P4_expand | stress=1.00 loyalty=0.10
[Tick 81] Person 1 (civilian/team0) �� N2_riot | stress=1.00 loyalty=0.32
[Tick 81] Person 2 (civilian/team0) �� N2_riot | stress=1.00 loyalty=0.32
[Tick 81] Person 3 (advisor/team1) �� P1_comply | stress=0.00 loyalty=1.00
[Tick 81] Person 4 (leader/team1) �� P2_produce | stress=0.00 loyalty=0.20
[Tick 81] Person 5 (civilian/team1) �� P2_produce | stress=0.00 loyalty=0.20
[Tick 81] Person 6 (leader/team2) �� N1_flee | stress=0.17 loyalty=0.04
[Tick 81] Person 7 (civilian/team2) �� N1_flee | stress=0.17 loyalty=0.04
[Tick 81] Person 8 (civilian/team2) �� N1_flee | stress=0.17 loyalty=0.04
[Tick 81] Person 9 (leader/team3) �� P1_comply | stress=0.00 loyalty=1.00
[Tick 82] Person 0 (leader/team0) �� P4_expand | stress=1.00 loyalty=0.08
[Tick 82] Person 1 (civilian/team0) �� N2_riot | stress=1.00 loyalty=0.30
[Tick 82] Person 2 (civilian/team0) �� N2_riot | stress=1.00 loyalty=0.30
[Tick 82] Person 3 (advisor/team1) �� P1_comply | stress=0.00 loyalty=1.00
[Tick 82] Person 4 (leader/team1) �� P2_produce | stress=0.00 loyalty=0.20
[Tick 82] Person 5 (civilian/team1) �� P2_produce | stress=0.00 loyalty=0.20
[Tick 82] Person 6 (leader/team2) �� P4_expand | stress=0.25 loyalty=0.02
[Tick 82] Person 7 (civilian/team2) �� P4_expand | stress=0.25 loyalty=0.02
[Tick 82] Person 8 (civilian/team2) �� P4_expand | stress=0.25 loyalty=0.02
[Tick 82] Person 9 (leader/team3) �� P1_comply | stress=0.00 loyalty=1.00
[Tick 83] Person 0 (leader/team0) �� P4_expand | stress=1.00 loyalty=0.06
[Tick 83] Person 1 (civilian/team0) �� N1_flee | stress=0.70 loyalty=0.28
[Tick 83] Person 2 (civilian/team0) �� N1_flee | stress=0.70 loyalty=0.28
[Tick 83] Person 3 (advisor/team1) �� P1_comply | stress=0.00 loyalty=1.00
[Tick 83] Person 4 (leader/team1) �� P2_produce | stress=0.00 loyalty=0.20
[Tick 83] Person 5 (civilian/team1) �� P2_produce | stress=0.00 loyalty=0.20
[Tick 83] Person 6 (leader/team2) �� P4_expand | stress=0.32 loyalty=0.00
[Tick 83] Person 7 (civilian/team2) �� P4_expand | stress=0.32 loyalty=0.00
[Tick 83] Person 8 (civilian/team2) �� P4_expand | stress=0.32 loyalty=0.00
[Tick 83] Person 9 (leader/team3) �� P1_comply | stress=0.00 loyalty=1.00
[Tick 84] Person 0 (leader/team0) �� N1_flee | stress=0.70 loyalty=0.04
[Tick 84] Person 1 (civilian/team0) �� N1_flee | stress=0.50 loyalty=0.26
[Tick 84] Person 2 (civilian/team0) �� N1_flee | stress=0.50 loyalty=0.26
[Tick 84] Person 3 (advisor/team1) �� P1_comply | stress=0.00 loyalty=1.00
[Tick 84] Person 4 (leader/team1) �� P2_produce | stress=0.00 loyalty=0.20
[Tick 84] Person 5 (civilian/team1) �� P2_produce | stress=0.00 loyalty=0.20
[Tick 84] Person 6 (leader/team2) �� P4_expand | stress=0.40 loyalty=0.00
[Tick 84] Person 7 (civilian/team2) �� P4_expand | stress=0.40 loyalty=0.00
[Tick 84] Person 8 (civilian/team2) �� P4_expand | stress=0.40 loyalty=0.00
[Tick 84] Person 9 (leader/team3) �� P1_comply | stress=0.00 loyalty=1.00
[Move] Team 0 ��F (4,0)
[Tribute] Team0 �x�� Team3 rate=0.02
[Tick 85] Person 0 (leader/team0) �� P4_expand | stress=0.65 loyalty=0.04
[Tick 85] Person 1 (civilian/team0) �� P4_expand | stress=0.45 loyalty=0.26
[Tick 85] Person 2 (civilian/team0) �� P4_expand | stress=0.45 loyalty=0.26
[Tick 85] Person 3 (advisor/team1) �� P1_comply | stress=0.00 loyalty=1.00
[Tick 85] Person 4 (leader/team1) �� P2_produce | stress=0.00 loyalty=0.20
[Tick 85] Person 5 (civilian/team1) �� P2_produce | stress=0.00 loyalty=0.20
[Tick 85] Person 6 (leader/team2) �� N1_flee | stress=0.17 loyalty=0.00
[Tick 85] Person 7 (civilian/team2) �� N1_flee | stress=0.17 loyalty=0.00
[Tick 85] Person 8 (civilian/team2) �� N1_flee | stress=0.17 loyalty=0.00
[Tick 85] Person 9 (leader/team3) �� P1_comply | stress=0.00 loyalty=1.00
[Tick 86] Person 0 (leader/team0) �� P4_expand | stress=0.75 loyalty=0.02
[Tick 86] Person 1 (civilian/team0) �� P4_expand | stress=0.55 loyalty=0.24
[Tick 86] Person 2 (civilian/team0) �� P4_expand | stress=0.55 loyalty=0.24
[Tick 86] Person 3 (advisor/team1) �� P1_comply | stress=0.00 loyalty=1.00
[Tick 86] Person 4 (leader/team1) �� P2_produce | stress=0.00 loyalty=0.20
[Tick 86] Person 5 (civilian/team1) �� P2_produce | stress=0.00 loyalty=0.20
[Tick 86] Person 6 (leader/team2) �� P4_expand | stress=0.24 loyalty=0.00
[Tick 86] Person 7 (civilian/team2) �� P4_expand | stress=0.24 loyalty=0.00
[Tick 86] Person 8 (civilian/team2) �� P4_expand | stress=0.24 loyalty=0.00
[Tick 86] Person 9 (leader/team3) �� P1_comply | stress=0.00 loyalty=1.00
[Tick 87] Person 0 (leader/team0) �� P4_expand | stress=0.85 loyalty=0.00
[Tick 87] Person 1 (civilian/team0) �� N1_flee | stress=0.35 loyalty=0.22
[Tick 87] Person 2 (civilian/team0) �� N1_flee | stress=0.35 loyalty=0.22
[Tick 87] Person 3 (advisor/team1) �� P1_comply | stress=0.00 loyalty=1.00
[Tick 87] Person 4 (leader/team1) �� P2_produce | stress=0.00 loyalty=0.20
[Tick 87] Person 5 (civilian/team1) �� P2_produce | stress=0.00 loyalty=0.20
[Tick 87] Person 6 (leader/team2) �� P4_expand | stress=0.31 loyalty=0.00
[Tick 87] Person 7 (civilian/team2) �� P4_expand | stress=0.31 loyalty=0.00
[Tick 87] Person 8 (civilian/team2) �� P4_expand | stress=0.31 loyalty=0.00
[Tick 87] Person 9 (leader/team3) �� P1_comply | stress=0.00 loyalty=1.00
[Tick 88] Person 0 (leader/team0) �� P4_expand | stress=0.95 loyalty=0.00
[Tick 88] Person 1 (civilian/team0) �� P4_expand | stress=0.45 loyalty=0.20
[Tick 88] Person 2 (civilian/team0) �� P4_expand | stress=0.45 loyalty=0.20
[Tick 88] Person 3 (advisor/team1) �� P1_comply | stress=0.00 loyalty=1.00
[Tick 88] Person 4 (leader/team1) �� P2_produce | stress=0.00 loyalty=0.20
[Tick 88] Person 5 (civilian/team1) �� P2_produce | stress=0.00 loyalty=0.20
[Tick 88] Person 6 (leader/team2) �� P4_expand | stress=0.39 loyalty=0.00
[Tick 88] Person 7 (civilian/team2) �� P4_expand | stress=0.39 loyalty=0.00
[Tick 88] Person 8 (civilian/team2) �� P4_expand | stress=0.39 loyalty=0.00
[Tick 88] Person 9 (leader/team3) �� P1_comply | stress=0.00 loyalty=1.00
[Tick 89] Person 0 (leader/team0) �� N1_flee | stress=0.70 loyalty=0.00
[Tick 89] Person 1 (civilian/team0) �� N1_flee | stress=0.25 loyalty=0.18
[Tick 89] Person 2 (civilian/team0) �� N1_flee | stress=0.25 loyalty=0.18
[Tick 89] Person 3 (advisor/team1) �� P1_comply | stress=0.00 loyalty=1.00
[Tick 89] Person 4 (leader/team1) �� P2_produce | stress=0.00 loyalty=0.20
[Tick 89] Person 5 (civilian/team1) �� P2_produce | stress=0.00 loyalty=0.20
[Tick 89] Person 6 (leader/team2) �� N1_flee | stress=0.16 loyalty=0.00
[Tick 89] Person 7 (civilian/team2) �� N1_flee | stress=0.16 loyalty=0.00
[Tick 89] Person 8 (civilian/team2) �� N1_flee | stress=0.16 loyalty=0.00
[Tick 89] Person 9 (leader/team3) �� P1_comply | stress=0.00 loyalty=1.00
[Tick 90] Person 0 (leader/team0) �� P4_expand | stress=0.80 loyalty=0.00
[Tick 90] Person 1 (civilian/team0) �� P4_expand | stress=0.35 loyalty=0.16
[Tick 90] Person 2 (civilian/team0) �� P4_expand | stress=0.35 loyalty=0.16
[Tick 90] Person 3 (advisor/team1) �� P1_comply | stress=0.00 loyalty=1.00
[Tick 90] Person 4 (leader/team1) �� P2_produce | stress=0.00 loyalty=0.20
[Tick 90] Person 5 (civilian/team1) �� P2_produce | stress=0.00 loyalty=0.20
[Tick 90] Person 6 (leader/team2) �� P4_expand | stress=0.22 loyalty=0.00
[Tick 90] Person 7 (civilian/team2) �� P4_expand | stress=0.22 loyalty=0.00
[Tick 90] Person 8 (civilian/team2) �� P4_expand | stress=0.22 loyalty=0.00
[Tick 90] Person 9 (leader/team3) �� P1_comply | stress=0.00 loyalty=1.00
[Tick 91] Person 0 (leader/team0) �� P4_expand | stress=0.90 loyalty=0.00
[Tick 91] Person 1 (civilian/team0) �� P4_expand | stress=0.45 loyalty=0.14
[Tick 91] Person 2 (civilian/team0) �� P4_expand | stress=0.45 loyalty=0.14
[Tick 91] Person 3 (advisor/team1) �� P1_comply | stress=0.00 loyalty=1.00
[Tick 91] Person 4 (leader/team1) �� P2_produce | stress=0.00 loyalty=0.20
[Tick 91] Person 5 (civilian/team1) �� P2_produce | stress=0.00 loyalty=0.20
[Tick 91] Person 6 (leader/team2) �� P4_expand | stress=0.29 loyalty=0.00
[Tick 91] Person 7 (civilian/team2) �� P4_expand | stress=0.29 loyalty=0.00
[Tick 91] Person 8 (civilian/team2) �� P4_expand | stress=0.29 loyalty=0.00
[Tick 91] Person 9 (leader/team3) �� P1_comply | stress=0.00 loyalty=1.00
[Tick 92] Person 0 (leader/team0) �� N1_flee | stress=0.70 loyalty=0.00
[Tick 92] Person 1 (civilian/team0) �� N1_flee | stress=0.25 loyalty=0.12
[Tick 92] Person 2 (civilian/team0) �� N1_flee | stress=0.25 loyalty=0.12
[Tick 92] Person 3 (advisor/team1) �� P1_comply | stress=0.00 loyalty=1.00
[Tick 92] Person 4 (leader/team1) �� P2_produce | stress=0.00 loyalty=0.20
[Tick 92] Person 5 (civilian/team1) �� P2_produce | stress=0.00 loyalty=0.20
[Tick 92] Person 6 (leader/team2) �� P4_expand | stress=0.36 loyalty=0.00
[Tick 92] Person 7 (civilian/team2) �� P4_expand | stress=0.36 loyalty=0.00
[Tick 92] Person 8 (civilian/team2) �� P4_expand | stress=0.36 loyalty=0.00
[Tick 92] Person 9 (leader/team3) �� P1_comply | stress=0.00 loyalty=1.00
[Tick 93] Person 0 (leader/team0) �� P4_expand | stress=0.80 loyalty=0.00
[Tick 93] Person 1 (civilian/team0) �� P4_expand | stress=0.35 loyalty=0.10
[Tick 93] Person 2 (civilian/team0) �� P4_expand | stress=0.35 loyalty=0.10
[Tick 93] Person 3 (advisor/team1) �� P1_comply | stress=0.00 loyalty=1.00
[Tick 93] Person 4 (leader/team1) �� P2_produce | stress=0.00 loyalty=0.20
[Tick 93] Person 5 (civilian/team1) �� P2_produce | stress=0.00 loyalty=0.20
[Tick 93] Person 6 (leader/team2) �� P4_expand | stress=0.42 loyalty=0.00
[Tick 93] Person 7 (civilian/team2) �� P4_expand | stress=0.42 loyalty=0.00
[Tick 93] Person 8 (civilian/team2) �� P4_expand | stress=0.42 loyalty=0.00
[Tick 93] Person 9 (leader/team3) �� P1_comply | stress=0.00 loyalty=1.00
[Tick 94] Person 0 (leader/team0) �� P4_expand | stress=0.90 loyalty=0.00
[Tick 94] Person 1 (civilian/team0) �� P4_expand | stress=0.45 loyalty=0.08
[Tick 94] Person 2 (civilian/team0) �� P4_expand | stress=0.45 loyalty=0.08
[Tick 94] Person 3 (advisor/team1) �� P1_comply | stress=0.00 loyalty=1.00
[Tick 94] Person 4 (leader/team1) �� P2_produce | stress=0.00 loyalty=0.20
[Tick 94] Person 5 (civilian/team1) �� P2_produce | stress=0.00 loyalty=0.20
[Tick 94] Person 6 (leader/team2) �� N1_flee | stress=0.19 loyalty=0.00
[Tick 94] Person 7 (civilian/team2) �� N1_flee | stress=0.19 loyalty=0.00
[Tick 94] Person 8 (civilian/team2) �� N1_flee | stress=0.19 loyalty=0.00
[Tick 94] Person 9 (leader/team3) �� P1_comply | stress=0.00 loyalty=1.00
[Tick 95] Person 0 (leader/team0) �� N1_flee | stress=0.70 loyalty=0.00
[Tick 95] Person 1 (civilian/team0) �� N1_flee | stress=0.25 loyalty=0.06
[Tick 95] Person 2 (civilian/team0) �� N1_flee | stress=0.25 loyalty=0.06
[Tick 95] Person 3 (advisor/team1) �� P1_comply | stress=0.00 loyalty=1.00
[Tick 95] Person 4 (leader/team1) �� P2_produce | stress=0.00 loyalty=0.20
[Tick 95] Person 5 (civilian/team1) �� P2_produce | stress=0.00 loyalty=0.20
[Tick 95] Person 6 (leader/team2) �� P4_expand | stress=0.25 loyalty=0.00
[Tick 95] Person 7 (civilian/team2) �� P4_expand | stress=0.25 loyalty=0.00
[Tick 95] Person 8 (civilian/team2) �� P4_expand | stress=0.25 loyalty=0.00
[Tick 95] Person 9 (leader/team3) �� P1_comply | stress=0.00 loyalty=1.00
[Tick 96] Person 0 (leader/team0) �� P4_expand | stress=0.80 loyalty=0.00
[Tick 96] Person 1 (civilian/team0) �� P4_expand | stress=0.35 loyalty=0.04
[Tick 96] Person 2 (civilian/team0) �� P4_expand | stress=0.35 loyalty=0.04
[Tick 96] Person 3 (advisor/team1) �� P1_comply | stress=0.00 loyalty=1.00
[Tick 96] Person 4 (leader/team1) �� P2_produce | stress=0.00 loyalty=0.20
[Tick 96] Person 5 (civilian/team1) �� P2_produce | stress=0.00 loyalty=0.20
[Tick 96] Person 6 (leader/team2) �� P4_expand | stress=0.31 loyalty=0.00
[Tick 96] Person 7 (civilian/team2) �� P4_expand | stress=0.31 loyalty=0.00
[Tick 96] Person 8 (civilian/team2) �� P4_expand | stress=0.31 loyalty=0.00
[Tick 96] Person 9 (leader/team3) �� P1_comply | stress=0.00 loyalty=1.00
[Tick 97] Person 0 (leader/team0) �� P4_expand | stress=0.90 loyalty=0.00
[Tick 97] Person 1 (civilian/team0) �� P4_expand | stress=0.45 loyalty=0.02
[Tick 97] Person 2 (civilian/team0) �� P4_expand | stress=0.45 loyalty=0.02
[Tick 97] Person 3 (advisor/team1) �� P1_comply | stress=0.00 loyalty=1.00
[Tick 97] Person 4 (leader/team1) �� P2_produce | stress=0.00 loyalty=0.20
[Tick 97] Person 5 (civilian/team1) �� P2_produce | stress=0.00 loyalty=0.20
[Tick 97] Person 6 (leader/team2) �� P4_expand | stress=0.37 loyalty=0.00
[Tick 97] Person 7 (civilian/team2) �� P4_expand | stress=0.37 loyalty=0.00
[Tick 97] Person 8 (civilian/team2) �� P4_expand | stress=0.37 loyalty=0.00
[Tick 97] Person 9 (leader/team3) �� P1_comply | stress=0.00 loyalty=1.00
[Tick 98] Person 0 (leader/team0) �� N1_flee | stress=0.70 loyalty=0.00
[Tick 98] Person 1 (civilian/team0) �� N1_flee | stress=0.25 loyalty=0.00
[Tick 98] Person 2 (civilian/team0) �� N1_flee | stress=0.25 loyalty=0.00
[Tick 98] Person 3 (advisor/team1) �� P1_comply | stress=0.00 loyalty=1.00
[Tick 98] Person 4 (leader/team1) �� P2_produce | stress=0.00 loyalty=0.20
[Tick 98] Person 5 (civilian/team1) �� P2_produce | stress=0.00 loyalty=0.20
[Tick 98] Person 6 (leader/team2) �� P4_expand | stress=0.42 loyalty=0.00
[Tick 98] Person 7 (civilian/team2) �� P4_expand | stress=0.42 loyalty=0.00
[Tick 98] Person 8 (civilian/team2) �� P4_expand | stress=0.42 loyalty=0.00
[Tick 98] Person 9 (leader/team3) �� P1_comply | stress=0.00 loyalty=1.00
[Tick 99] Person 0 (leader/team0) �� P4_expand | stress=0.80 loyalty=0.00
[Tick 99] Person 1 (civilian/team0) �� P4_expand | stress=0.35 loyalty=0.00
[Tick 99] Person 2 (civilian/team0) �� P4_expand | stress=0.35 loyalty=0.00
[Tick 99] Person 3 (advisor/team1) �� P1_comply | stress=0.00 loyalty=1.00
[Tick 99] Person 4 (leader/team1) �� P2_produce | stress=0.00 loyalty=0.20
[Tick 99] Person 5 (civilian/team1) �� P2_produce | stress=0.00 loyalty=0.20
[Tick 99] Person 6 (leader/team2) �� N1_flee | stress=0.18 loyalty=0.00
[Tick 99] Person 7 (civilian/team2) �� N1_flee | stress=0.18 loyalty=0.00
[Tick 99] Person 8 (civilian/team2) �� N1_flee | stress=0.18 loyalty=0.00
[Tick 99] Person 9 (leader/team3) �� P1_comply | stress=0.00 loyalty=1.00
[Move] Team 0 ��F (4,0)
[Tick 100] Person 0 (leader/team0) �� P4_expand | stress=0.90 loyalty=0.00
[Tick 100] Person 1 (civilian/team0) �� N1_flee | stress=0.15 loyalty=0.00
[Tick 100] Person 2 (civilian/team0) �� N1_flee | stress=0.15 loyalty=0.00
[Tick 100] Person 3 (advisor/team1) �� P1_comply | stress=0.00 loyalty=1.00
[Tick 100] Person 4 (leader/team1) �� P2_produce | stress=0.00 loyalty=0.20
[Tick 100] Person 5 (civilian/team1) �� P2_produce | stress=0.00 loyalty=0.20
[Tick 100] Person 6 (leader/team2) �� P4_expand | stress=0.23 loyalty=0.00
[Tick 100] Person 7 (civilian/team2) �� P4_expand | stress=0.23 loyalty=0.00
[Tick 100] Person 8 (civilian/team2) �� P4_expand | stress=0.23 loyalty=0.00
[Tick 100] Person 9 (leader/team3) �� P1_comply | stress=0.00 loyalty=1.00

--- Tick 100 ---
  Team0 pos=(4,0) food=0.0 pop=19 wnd=0 ct=-1 rd=1.00
  Team1 pos=(0,0) food=254.7 pop=40 wnd=0 ct=-1 rd=1.00
  Team2 pos=(2,0) food=0.0 pop=10 wnd=0 ct=-1 rd=1.00
  Team3 pos=(4,0) food=117.3 pop=8 wnd=0 ct=-1 rd=1.00
[Tick 101] Person 0 (leader/team0) �� N1_flee | stress=0.70 loyalty=0.00
[Tick 101] Person 1 (civilian/team0) �� P4_expand | stress=0.25 loyalty=0.00
[Tick 101] Person 2 (civilian/team0) �� P4_expand | stress=0.25 loyalty=0.00
[Tick 101] Person 3 (advisor/team1) �� P1_comply | stress=0.00 loyalty=1.00
[Tick 101] Person 4 (leader/team1) �� P2_produce | stress=0.00 loyalty=0.20
[Tick 101] Person 5 (civilian/team1) �� P2_produce | stress=0.00 loyalty=0.20
[Tick 101] Person 6 (leader/team2) �� P4_expand | stress=0.28 loyalty=0.00
[Tick 101] Person 7 (civilian/team2) �� P4_expand | stress=0.28 loyalty=0.00
[Tick 101] Person 8 (civilian/team2) �� P4_expand | stress=0.28 loyalty=0.00
[Tick 101] Person 9 (leader/team3) �� P1_comply | stress=0.00 loyalty=1.00
[Tick 102] Person 0 (leader/team0) �� P4_expand | stress=0.80 loyalty=0.00
[Tick 102] Person 1 (civilian/team0) �� P4_expand | stress=0.35 loyalty=0.00
[Tick 102] Person 2 (civilian/team0) �� P4_expand | stress=0.35 loyalty=0.00
[Tick 102] Person 3 (advisor/team1) �� P1_comply | stress=0.00 loyalty=1.00
[Tick 102] Person 4 (leader/team1) �� P2_produce | stress=0.00 loyalty=0.20
[Tick 102] Person 5 (civilian/team1) �� P2_produce | stress=0.00 loyalty=0.20
[Tick 102] Person 6 (leader/team2) �� P4_expand | stress=0.33 loyalty=0.00
[Tick 102] Person 7 (civilian/team2) �� P4_expand | stress=0.33 loyalty=0.00
[Tick 102] Person 8 (civilian/team2) �� P4_expand | stress=0.33 loyalty=0.00
[Tick 102] Person 9 (leader/team3) �� P1_comply | stress=0.00 loyalty=1.00
[Tick 103] Person 0 (leader/team0) �� P4_expand | stress=0.90 loyalty=0.00
[Tick 103] Person 1 (civilian/team0) �� N1_flee | stress=0.15 loyalty=0.00
[Tick 103] Person 2 (civilian/team0) �� N1_flee | stress=0.15 loyalty=0.00
[Tick 103] Person 3 (advisor/team1) �� P1_comply | stress=0.00 loyalty=1.00
[Tick 103] Person 4 (leader/team1) �� P2_produce | stress=0.00 loyalty=0.20
[Tick 103] Person 5 (civilian/team1) �� P2_produce | stress=0.00 loyalty=0.20
[Tick 103] Person 6 (leader/team2) �� P4_expand | stress=0.37 loyalty=0.00
[Tick 103] Person 7 (civilian/team2) �� P4_expand | stress=0.37 loyalty=0.00
[Tick 103] Person 8 (civilian/team2) �� P4_expand | stress=0.37 loyalty=0.00
[Tick 103] Person 9 (leader/team3) �� P1_comply | stress=0.00 loyalty=1.00
[Tick 104] Person 0 (leader/team0) �� N1_flee | stress=0.70 loyalty=0.00
[Tick 104] Person 1 (civilian/team0) �� P4_expand | stress=0.25 loyalty=0.00
[Tick 104] Person 2 (civilian/team0) �� P4_expand | stress=0.25 loyalty=0.00
[Tick 104] Person 3 (advisor/team1) �� P1_comply | stress=0.00 loyalty=1.00
[Tick 104] Person 4 (leader/team1) �� P2_produce | stress=0.00 loyalty=0.20
[Tick 104] Person 5 (civilian/team1) �� P2_produce | stress=0.00 loyalty=0.20
[Tick 104] Person 6 (leader/team2) �� P4_expand | stress=0.42 loyalty=0.00
[Tick 104] Person 7 (civilian/team2) �� P4_expand | stress=0.42 loyalty=0.00
[Tick 104] Person 8 (civilian/team2) �� P4_expand | stress=0.42 loyalty=0.00
[Tick 104] Person 9 (leader/team3) �� P1_comply | stress=0.00 loyalty=1.00
[Tick 105] Person 0 (leader/team0) �� P4_expand | stress=0.80 loyalty=0.00
[Tick 105] Person 1 (civilian/team0) �� P4_expand | stress=0.35 loyalty=0.00
[Tick 105] Person 2 (civilian/team0) �� P4_expand | stress=0.35 loyalty=0.00
[Tick 105] Person 3 (advisor/team1) �� P1_comply | stress=0.00 loyalty=1.00
[Tick 105] Person 4 (leader/team1) �� P2_produce | stress=0.00 loyalty=0.20
[Tick 105] Person 5 (civilian/team1) �� P2_produce | stress=0.00 loyalty=0.20
[Tick 105] Person 6 (leader/team2) �� N1_flee | stress=0.17 loyalty=0.00
[Tick 105] Person 7 (civilian/team2) �� N1_flee | stress=0.17 loyalty=0.00
[Tick 105] Person 8 (civilian/team2) �� N1_flee | stress=0.17 loyalty=0.00
[Tick 105] Person 9 (leader/team3) �� P1_comply | stress=0.00 loyalty=1.00
[Tick 106] Person 0 (leader/team0) �� P4_expand | stress=0.90 loyalty=0.00
[Tick 106] Person 1 (civilian/team0) �� N1_flee | stress=0.15 loyalty=0.00
[Tick 106] Person 2 (civilian/team0) �� N1_flee | stress=0.15 loyalty=0.00
[Tick 106] Person 3 (advisor/team1) �� P1_comply | stress=0.00 loyalty=1.00
[Tick 106] Person 4 (leader/team1) �� P2_produce | stress=0.00 loyalty=0.20
[Tick 106] Person 5 (civilian/team1) �� P2_produce | stress=0.00 loyalty=0.20
[Tick 106] Person 6 (leader/team2) �� P4_expand | stress=0.20 loyalty=0.00
[Tick 106] Person 7 (civilian/team2) �� P4_expand | stress=0.20 loyalty=0.00
[Tick 106] Person 8 (civilian/team2) �� P4_expand | stress=0.20 loyalty=0.00
[Tick 106] Person 9 (leader/team3) �� P1_comply | stress=0.00 loyalty=1.00
[Tick 107] Person 0 (leader/team0) �� N1_flee | stress=0.70 loyalty=0.00
[Tick 107] Person 1 (civilian/team0) �� P4_expand | stress=0.25 loyalty=0.00
[Tick 107] Person 2 (civilian/team0) �� P4_expand | stress=0.25 loyalty=0.00
[Tick 107] Person 3 (advisor/team1) �� P1_comply | stress=0.00 loyalty=1.00
[Tick 107] Person 4 (leader/team1) �� P2_produce | stress=0.00 loyalty=0.20
[Tick 107] Person 5 (civilian/team1) �� P2_produce | stress=0.00 loyalty=0.20
[Tick 107] Person 6 (leader/team2) �� P4_expand | stress=0.23 loyalty=0.00
[Tick 107] Person 7 (civilian/team2) �� P4_expand | stress=0.23 loyalty=0.00
[Tick 107] Person 8 (civilian/team2) �� P4_expand | stress=0.23 loyalty=0.00
[Tick 107] Person 9 (leader/team3) �� P1_comply | stress=0.00 loyalty=1.00
[Tick 108] Person 0 (leader/team0) �� P4_expand | stress=0.80 loyalty=0.00
[Tick 108] Person 1 (civilian/team0) �� P4_expand | stress=0.35 loyalty=0.00
[Tick 108] Person 2 (civilian/team0) �� P4_expand | stress=0.35 loyalty=0.00
[Tick 108] Person 3 (advisor/team1) �� P1_comply | stress=0.00 loyalty=1.00
[Tick 108] Person 4 (leader/team1) �� P2_produce | stress=0.00 loyalty=0.20
[Tick 108] Person 5 (civilian/team1) �� P2_produce | stress=0.00 loyalty=0.20
[Tick 108] Person 6 (leader/team2) �� P4_expand | stress=0.26 loyalty=0.00
[Tick 108] Person 7 (civilian/team2) �� P4_expand | stress=0.26 loyalty=0.00
[Tick 108] Person 8 (civilian/team2) �� P4_expand | stress=0.26 loyalty=0.00
[Tick 108] Person 9 (leader/team3) �� P1_comply | stress=0.00 loyalty=1.00
[Tick 109] Person 0 (leader/team0) �� P4_expand | stress=0.90 loyalty=0.00
[Tick 109] Person 1 (civilian/team0) �� N1_flee | stress=0.15 loyalty=0.00
[Tick 109] Person 2 (civilian/team0) �� N1_flee | stress=0.15 loyalty=0.00
[Tick 109] Person 3 (advisor/team1) �� P1_comply | stress=0.00 loyalty=1.00
[Tick 109] Person 4 (leader/team1) �� P2_produce | stress=0.00 loyalty=0.20
[Tick 109] Person 5 (civilian/team1) �� P2_produce | stress=0.00 loyalty=0.20
[Tick 109] Person 6 (leader/team2) �� P4_expand | stress=0.28 loyalty=0.00
[Tick 109] Person 7 (civilian/team2) �� P4_expand | stress=0.28 loyalty=0.00
[Tick 109] Person 8 (civilian/team2) �� P4_expand | stress=0.28 loyalty=0.00
[Tick 109] Person 9 (leader/team3) �� P1_comply | stress=0.00 loyalty=1.00
[Tick 110] Person 0 (leader/team0) �� N1_flee | stress=0.70 loyalty=0.00
[Tick 110] Person 1 (civilian/team0) �� P4_expand | stress=0.25 loyalty=0.00
[Tick 110] Person 2 (civilian/team0) �� P4_expand | stress=0.25 loyalty=0.00
[Tick 110] Person 3 (advisor/team1) �� P1_comply | stress=0.00 loyalty=1.00
[Tick 110] Person 4 (leader/team1) �� P2_produce | stress=0.00 loyalty=0.20
[Tick 110] Person 5 (civilian/team1) �� P2_produce | stress=0.00 loyalty=0.20
[Tick 110] Person 6 (leader/team2) �� P4_expand | stress=0.31 loyalty=0.00
[Tick 110] Person 7 (civilian/team2) �� P4_expand | stress=0.31 loyalty=0.00
[Tick 110] Person 8 (civilian/team2) �� P4_expand | stress=0.31 loyalty=0.00
[Tick 110] Person 9 (leader/team3) �� P1_comply | stress=0.00 loyalty=1.00
[Tick 111] Person 0 (leader/team0) �� P4_expand | stress=0.80 loyalty=0.00
[Tick 111] Person 1 (civilian/team0) �� P4_expand | stress=0.35 loyalty=0.00
[Tick 111] Person 2 (civilian/team0) �� P4_expand | stress=0.35 loyalty=0.00
[Tick 111] Person 3 (advisor/team1) �� P1_comply | stress=0.00 loyalty=1.00
[Tick 111] Person 4 (leader/team1) �� P2_produce | stress=0.00 loyalty=0.20
[Tick 111] Person 5 (civilian/team1) �� P2_produce | stress=0.00 loyalty=0.20
[Tick 111] Person 6 (leader/team2) �� P4_expand | stress=0.34 loyalty=0.00
[Tick 111] Person 7 (civilian/team2) �� P4_expand | stress=0.34 loyalty=0.00
[Tick 111] Person 8 (civilian/team2) �� P4_expand | stress=0.34 loyalty=0.00
[Tick 111] Person 9 (leader/team3) �� P1_comply | stress=0.00 loyalty=1.00
[Tick 112] Person 0 (leader/team0) �� P4_expand | stress=0.90 loyalty=0.00
[Tick 112] Person 1 (civilian/team0) �� N1_flee | stress=0.15 loyalty=0.00
[Tick 112] Person 2 (civilian/team0) �� N1_flee | stress=0.15 loyalty=0.00
[Tick 112] Person 3 (advisor/team1) �� P1_comply | stress=0.00 loyalty=1.00
[Tick 112] Person 4 (leader/team1) �� P2_produce | stress=0.00 loyalty=0.20
[Tick 112] Person 5 (civilian/team1) �� P2_produce | stress=0.00 loyalty=0.20
[Tick 112] Person 6 (leader/team2) �� P4_expand | stress=0.37 loyalty=0.00
[Tick 112] Person 7 (civilian/team2) �� P4_expand | stress=0.37 loyalty=0.00
[Tick 112] Person 8 (civilian/team2) �� P4_expand | stress=0.37 loyalty=0.00
[Tick 112] Person 9 (leader/team3) �� P1_comply | stress=0.00 loyalty=1.00
[Tick 113] Person 0 (leader/team0) �� N1_flee | stress=0.70 loyalty=0.00
[Tick 113] Person 1 (civilian/team0) �� P4_expand | stress=0.25 loyalty=0.00
[Tick 113] Person 2 (civilian/team0) �� P4_expand | stress=0.25 loyalty=0.00
[Tick 113] Person 3 (advisor/team1) �� P1_comply | stress=0.00 loyalty=1.00
[Tick 113] Person 4 (leader/team1) �� P2_produce | stress=0.00 loyalty=0.20
[Tick 113] Person 5 (civilian/team1) �� P2_produce | stress=0.00 loyalty=0.20
[Tick 113] Person 6 (leader/team2) �� P4_expand | stress=0.40 loyalty=0.00
[Tick 113] Person 7 (civilian/team2) �� P4_expand | stress=0.40 loyalty=0.00
[Tick 113] Person 8 (civilian/team2) �� P4_expand | stress=0.40 loyalty=0.00
[Tick 113] Person 9 (leader/team3) �� P1_comply | stress=0.00 loyalty=1.00
[Tick 114] Person 0 (leader/team0) �� P4_expand | stress=0.80 loyalty=0.00
[Tick 114] Person 1 (civilian/team0) �� P4_expand | stress=0.35 loyalty=0.00
[Tick 114] Person 2 (civilian/team0) �� P4_expand | stress=0.35 loyalty=0.00
[Tick 114] Person 3 (advisor/team1) �� P1_comply | stress=0.00 loyalty=1.00
[Tick 114] Person 4 (leader/team1) �� P2_produce | stress=0.00 loyalty=0.20
[Tick 114] Person 5 (civilian/team1) �� P2_produce | stress=0.00 loyalty=0.20
[Tick 114] Person 6 (leader/team2) �� P4_expand | stress=0.43 loyalty=0.00
[Tick 114] Person 7 (civilian/team2) �� P4_expand | stress=0.43 loyalty=0.00
[Tick 114] Person 8 (civilian/team2) �� P4_expand | stress=0.43 loyalty=0.00
[Tick 114] Person 9 (leader/team3) �� P1_comply | stress=0.00 loyalty=1.00
[Tick 115] Person 0 (leader/team0) �� P4_expand | stress=0.90 loyalty=0.00
[Tick 115] Person 1 (civilian/team0) �� N1_flee | stress=0.15 loyalty=0.00
[Tick 115] Person 2 (civilian/team0) �� N1_flee | stress=0.15 loyalty=0.00
[Tick 115] Person 3 (advisor/team1) �� P1_comply | stress=0.00 loyalty=1.00
[Tick 115] Person 4 (leader/team1) �� P2_produce | stress=0.00 loyalty=0.20
[Tick 115] Person 5 (civilian/team1) �� P2_produce | stress=0.00 loyalty=0.20
[Tick 115] Person 6 (leader/team2) �� N1_flee | stress=0.15 loyalty=0.00
[Tick 115] Person 7 (civilian/team2) �� N1_flee | stress=0.15 loyalty=0.00
[Tick 115] Person 8 (civilian/team2) �� N1_flee | stress=0.15 loyalty=0.00
[Tick 115] Person 9 (leader/team3) �� P1_comply | stress=0.00 loyalty=1.00
[Tick 116] Person 0 (leader/team0) �� N1_flee | stress=0.70 loyalty=0.00
[Tick 116] Person 1 (civilian/team0) �� P4_expand | stress=0.25 loyalty=0.00
[Tick 116] Person 2 (civilian/team0) �� P4_expand | stress=0.25 loyalty=0.00
[Tick 116] Person 3 (advisor/team1) �� P1_comply | stress=0.00 loyalty=1.00
[Tick 116] Person 4 (leader/team1) �� P2_produce | stress=0.00 loyalty=0.20
[Tick 116] Person 5 (civilian/team1) �� P2_produce | stress=0.00 loyalty=0.20
[Tick 116] Person 6 (leader/team2) �� P4_expand | stress=0.10 loyalty=0.00
[Tick 116] Person 7 (civilian/team2) �� P4_expand | stress=0.10 loyalty=0.00
[Tick 116] Person 8 (civilian/team2) �� P4_expand | stress=0.10 loyalty=0.00
[Tick 116] Person 9 (leader/team3) �� P1_comply | stress=0.00 loyalty=1.00
[Tick 117] Person 0 (leader/team0) �� P4_expand | stress=0.80 loyalty=0.00
[Tick 117] Person 1 (civilian/team0) �� P4_expand | stress=0.35 loyalty=0.00
[Tick 117] Person 2 (civilian/team0) �� P4_expand | stress=0.35 loyalty=0.00
[Tick 117] Person 3 (advisor/team1) �� P1_comply | stress=0.00 loyalty=1.00
[Tick 117] Person 4 (leader/team1) �� P2_produce | stress=0.00 loyalty=0.20
[Tick 117] Person 5 (civilian/team1) �� P2_produce | stress=0.00 loyalty=0.20
[Tick 117] Person 6 (leader/team2) �� P4_expand | stress=0.05 loyalty=0.00
[Tick 117] Person 7 (civilian/team2) �� P4_expand | stress=0.05 loyalty=0.00
[Tick 117] Person 8 (civilian/team2) �� P4_expand | stress=0.05 loyalty=0.00
[Tick 117] Person 9 (leader/team3) �� P1_comply | stress=0.00 loyalty=1.00
[Tick 118] Person 0 (leader/team0) �� P4_expand | stress=0.90 loyalty=0.00
[Tick 118] Person 1 (civilian/team0) �� N1_flee | stress=0.15 loyalty=0.00
[Tick 118] Person 2 (civilian/team0) �� N1_flee | stress=0.15 loyalty=0.00
[Tick 118] Person 3 (advisor/team1) �� P1_comply | stress=0.00 loyalty=1.00
[Tick 118] Person 4 (leader/team1) �� P2_produce | stress=0.00 loyalty=0.20
[Tick 118] Person 5 (civilian/team1) �� P2_produce | stress=0.00 loyalty=0.20
[Tick 118] Person 6 (leader/team2) �� P4_expand | stress=0.00 loyalty=0.00
[Tick 118] Person 7 (civilian/team2) �� P4_expand | stress=0.00 loyalty=0.00
[Tick 118] Person 8 (civilian/team2) �� P4_expand | stress=0.00 loyalty=0.00
[Tick 118] Person 9 (leader/team3) �� P1_comply | stress=0.00 loyalty=1.00
[Tick 119] Person 0 (leader/team0) �� N1_flee | stress=0.70 loyalty=0.00
[Tick 119] Person 1 (civilian/team0) �� P4_expand | stress=0.25 loyalty=0.00
[Tick 119] Person 2 (civilian/team0) �� P4_expand | stress=0.25 loyalty=0.00
[Tick 119] Person 3 (advisor/team1) �� P1_comply | stress=0.00 loyalty=1.00
[Tick 119] Person 4 (leader/team1) �� P2_produce | stress=0.00 loyalty=0.20
[Tick 119] Person 5 (civilian/team1) �� P2_produce | stress=0.00 loyalty=0.20
[Tick 119] Person 6 (leader/team2) �� P4_expand | stress=0.00 loyalty=0.00
[Tick 119] Person 7 (civilian/team2) �� P4_expand | stress=0.00 loyalty=0.00
[Tick 119] Person 8 (civilian/team2) �� P4_expand | stress=0.00 loyalty=0.00
[Tick 119] Person 9 (leader/team3) �� P1_comply | stress=0.00 loyalty=1.00
[Tick 120] Person 0 (leader/team0) �� P4_expand | stress=0.80 loyalty=0.00
[Tick 120] Person 1 (civilian/team0) �� P4_expand | stress=0.35 loyalty=0.00
[Tick 120] Person 2 (civilian/team0) �� P4_expand | stress=0.35 loyalty=0.00
[Tick 120] Person 3 (advisor/team1) �� P1_comply | stress=0.00 loyalty=1.00
[Tick 120] Person 4 (leader/team1) �� P2_produce | stress=0.00 loyalty=0.20
[Tick 120] Person 5 (civilian/team1) �� P2_produce | stress=0.00 loyalty=0.20
[Tick 120] Person 6 (leader/team2) �� P4_expand | stress=0.00 loyalty=0.00
[Tick 120] Person 7 (civilian/team2) �� P4_expand | stress=0.00 loyalty=0.00
[Tick 120] Person 8 (civilian/team2) �� P4_expand | stress=0.00 loyalty=0.00
[Tick 120] Person 9 (leader/team3) �� P1_comply | stress=0.00 loyalty=1.00

--- Tick 120 ---
  Team0 pos=(4,0) food=0.0 pop=1 wnd=0 ct=-1 rd=1.00
  Team1 pos=(0,0) food=284.2 pop=40 wnd=0 ct=-1 rd=1.00
  Team2 pos=(2,0) food=0.0 pop=4 wnd=0 ct=-1 rd=1.00
  Team3 pos=(4,0) food=101.3 pop=8 wnd=0 ct=-1 rd=1.00
[Tick 121] Person 0 (leader/team0) �� P4_expand | stress=0.90 loyalty=0.00
[Tick 121] Person 1 (civilian/team0) �� N1_flee | stress=0.15 loyalty=0.00
[Tick 121] Person 2 (civilian/team0) �� N1_flee | stress=0.15 loyalty=0.00
[Tick 121] Person 3 (advisor/team1) �� P1_comply | stress=0.00 loyalty=1.00
[Tick 121] Person 4 (leader/team1) �� P2_produce | stress=0.00 loyalty=0.20
[Tick 121] Person 5 (civilian/team1) �� P2_produce | stress=0.00 loyalty=0.20
[Tick 121] Person 6 (leader/team2) �� P4_expand | stress=0.00 loyalty=0.00
[Tick 121] Person 7 (civilian/team2) �� P4_expand | stress=0.00 loyalty=0.00
[Tick 121] Person 8 (civilian/team2) �� P4_expand | stress=0.00 loyalty=0.00
[Tick 121] Person 9 (leader/team3) �� P1_comply | stress=0.00 loyalty=1.00
[Tick 122] Person 0 (leader/team0) �� N1_flee | stress=0.70 loyalty=0.00
[Tick 122] Person 1 (civilian/team0) �� P4_expand | stress=0.25 loyalty=0.00
[Tick 122] Person 2 (civilian/team0) �� P4_expand | stress=0.25 loyalty=0.00
[Tick 122] Person 3 (advisor/team1) �� P1_comply | stress=0.00 loyalty=1.00
[Tick 122] Person 4 (leader/team1) �� P2_produce | stress=0.00 loyalty=0.20
[Tick 122] Person 5 (civilian/team1) �� P2_produce | stress=0.00 loyalty=0.20
[Tick 122] Person 6 (leader/team2) �� P4_expand | stress=0.00 loyalty=0.00
[Tick 122] Person 7 (civilian/team2) �� P4_expand | stress=0.00 loyalty=0.00
[Tick 122] Person 8 (civilian/team2) �� P4_expand | stress=0.00 loyalty=0.00
[Tick 122] Person 9 (leader/team3) �� P1_comply | stress=0.00 loyalty=1.00
[Tick 123] Person 0 (leader/team0) �� P4_expand | stress=0.80 loyalty=0.00
[Tick 123] Person 1 (civilian/team0) �� P4_expand | stress=0.35 loyalty=0.00
[Tick 123] Person 2 (civilian/team0) �� P4_expand | stress=0.35 loyalty=0.00
[Tick 123] Person 3 (advisor/team1) �� P1_comply | stress=0.00 loyalty=1.00
[Tick 123] Person 4 (leader/team1) �� P2_produce | stress=0.00 loyalty=0.20
[Tick 123] Person 5 (civilian/team1) �� P2_produce | stress=0.00 loyalty=0.20
[Tick 123] Person 6 (leader/team2) �� P4_expand | stress=0.00 loyalty=0.00
[Tick 123] Person 7 (civilian/team2) �� P4_expand | stress=0.00 loyalty=0.00
[Tick 123] Person 8 (civilian/team2) �� P4_expand | stress=0.00 loyalty=0.00
[Tick 123] Person 9 (leader/team3) �� P1_comply | stress=0.00 loyalty=1.00
[Tick 124] Person 0 (leader/team0) �� P4_expand | stress=0.90 loyalty=0.00
[Tick 124] Person 1 (civilian/team0) �� P4_expand | stress=0.45 loyalty=0.00
[Tick 124] Person 2 (civilian/team0) �� P4_expand | stress=0.45 loyalty=0.00
[Tick 124] Person 3 (advisor/team1) �� P1_comply | stress=0.00 loyalty=1.00
[Tick 124] Person 4 (leader/team1) �� P2_produce | stress=0.00 loyalty=0.20
[Tick 124] Person 5 (civilian/team1) �� P2_produce | stress=0.00 loyalty=0.20
[Tick 124] Person 6 (leader/team2) �� P4_expand | stress=0.00 loyalty=0.00
[Tick 124] Person 7 (civilian/team2) �� P4_expand | stress=0.00 loyalty=0.00
[Tick 124] Person 8 (civilian/team2) �� P4_expand | stress=0.00 loyalty=0.00
[Tick 124] Person 9 (leader/team3) �� P1_comply | stress=0.00 loyalty=1.00
[Tick 125] Person 0 (leader/team0) �� N1_flee | stress=0.70 loyalty=0.00
[Tick 125] Person 1 (civilian/team0) �� N1_flee | stress=0.25 loyalty=0.00
[Tick 125] Person 2 (civilian/team0) �� N1_flee | stress=0.25 loyalty=0.00
[Tick 125] Person 3 (advisor/team1) �� P1_comply | stress=0.00 loyalty=1.00
[Tick 125] Person 4 (leader/team1) �� P2_produce | stress=0.00 loyalty=0.20
[Tick 125] Person 5 (civilian/team1) �� P2_produce | stress=0.00 loyalty=0.20
[Tick 125] Person 6 (leader/team2) �� P4_expand | stress=0.00 loyalty=0.00
[Tick 125] Person 7 (civilian/team2) �� P4_expand | stress=0.00 loyalty=0.00
[Tick 125] Person 8 (civilian/team2) �� P4_expand | stress=0.00 loyalty=0.00
[Tick 125] Person 9 (leader/team3) �� P1_comply | stress=0.00 loyalty=1.00
[Tick 126] Person 0 (leader/team0) �� P4_expand | stress=0.80 loyalty=0.00
[Tick 126] Person 1 (civilian/team0) �� P4_expand | stress=0.35 loyalty=0.00
[Tick 126] Person 2 (civilian/team0) �� P4_expand | stress=0.35 loyalty=0.00
[Tick 126] Person 3 (advisor/team1) �� P1_comply | stress=0.00 loyalty=1.00
[Tick 126] Person 4 (leader/team1) �� P2_produce | stress=0.00 loyalty=0.20
[Tick 126] Person 5 (civilian/team1) �� P2_produce | stress=0.00 loyalty=0.20
[Tick 126] Person 6 (leader/team2) �� P4_expand | stress=0.00 loyalty=0.00
[Tick 126] Person 7 (civilian/team2) �� P4_expand | stress=0.00 loyalty=0.00
[Tick 126] Person 8 (civilian/team2) �� P4_expand | stress=0.00 loyalty=0.00
[Tick 126] Person 9 (leader/team3) �� P1_comply | stress=0.00 loyalty=1.00
[Tick 127] Person 0 (leader/team0) �� P4_expand | stress=0.90 loyalty=0.00
[Tick 127] Person 1 (civilian/team0) �� P4_expand | stress=0.45 loyalty=0.00
[Tick 127] Person 2 (civilian/team0) �� P4_expand | stress=0.45 loyalty=0.00
[Tick 127] Person 3 (advisor/team1) �� P1_comply | stress=0.00 loyalty=1.00
[Tick 127] Person 4 (leader/team1) �� P2_produce | stress=0.00 loyalty=0.20
[Tick 127] Person 5 (civilian/team1) �� P2_produce | stress=0.00 loyalty=0.20
[Tick 127] Person 6 (leader/team2) �� P4_expand | stress=0.00 loyalty=0.00
[Tick 127] Person 7 (civilian/team2) �� P4_expand | stress=0.00 loyalty=0.00
[Tick 127] Person 8 (civilian/team2) �� P4_expand | stress=0.00 loyalty=0.00
[Tick 127] Person 9 (leader/team3) �� P1_comply | stress=0.00 loyalty=1.00
[Tick 128] Person 0 (leader/team0) �� N1_flee | stress=0.70 loyalty=0.00
[Tick 128] Person 1 (civilian/team0) �� N1_flee | stress=0.25 loyalty=0.00
[Tick 128] Person 2 (civilian/team0) �� N1_flee | stress=0.25 loyalty=0.00
[Tick 128] Person 3 (advisor/team1) �� P1_comply | stress=0.00 loyalty=1.00
[Tick 128] Person 4 (leader/team1) �� P2_produce | stress=0.00 loyalty=0.20
[Tick 128] Person 5 (civilian/team1) �� P2_produce | stress=0.00 loyalty=0.20
[Tick 128] Person 6 (leader/team2) �� P4_expand | stress=0.00 loyalty=0.00
[Tick 128] Person 7 (civilian/team2) �� P4_expand | stress=0.00 loyalty=0.00
[Tick 128] Person 8 (civilian/team2) �� P4_expand | stress=0.00 loyalty=0.00
[Tick 128] Person 9 (leader/team3) �� P1_comply | stress=0.00 loyalty=1.00
[Tick 129] Person 0 (leader/team0) �� P4_expand | stress=0.80 loyalty=0.00
[Tick 129] Person 1 (civilian/team0) �� P4_expand | stress=0.35 loyalty=0.00
[Tick 129] Person 2 (civilian/team0) �� P4_expand | stress=0.35 loyalty=0.00
[Tick 129] Person 3 (advisor/team1) �� P1_comply | stress=0.00 loyalty=1.00
[Tick 129] Person 4 (leader/team1) �� P2_produce | stress=0.00 loyalty=0.20
[Tick 129] Person 5 (civilian/team1) �� P2_produce | stress=0.00 loyalty=0.20
[Tick 129] Person 6 (leader/team2) �� P4_expand | stress=0.00 loyalty=0.00
[Tick 129] Person 7 (civilian/team2) �� P4_expand | stress=0.00 loyalty=0.00
[Tick 129] Person 8 (civilian/team2) �� P4_expand | stress=0.00 loyalty=0.00
[Tick 129] Person 9 (leader/team3) �� P1_comply | stress=0.00 loyalty=1.00
[Tick 130] Person 0 (leader/team0) �� P4_expand | stress=0.90 loyalty=0.00
[Tick 130] Person 1 (civilian/team0) �� P4_expand | stress=0.45 loyalty=0.00
[Tick 130] Person 2 (civilian/team0) �� P4_expand | stress=0.45 loyalty=0.00
[Tick 130] Person 3 (advisor/team1) �� P1_comply | stress=0.00 loyalty=1.00
[Tick 130] Person 4 (leader/team1) �� P2_produce | stress=0.00 loyalty=0.20
[Tick 130] Person 5 (civilian/team1) �� P2_produce | stress=0.00 loyalty=0.20
[Tick 130] Person 6 (leader/team2) �� P4_expand | stress=0.00 loyalty=0.00
[Tick 130] Person 7 (civilian/team2) �� P4_expand | stress=0.00 loyalty=0.00
[Tick 130] Person 8 (civilian/team2) �� P4_expand | stress=0.00 loyalty=0.00
[Tick 130] Person 9 (leader/team3) �� P1_comply | stress=0.00 loyalty=1.00
[Tick 131] Person 0 (leader/team0) �� N1_flee | stress=0.70 loyalty=0.00
[Tick 131] Person 1 (civilian/team0) �� N1_flee | stress=0.25 loyalty=0.00
[Tick 131] Person 2 (civilian/team0) �� N1_flee | stress=0.25 loyalty=0.00
[Tick 131] Person 3 (advisor/team1) �� P1_comply | stress=0.00 loyalty=1.00
[Tick 131] Person 4 (leader/team1) �� P2_produce | stress=0.00 loyalty=0.20
[Tick 131] Person 5 (civilian/team1) �� P2_produce | stress=0.00 loyalty=0.20
[Tick 131] Person 6 (leader/team2) �� P4_expand | stress=0.00 loyalty=0.00
[Tick 131] Person 7 (civilian/team2) �� P4_expand | stress=0.00 loyalty=0.00
[Tick 131] Person 8 (civilian/team2) �� P4_expand | stress=0.00 loyalty=0.00
[Tick 131] Person 9 (leader/team3) �� P1_comply | stress=0.00 loyalty=1.00
[Tick 132] Person 0 (leader/team0) �� P4_expand | stress=0.80 loyalty=0.00
[Tick 132] Person 1 (civilian/team0) �� P4_expand | stress=0.35 loyalty=0.00
[Tick 132] Person 2 (civilian/team0) �� P4_expand | stress=0.35 loyalty=0.00
[Tick 132] Person 3 (advisor/team1) �� P1_comply | stress=0.00 loyalty=1.00
[Tick 132] Person 4 (leader/team1) �� P2_produce | stress=0.00 loyalty=0.20
[Tick 132] Person 5 (civilian/team1) �� P2_produce | stress=0.00 loyalty=0.20
[Tick 132] Person 6 (leader/team2) �� P4_expand | stress=0.00 loyalty=0.00
[Tick 132] Person 7 (civilian/team2) �� P4_expand | stress=0.00 loyalty=0.00
[Tick 132] Person 8 (civilian/team2) �� P4_expand | stress=0.00 loyalty=0.00
[Tick 132] Person 9 (leader/team3) �� P1_comply | stress=0.00 loyalty=1.00
[Tick 133] Person 0 (leader/team0) �� P4_expand | stress=0.90 loyalty=0.00
[Tick 133] Person 1 (civilian/team0) �� P4_expand | stress=0.45 loyalty=0.00
[Tick 133] Person 2 (civilian/team0) �� P4_expand | stress=0.45 loyalty=0.00
[Tick 133] Person 3 (advisor/team1) �� P1_comply | stress=0.00 loyalty=1.00
[Tick 133] Person 4 (leader/team1) �� P2_produce | stress=0.00 loyalty=0.20
[Tick 133] Person 5 (civilian/team1) �� P2_produce | stress=0.00 loyalty=0.20
[Tick 133] Person 6 (leader/team2) �� P4_expand | stress=0.00 loyalty=0.00
[Tick 133] Person 7 (civilian/team2) �� P4_expand | stress=0.00 loyalty=0.00
[Tick 133] Person 8 (civilian/team2) �� P4_expand | stress=0.00 loyalty=0.00
[Tick 133] Person 9 (leader/team3) �� P1_comply | stress=0.00 loyalty=1.00
[Tick 134] Person 0 (leader/team0) �� N1_flee | stress=0.70 loyalty=0.00
[Tick 134] Person 1 (civilian/team0) �� N1_flee | stress=0.25 loyalty=0.00
[Tick 134] Person 2 (civilian/team0) �� N1_flee | stress=0.25 loyalty=0.00
[Tick 134] Person 3 (advisor/team1) �� P1_comply | stress=0.00 loyalty=1.00
[Tick 134] Person 4 (leader/team1) �� P2_produce | stress=0.00 loyalty=0.20
[Tick 134] Person 5 (civilian/team1) �� P2_produce | stress=0.00 loyalty=0.20
[Tick 134] Person 6 (leader/team2) �� P4_expand | stress=0.00 loyalty=0.00
[Tick 134] Person 7 (civilian/team2) �� P4_expand | stress=0.00 loyalty=0.00
[Tick 134] Person 8 (civilian/team2) �� P4_expand | stress=0.00 loyalty=0.00
[Tick 134] Person 9 (leader/team3) �� P1_comply | stress=0.00 loyalty=1.00
[Tick 135] Person 0 (leader/team0) �� P4_expand | stress=0.80 loyalty=0.00
[Tick 135] Person 1 (civilian/team0) �� P4_expand | stress=0.35 loyalty=0.00
[Tick 135] Person 2 (civilian/team0) �� P4_expand | stress=0.35 loyalty=0.00
[Tick 135] Person 3 (advisor/team1) �� P1_comply | stress=0.00 loyalty=1.00
[Tick 135] Person 4 (leader/team1) �� P2_produce | stress=0.00 loyalty=0.20
[Tick 135] Person 5 (civilian/team1) �� P2_produce | stress=0.00 loyalty=0.20
[Tick 135] Person 6 (leader/team2) �� P4_expand | stress=0.00 loyalty=0.00
[Tick 135] Person 7 (civilian/team2) �� P4_expand | stress=0.00 loyalty=0.00
[Tick 135] Person 8 (civilian/team2) �� P4_expand | stress=0.00 loyalty=0.00
[Tick 135] Person 9 (leader/team3) �� P1_comply | stress=0.00 loyalty=1.00
[Tick 136] Person 0 (leader/team0) �� P4_expand | stress=0.90 loyalty=0.00
[Tick 136] Person 1 (civilian/team0) �� P4_expand | stress=0.45 loyalty=0.00
[Tick 136] Person 2 (civilian/team0) �� P4_expand | stress=0.45 loyalty=0.00
[Tick 136] Person 3 (advisor/team1) �� P1_comply | stress=0.00 loyalty=1.00
[Tick 136] Person 4 (leader/team1) �� P2_produce | stress=0.00 loyalty=0.20
[Tick 136] Person 5 (civilian/team1) �� P2_produce | stress=0.00 loyalty=0.20
[Tick 136] Person 6 (leader/team2) �� P4_expand | stress=0.00 loyalty=0.00
[Tick 136] Person 7 (civilian/team2) �� P4_expand | stress=0.00 loyalty=0.00
[Tick 136] Person 8 (civilian/team2) �� P4_expand | stress=0.00 loyalty=0.00
[Tick 136] Person 9 (leader/team3) �� P1_comply | stress=0.00 loyalty=1.00
[Tick 137] Person 0 (leader/team0) �� N1_flee | stress=0.70 loyalty=0.00
[Tick 137] Person 1 (civilian/team0) �� N1_flee | stress=0.25 loyalty=0.00
[Tick 137] Person 2 (civilian/team0) �� N1_flee | stress=0.25 loyalty=0.00
[Tick 137] Person 3 (advisor/team1) �� P1_comply | stress=0.00 loyalty=1.00
[Tick 137] Person 4 (leader/team1) �� P2_produce | stress=0.00 loyalty=0.20
[Tick 137] Person 5 (civilian/team1) �� P2_produce | stress=0.00 loyalty=0.20
[Tick 137] Person 6 (leader/team2) �� P4_expand | stress=0.00 loyalty=0.00
[Tick 137] Person 7 (civilian/team2) �� P4_expand | stress=0.00 loyalty=0.00
[Tick 137] Person 8 (civilian/team2) �� P4_expand | stress=0.00 loyalty=0.00
[Tick 137] Person 9 (leader/team3) �� P1_comply | stress=0.00 loyalty=1.00
[Tick 138] Person 0 (leader/team0) �� P4_expand | stress=0.80 loyalty=0.00
[Tick 138] Person 1 (civilian/team0) �� P4_expand | stress=0.35 loyalty=0.00
[Tick 138] Person 2 (civilian/team0) �� P4_expand | stress=0.35 loyalty=0.00
[Tick 138] Person 3 (advisor/team1) �� P1_comply | stress=0.00 loyalty=1.00
[Tick 138] Person 4 (leader/team1) �� P2_produce | stress=0.00 loyalty=0.20
[Tick 138] Person 5 (civilian/team1) �� P2_produce | stress=0.00 loyalty=0.20
[Tick 138] Person 6 (leader/team2) �� P4_expand | stress=0.00 loyalty=0.00
[Tick 138] Person 7 (civilian/team2) �� P4_expand | stress=0.00 loyalty=0.00
[Tick 138] Person 8 (civilian/team2) �� P4_expand | stress=0.00 loyalty=0.00
[Tick 138] Person 9 (leader/team3) �� P1_comply | stress=0.00 loyalty=1.00
[Tick 139] Person 0 (leader/team0) �� P4_expand | stress=0.90 loyalty=0.00
[Tick 139] Person 1 (civilian/team0) �� P4_expand | stress=0.45 loyalty=0.00
[Tick 139] Person 2 (civilian/team0) �� P4_expand | stress=0.45 loyalty=0.00
[Tick 139] Person 3 (advisor/team1) �� P1_comply | stress=0.00 loyalty=1.00
[Tick 139] Person 4 (leader/team1) �� P2_produce | stress=0.00 loyalty=0.20
[Tick 139] Person 5 (civilian/team1) �� P2_produce | stress=0.00 loyalty=0.20
[Tick 139] Person 6 (leader/team2) �� P4_expand | stress=0.00 loyalty=0.00
[Tick 139] Person 7 (civilian/team2) �� P4_expand | stress=0.00 loyalty=0.00
[Tick 139] Person 8 (civilian/team2) �� P4_expand | stress=0.00 loyalty=0.00
[Tick 139] Person 9 (leader/team3) �� P1_comply | stress=0.00 loyalty=1.00
[Tick 140] Person 0 (leader/team0) �� N1_flee | stress=0.70 loyalty=0.00
[Tick 140] Person 1 (civilian/team0) �� N1_flee | stress=0.25 loyalty=0.00
[Tick 140] Person 2 (civilian/team0) �� N1_flee | stress=0.25 loyalty=0.00
[Tick 140] Person 3 (advisor/team1) �� P1_comply | stress=0.00 loyalty=1.00
[Tick 140] Person 4 (leader/team1) �� P2_produce | stress=0.00 loyalty=0.20
[Tick 140] Person 5 (civilian/team1) �� P2_produce | stress=0.00 loyalty=0.20
[Tick 140] Person 6 (leader/team2) �� P4_expand | stress=0.00 loyalty=0.00
[Tick 140] Person 7 (civilian/team2) �� P4_expand | stress=0.00 loyalty=0.00
[Tick 140] Person 8 (civilian/team2) �� P4_expand | stress=0.00 loyalty=0.00
[Tick 140] Person 9 (leader/team3) �� P1_comply | stress=0.00 loyalty=1.00

--- Tick 140 ---
  Team0 pos=(4,0) food=0.0 pop=1 wnd=0 ct=-1 rd=1.00
  Team1 pos=(0,0) food=313.7 pop=40 wnd=0 ct=-1 rd=1.00
  Team2 pos=(2,0) food=0.0 pop=4 wnd=0 ct=-1 rd=1.00
  Team3 pos=(4,0) food=85.3 pop=8 wnd=0 ct=-1 rd=1.00
[Tick 141] Person 0 (leader/team0) �� P4_expand | stress=0.80 loyalty=0.00
[Tick 141] Person 1 (civilian/team0) �� P4_expand | stress=0.35 loyalty=0.00
[Tick 141] Person 2 (civilian/team0) �� P4_expand | stress=0.35 loyalty=0.00
[Tick 141] Person 3 (advisor/team1) �� P1_comply | stress=0.00 loyalty=1.00
[Tick 141] Person 4 (leader/team1) �� P2_produce | stress=0.00 loyalty=0.20
[Tick 141] Person 5 (civilian/team1) �� P2_produce | stress=0.00 loyalty=0.20
[Tick 141] Person 6 (leader/team2) �� P4_expand | stress=0.00 loyalty=0.00
[Tick 141] Person 7 (civilian/team2) �� P4_expand | stress=0.00 loyalty=0.00
[Tick 141] Person 8 (civilian/team2) �� P4_expand | stress=0.00 loyalty=0.00
[Tick 141] Person 9 (leader/team3) �� P1_comply | stress=0.00 loyalty=1.00
[Tick 142] Person 0 (leader/team0) �� P4_expand | stress=0.90 loyalty=0.00
[Tick 142] Person 1 (civilian/team0) �� P4_expand | stress=0.45 loyalty=0.00
[Tick 142] Person 2 (civilian/team0) �� P4_expand | stress=0.45 loyalty=0.00
[Tick 142] Person 3 (advisor/team1) �� P1_comply | stress=0.00 loyalty=1.00
[Tick 142] Person 4 (leader/team1) �� P2_produce | stress=0.00 loyalty=0.20
[Tick 142] Person 5 (civilian/team1) �� P2_produce | stress=0.00 loyalty=0.20
[Tick 142] Person 6 (leader/team2) �� P4_expand | stress=0.00 loyalty=0.00
[Tick 142] Person 7 (civilian/team2) �� P4_expand | stress=0.00 loyalty=0.00
[Tick 142] Person 8 (civilian/team2) �� P4_expand | stress=0.00 loyalty=0.00
[Tick 142] Person 9 (leader/team3) �� P1_comply | stress=0.00 loyalty=1.00
[Tick 143] Person 0 (leader/team0) �� N1_flee | stress=0.70 loyalty=0.00
[Tick 143] Person 1 (civilian/team0) �� N1_flee | stress=0.25 loyalty=0.00
[Tick 143] Person 2 (civilian/team0) �� N1_flee | stress=0.25 loyalty=0.00
[Tick 143] Person 3 (advisor/team1) �� P1_comply | stress=0.00 loyalty=1.00
[Tick 143] Person 4 (leader/team1) �� P2_produce | stress=0.00 loyalty=0.20
[Tick 143] Person 5 (civilian/team1) �� P2_produce | stress=0.00 loyalty=0.20
[Tick 143] Person 6 (leader/team2) �� P4_expand | stress=0.00 loyalty=0.00
[Tick 143] Person 7 (civilian/team2) �� P4_expand | stress=0.00 loyalty=0.00
[Tick 143] Person 8 (civilian/team2) �� P4_expand | stress=0.00 loyalty=0.00
[Tick 143] Person 9 (leader/team3) �� P1_comply | stress=0.00 loyalty=1.00
[Tick 144] Person 0 (leader/team0) �� P4_expand | stress=0.80 loyalty=0.00
[Tick 144] Person 1 (civilian/team0) �� P4_expand | stress=0.35 loyalty=0.00
[Tick 144] Person 2 (civilian/team0) �� P4_expand | stress=0.35 loyalty=0.00
[Tick 144] Person 3 (advisor/team1) �� P1_comply | stress=0.00 loyalty=1.00
[Tick 144] Person 4 (leader/team1) �� P2_produce | stress=0.00 loyalty=0.20
[Tick 144] Person 5 (civilian/team1) �� P2_produce | stress=0.00 loyalty=0.20
[Tick 144] Person 6 (leader/team2) �� P4_expand | stress=0.00 loyalty=0.00
[Tick 144] Person 7 (civilian/team2) �� P4_expand | stress=0.00 loyalty=0.00
[Tick 144] Person 8 (civilian/team2) �� P4_expand | stress=0.00 loyalty=0.00
[Tick 144] Person 9 (leader/team3) �� P1_comply | stress=0.00 loyalty=1.00
[Tick 145] Person 0 (leader/team0) �� P4_expand | stress=0.90 loyalty=0.00
[Tick 145] Person 1 (civilian/team0) �� P4_expand | stress=0.45 loyalty=0.00
[Tick 145] Person 2 (civilian/team0) �� P4_expand | stress=0.45 loyalty=0.00
[Tick 145] Person 3 (advisor/team1) �� P1_comply | stress=0.00 loyalty=1.00
[Tick 145] Person 4 (leader/team1) �� P2_produce | stress=0.00 loyalty=0.20
[Tick 145] Person 5 (civilian/team1) �� P2_produce | stress=0.00 loyalty=0.20
[Tick 145] Person 6 (leader/team2) �� P4_expand | stress=0.00 loyalty=0.00
[Tick 145] Person 7 (civilian/team2) �� P4_expand | stress=0.00 loyalty=0.00
[Tick 145] Person 8 (civilian/team2) �� P4_expand | stress=0.00 loyalty=0.00
[Tick 145] Person 9 (leader/team3) �� P1_comply | stress=0.00 loyalty=1.00
[Tick 146] Person 0 (leader/team0) �� N1_flee | stress=0.70 loyalty=0.00
[Tick 146] Person 1 (civilian/team0) �� N1_flee | stress=0.25 loyalty=0.00
[Tick 146] Person 2 (civilian/team0) �� N1_flee | stress=0.25 loyalty=0.00
[Tick 146] Person 3 (advisor/team1) �� P1_comply | stress=0.00 loyalty=1.00
[Tick 146] Person 4 (leader/team1) �� P2_produce | stress=0.00 loyalty=0.20
[Tick 146] Person 5 (civilian/team1) �� P2_produce | stress=0.00 loyalty=0.20
[Tick 146] Person 6 (leader/team2) �� P4_expand | stress=0.00 loyalty=0.00
[Tick 146] Person 7 (civilian/team2) �� P4_expand | stress=0.00 loyalty=0.00
[Tick 146] Person 8 (civilian/team2) �� P4_expand | stress=0.00 loyalty=0.00
[Tick 146] Person 9 (leader/team3) �� P1_comply | stress=0.00 loyalty=1.00
[Tick 147] Person 0 (leader/team0) �� P4_expand | stress=0.80 loyalty=0.00
[Tick 147] Person 1 (civilian/team0) �� P4_expand | stress=0.35 loyalty=0.00
[Tick 147] Person 2 (civilian/team0) �� P4_expand | stress=0.35 loyalty=0.00
[Tick 147] Person 3 (advisor/team1) �� P1_comply | stress=0.00 loyalty=1.00
[Tick 147] Person 4 (leader/team1) �� P2_produce | stress=0.00 loyalty=0.20
[Tick 147] Person 5 (civilian/team1) �� P2_produce | stress=0.00 loyalty=0.20
[Tick 147] Person 6 (leader/team2) �� P4_expand | stress=0.00 loyalty=0.00
[Tick 147] Person 7 (civilian/team2) �� P4_expand | stress=0.00 loyalty=0.00
[Tick 147] Person 8 (civilian/team2) �� P4_expand | stress=0.00 loyalty=0.00
[Tick 147] Person 9 (leader/team3) �� P1_comply | stress=0.00 loyalty=1.00
[Tick 148] Person 0 (leader/team0) �� P4_expand | stress=0.90 loyalty=0.00
[Tick 148] Person 1 (civilian/team0) �� P4_expand | stress=0.45 loyalty=0.00
[Tick 148] Person 2 (civilian/team0) �� P4_expand | stress=0.45 loyalty=0.00
[Tick 148] Person 3 (advisor/team1) �� P1_comply | stress=0.00 loyalty=1.00
[Tick 148] Person 4 (leader/team1) �� P2_produce | stress=0.00 loyalty=0.20
[Tick 148] Person 5 (civilian/team1) �� P2_produce | stress=0.00 loyalty=0.20
[Tick 148] Person 6 (leader/team2) �� P4_expand | stress=0.00 loyalty=0.00
[Tick 148] Person 7 (civilian/team2) �� P4_expand | stress=0.00 loyalty=0.00
[Tick 148] Person 8 (civilian/team2) �� P4_expand | stress=0.00 loyalty=0.00
[Tick 148] Person 9 (leader/team3) �� P1_comply | stress=0.00 loyalty=1.00
[Tick 149] Person 0 (leader/team0) �� N1_flee | stress=0.70 loyalty=0.00
[Tick 149] Person 1 (civilian/team0) �� N1_flee | stress=0.25 loyalty=0.00
[Tick 149] Person 2 (civilian/team0) �� N1_flee | stress=0.25 loyalty=0.00
[Tick 149] Person 3 (advisor/team1) �� P1_comply | stress=0.00 loyalty=1.00
[Tick 149] Person 4 (leader/team1) �� P2_produce | stress=0.00 loyalty=0.20
[Tick 149] Person 5 (civilian/team1) �� P2_produce | stress=0.00 loyalty=0.20
[Tick 149] Person 6 (leader/team2) �� P4_expand | stress=0.00 loyalty=0.00
[Tick 149] Person 7 (civilian/team2) �� P4_expand | stress=0.00 loyalty=0.00
[Tick 149] Person 8 (civilian/team2) �� P4_expand | stress=0.00 loyalty=0.00
[Tick 149] Person 9 (leader/team3) �� P1_comply | stress=0.00 loyalty=1.00
[Tick 150] Person 0 (leader/team0) �� P4_expand | stress=0.80 loyalty=0.00
[Tick 150] Person 1 (civilian/team0) �� P4_expand | stress=0.35 loyalty=0.00
[Tick 150] Person 2 (civilian/team0) �� P4_expand | stress=0.35 loyalty=0.00
[Tick 150] Person 3 (advisor/team1) �� P1_comply | stress=0.00 loyalty=1.00
[Tick 150] Person 4 (leader/team1) �� P2_produce | stress=0.00 loyalty=0.20
[Tick 150] Person 5 (civilian/team1) �� P2_produce | stress=0.00 loyalty=0.20
[Tick 150] Person 6 (leader/team2) �� P4_expand | stress=0.00 loyalty=0.00
[Tick 150] Person 7 (civilian/team2) �� P4_expand | stress=0.00 loyalty=0.00
[Tick 150] Person 8 (civilian/team2) �� P4_expand | stress=0.00 loyalty=0.00
[Tick 150] Person 9 (leader/team3) �� P1_comply | stress=0.00 loyalty=1.00
[Tick 151] Person 0 (leader/team0) �� P4_expand | stress=0.90 loyalty=0.00
[Tick 151] Person 1 (civilian/team0) �� P4_expand | stress=0.45 loyalty=0.00
[Tick 151] Person 2 (civilian/team0) �� P4_expand | stress=0.45 loyalty=0.00
[Tick 151] Person 3 (advisor/team1) �� P1_comply | stress=0.00 loyalty=1.00
[Tick 151] Person 4 (leader/team1) �� P2_produce | stress=0.00 loyalty=0.20
[Tick 151] Person 5 (civilian/team1) �� P2_produce | stress=0.00 loyalty=0.20
[Tick 151] Person 6 (leader/team2) �� P4_expand | stress=0.00 loyalty=0.00
[Tick 151] Person 7 (civilian/team2) �� P4_expand | stress=0.00 loyalty=0.00
[Tick 151] Person 8 (civilian/team2) �� P4_expand | stress=0.00 loyalty=0.00
[Tick 151] Person 9 (leader/team3) �� P1_comply | stress=0.00 loyalty=1.00
[Tick 152] Person 0 (leader/team0) �� N1_flee | stress=0.70 loyalty=0.00
[Tick 152] Person 1 (civilian/team0) �� N1_flee | stress=0.25 loyalty=0.00
[Tick 152] Person 2 (civilian/team0) �� N1_flee | stress=0.25 loyalty=0.00
[Tick 152] Person 3 (advisor/team1) �� P1_comply | stress=0.00 loyalty=1.00
[Tick 152] Person 4 (leader/team1) �� P2_produce | stress=0.00 loyalty=0.20
[Tick 152] Person 5 (civilian/team1) �� P2_produce | stress=0.00 loyalty=0.20
[Tick 152] Person 6 (leader/team2) �� P4_expand | stress=0.00 loyalty=0.00
[Tick 152] Person 7 (civilian/team2) �� P4_expand | stress=0.00 loyalty=0.00
[Tick 152] Person 8 (civilian/team2) �� P4_expand | stress=0.00 loyalty=0.00
[Tick 152] Person 9 (leader/team3) �� P1_comply | stress=0.00 loyalty=1.00
[Tick 153] Person 0 (leader/team0) �� P4_expand | stress=0.80 loyalty=0.00
[Tick 153] Person 1 (civilian/team0) �� P4_expand | stress=0.35 loyalty=0.00
[Tick 153] Person 2 (civilian/team0) �� P4_expand | stress=0.35 loyalty=0.00
[Tick 153] Person 3 (advisor/team1) �� P1_comply | stress=0.00 loyalty=1.00
[Tick 153] Person 4 (leader/team1) �� P2_produce | stress=0.00 loyalty=0.20
[Tick 153] Person 5 (civilian/team1) �� P2_produce | stress=0.00 loyalty=0.20
[Tick 153] Person 6 (leader/team2) �� P4_expand | stress=0.00 loyalty=0.00
[Tick 153] Person 7 (civilian/team2) �� P4_expand | stress=0.00 loyalty=0.00
[Tick 153] Person 8 (civilian/team2) �� P4_expand | stress=0.00 loyalty=0.00
[Tick 153] Person 9 (leader/team3) �� P1_comply | stress=0.00 loyalty=1.00
[Tick 154] Person 0 (leader/team0) �� P4_expand | stress=0.90 loyalty=0.00
[Tick 154] Person 1 (civilian/team0) �� P4_expand | stress=0.45 loyalty=0.00
[Tick 154] Person 2 (civilian/team0) �� P4_expand | stress=0.45 loyalty=0.00
[Tick 154] Person 3 (advisor/team1) �� P1_comply | stress=0.00 loyalty=1.00
[Tick 154] Person 4 (leader/team1) �� P2_produce | stress=0.00 loyalty=0.20
[Tick 154] Person 5 (civilian/team1) �� P2_produce | stress=0.00 loyalty=0.20
[Tick 154] Person 6 (leader/team2) �� P4_expand | stress=0.00 loyalty=0.00
[Tick 154] Person 7 (civilian/team2) �� P4_expand | stress=0.00 loyalty=0.00
[Tick 154] Person 8 (civilian/team2) �� P4_expand | stress=0.00 loyalty=0.00
[Tick 154] Person 9 (leader/team3) �� P1_comply | stress=0.00 loyalty=1.00
[Tick 155] Person 0 (leader/team0) �� N1_flee | stress=0.70 loyalty=0.00
[Tick 155] Person 1 (civilian/team0) �� N1_flee | stress=0.25 loyalty=0.00
[Tick 155] Person 2 (civilian/team0) �� N1_flee | stress=0.25 loyalty=0.00
[Tick 155] Person 3 (advisor/team1) �� P1_comply | stress=0.00 loyalty=1.00
[Tick 155] Person 4 (leader/team1) �� P2_produce | stress=0.00 loyalty=0.20
[Tick 155] Person 5 (civilian/team1) �� P2_produce | stress=0.00 loyalty=0.20
[Tick 155] Person 6 (leader/team2) �� P4_expand | stress=0.00 loyalty=0.00
[Tick 155] Person 7 (civilian/team2) �� P4_expand | stress=0.00 loyalty=0.00
[Tick 155] Person 8 (civilian/team2) �� P4_expand | stress=0.00 loyalty=0.00
[Tick 155] Person 9 (leader/team3) �� P1_comply | stress=0.00 loyalty=1.00
[Tick 156] Person 0 (leader/team0) �� P4_expand | stress=0.80 loyalty=0.00
[Tick 156] Person 1 (civilian/team0) �� P4_expand | stress=0.35 loyalty=0.00
[Tick 156] Person 2 (civilian/team0) �� P4_expand | stress=0.35 loyalty=0.00
[Tick 156] Person 3 (advisor/team1) �� P1_comply | stress=0.00 loyalty=1.00
[Tick 156] Person 4 (leader/team1) �� P2_produce | stress=0.00 loyalty=0.20
[Tick 156] Person 5 (civilian/team1) �� P2_produce | stress=0.00 loyalty=0.20
[Tick 156] Person 6 (leader/team2) �� P4_expand | stress=0.00 loyalty=0.00
[Tick 156] Person 7 (civilian/team2) �� P4_expand | stress=0.00 loyalty=0.00
[Tick 156] Person 8 (civilian/team2) �� P4_expand | stress=0.00 loyalty=0.00
[Tick 156] Person 9 (leader/team3) �� P1_comply | stress=0.00 loyalty=1.00
[Tick 157] Person 0 (leader/team0) �� P4_expand | stress=0.90 loyalty=0.00
[Tick 157] Person 1 (civilian/team0) �� P4_expand | stress=0.45 loyalty=0.00
[Tick 157] Person 2 (civilian/team0) �� P4_expand | stress=0.45 loyalty=0.00
[Tick 157] Person 3 (advisor/team1) �� P1_comply | stress=0.00 loyalty=1.00
[Tick 157] Person 4 (leader/team1) �� P2_produce | stress=0.00 loyalty=0.20
[Tick 157] Person 5 (civilian/team1) �� P2_produce | stress=0.00 loyalty=0.20
[Tick 157] Person 6 (leader/team2) �� P4_expand | stress=0.00 loyalty=0.00
[Tick 157] Person 7 (civilian/team2) �� P4_expand | stress=0.00 loyalty=0.00
[Tick 157] Person 8 (civilian/team2) �� P4_expand | stress=0.00 loyalty=0.00
[Tick 157] Person 9 (leader/team3) �� P1_comply | stress=0.00 loyalty=1.00
[Tick 158] Person 0 (leader/team0) �� N1_flee | stress=0.70 loyalty=0.00
[Tick 158] Person 1 (civilian/team0) �� N1_flee | stress=0.25 loyalty=0.00
[Tick 158] Person 2 (civilian/team0) �� N1_flee | stress=0.25 loyalty=0.00
[Tick 158] Person 3 (advisor/team1) �� P1_comply | stress=0.00 loyalty=1.00
[Tick 158] Person 4 (leader/team1) �� P2_produce | stress=0.00 loyalty=0.20
[Tick 158] Person 5 (civilian/team1) �� P2_produce | stress=0.00 loyalty=0.20
[Tick 158] Person 6 (leader/team2) �� P4_expand | stress=0.00 loyalty=0.00
[Tick 158] Person 7 (civilian/team2) �� P4_expand | stress=0.00 loyalty=0.00
[Tick 158] Person 8 (civilian/team2) �� P4_expand | stress=0.00 loyalty=0.00
[Tick 158] Person 9 (leader/team3) �� P1_comply | stress=0.00 loyalty=1.00
[Tick 159] Person 0 (leader/team0) �� P4_expand | stress=0.80 loyalty=0.00
[Tick 159] Person 1 (civilian/team0) �� P4_expand | stress=0.35 loyalty=0.00
[Tick 159] Person 2 (civilian/team0) �� P4_expand | stress=0.35 loyalty=0.00
[Tick 159] Person 3 (advisor/team1) �� P1_comply | stress=0.00 loyalty=1.00
[Tick 159] Person 4 (leader/team1) �� P2_produce | stress=0.00 loyalty=0.20
[Tick 159] Person 5 (civilian/team1) �� P2_produce | stress=0.00 loyalty=0.20
[Tick 159] Person 6 (leader/team2) �� P4_expand | stress=0.00 loyalty=0.00
[Tick 159] Person 7 (civilian/team2) �� P4_expand | stress=0.00 loyalty=0.00
[Tick 159] Person 8 (civilian/team2) �� P4_expand | stress=0.00 loyalty=0.00
[Tick 159] Person 9 (leader/team3) �� P1_comply | stress=0.00 loyalty=1.00
[Tick 160] Person 0 (leader/team0) �� P4_expand | stress=0.90 loyalty=0.00
[Tick 160] Person 1 (civilian/team0) �� P4_expand | stress=0.45 loyalty=0.00
[Tick 160] Person 2 (civilian/team0) �� P4_expand | stress=0.45 loyalty=0.00
[Tick 160] Person 3 (advisor/team1) �� P1_comply | stress=0.00 loyalty=1.00
[Tick 160] Person 4 (leader/team1) �� P2_produce | stress=0.00 loyalty=0.20
[Tick 160] Person 5 (civilian/team1) �� P2_produce | stress=0.00 loyalty=0.20
[Tick 160] Person 6 (leader/team2) �� P4_expand | stress=0.00 loyalty=0.00
[Tick 160] Person 7 (civilian/team2) �� P4_expand | stress=0.00 loyalty=0.00
[Tick 160] Person 8 (civilian/team2) �� P4_expand | stress=0.00 loyalty=0.00
[Tick 160] Person 9 (leader/team3) �� P1_comply | stress=0.00 loyalty=1.00

--- Tick 160 ---
  Team0 pos=(4,0) food=0.0 pop=1 wnd=0 ct=-1 rd=1.00
  Team1 pos=(0,0) food=343.3 pop=40 wnd=0 ct=-1 rd=1.00
  Team2 pos=(2,0) food=0.0 pop=4 wnd=0 ct=-1 rd=1.00
  Team3 pos=(4,0) food=69.3 pop=8 wnd=0 ct=-1 rd=1.00
[Tick 161] Person 0 (leader/team0) �� N1_flee | stress=0.70 loyalty=0.00
[Tick 161] Person 1 (civilian/team0) �� N1_flee | stress=0.25 loyalty=0.00
[Tick 161] Person 2 (civilian/team0) �� N1_flee | stress=0.25 loyalty=0.00
[Tick 161] Person 3 (advisor/team1) �� P1_comply | stress=0.00 loyalty=1.00
[Tick 161] Person 4 (leader/team1) �� P2_produce | stress=0.00 loyalty=0.20
[Tick 161] Person 5 (civilian/team1) �� P2_produce | stress=0.00 loyalty=0.20
[Tick 161] Person 6 (leader/team2) �� P4_expand | stress=0.00 loyalty=0.00
[Tick 161] Person 7 (civilian/team2) �� P4_expand | stress=0.00 loyalty=0.00
[Tick 161] Person 8 (civilian/team2) �� P4_expand | stress=0.00 loyalty=0.00
[Tick 161] Person 9 (leader/team3) �� P1_comply | stress=0.00 loyalty=1.00
[Tick 162] Person 0 (leader/team0) �� P4_expand | stress=0.80 loyalty=0.00
[Tick 162] Person 1 (civilian/team0) �� P4_expand | stress=0.35 loyalty=0.00
[Tick 162] Person 2 (civilian/team0) �� P4_expand | stress=0.35 loyalty=0.00
[Tick 162] Person 3 (advisor/team1) �� P1_comply | stress=0.00 loyalty=1.00
[Tick 162] Person 4 (leader/team1) �� P2_produce | stress=0.00 loyalty=0.20
[Tick 162] Person 5 (civilian/team1) �� P2_produce | stress=0.00 loyalty=0.20
[Tick 162] Person 6 (leader/team2) �� P4_expand | stress=0.00 loyalty=0.00
[Tick 162] Person 7 (civilian/team2) �� P4_expand | stress=0.00 loyalty=0.00
[Tick 162] Person 8 (civilian/team2) �� P4_expand | stress=0.00 loyalty=0.00
[Tick 162] Person 9 (leader/team3) �� P1_comply | stress=0.00 loyalty=1.00
[Tick 163] Person 0 (leader/team0) �� P4_expand | stress=0.90 loyalty=0.00
[Tick 163] Person 1 (civilian/team0) �� P4_expand | stress=0.45 loyalty=0.00
[Tick 163] Person 2 (civilian/team0) �� P4_expand | stress=0.45 loyalty=0.00
[Tick 163] Person 3 (advisor/team1) �� P1_comply | stress=0.00 loyalty=1.00
[Tick 163] Person 4 (leader/team1) �� P2_produce | stress=0.00 loyalty=0.20
[Tick 163] Person 5 (civilian/team1) �� P2_produce | stress=0.00 loyalty=0.20
[Tick 163] Person 6 (leader/team2) �� P4_expand | stress=0.00 loyalty=0.00
[Tick 163] Person 7 (civilian/team2) �� P4_expand | stress=0.00 loyalty=0.00
[Tick 163] Person 8 (civilian/team2) �� P4_expand | stress=0.00 loyalty=0.00
[Tick 163] Person 9 (leader/team3) �� P1_comply | stress=0.00 loyalty=1.00
[Tick 164] Person 0 (leader/team0) �� N1_flee | stress=0.70 loyalty=0.00
[Tick 164] Person 1 (civilian/team0) �� N1_flee | stress=0.25 loyalty=0.00
[Tick 164] Person 2 (civilian/team0) �� N1_flee | stress=0.25 loyalty=0.00
[Tick 164] Person 3 (advisor/team1) �� P1_comply | stress=0.00 loyalty=1.00
[Tick 164] Person 4 (leader/team1) �� P2_produce | stress=0.00 loyalty=0.20
[Tick 164] Person 5 (civilian/team1) �� P2_produce | stress=0.00 loyalty=0.20
[Tick 164] Person 6 (leader/team2) �� P4_expand | stress=0.00 loyalty=0.00
[Tick 164] Person 7 (civilian/team2) �� P4_expand | stress=0.00 loyalty=0.00
[Tick 164] Person 8 (civilian/team2) �� P4_expand | stress=0.00 loyalty=0.00
[Tick 164] Person 9 (leader/team3) �� P1_comply | stress=0.00 loyalty=1.00
[Tick 165] Person 0 (leader/team0) �� P4_expand | stress=0.80 loyalty=0.00
[Tick 165] Person 1 (civilian/team0) �� P4_expand | stress=0.35 loyalty=0.00
[Tick 165] Person 2 (civilian/team0) �� P4_expand | stress=0.35 loyalty=0.00
[Tick 165] Person 3 (advisor/team1) �� P1_comply | stress=0.00 loyalty=1.00
[Tick 165] Person 4 (leader/team1) �� P2_produce | stress=0.00 loyalty=0.20
[Tick 165] Person 5 (civilian/team1) �� P2_produce | stress=0.00 loyalty=0.20
[Tick 165] Person 6 (leader/team2) �� P4_expand | stress=0.00 loyalty=0.00
[Tick 165] Person 7 (civilian/team2) �� P4_expand | stress=0.00 loyalty=0.00
[Tick 165] Person 8 (civilian/team2) �� P4_expand | stress=0.00 loyalty=0.00
[Tick 165] Person 9 (leader/team3) �� P1_comply | stress=0.00 loyalty=1.00
[Tick 166] Person 0 (leader/team0) �� P4_expand | stress=0.90 loyalty=0.00
[Tick 166] Person 1 (civilian/team0) �� P4_expand | stress=0.45 loyalty=0.00
[Tick 166] Person 2 (civilian/team0) �� P4_expand | stress=0.45 loyalty=0.00
[Tick 166] Person 3 (advisor/team1) �� P1_comply | stress=0.00 loyalty=1.00
[Tick 166] Person 4 (leader/team1) �� P2_produce | stress=0.00 loyalty=0.20
[Tick 166] Person 5 (civilian/team1) �� P2_produce | stress=0.00 loyalty=0.20
[Tick 166] Person 6 (leader/team2) �� P4_expand | stress=0.00 loyalty=0.00
[Tick 166] Person 7 (civilian/team2) �� P4_expand | stress=0.00 loyalty=0.00
[Tick 166] Person 8 (civilian/team2) �� P4_expand | stress=0.00 loyalty=0.00
[Tick 166] Person 9 (leader/team3) �� P1_comply | stress=0.00 loyalty=1.00
[Tick 167] Person 0 (leader/team0) �� N1_flee | stress=0.70 loyalty=0.00
[Tick 167] Person 1 (civilian/team0) �� N1_flee | stress=0.25 loyalty=0.00
[Tick 167] Person 2 (civilian/team0) �� N1_flee | stress=0.25 loyalty=0.00
[Tick 167] Person 3 (advisor/team1) �� P1_comply | stress=0.00 loyalty=1.00
[Tick 167] Person 4 (leader/team1) �� P2_produce | stress=0.00 loyalty=0.20
[Tick 167] Person 5 (civilian/team1) �� P2_produce | stress=0.00 loyalty=0.20
[Tick 167] Person 6 (leader/team2) �� P4_expand | stress=0.00 loyalty=0.00
[Tick 167] Person 7 (civilian/team2) �� P4_expand | stress=0.00 loyalty=0.00
[Tick 167] Person 8 (civilian/team2) �� P4_expand | stress=0.00 loyalty=0.00
[Tick 167] Person 9 (leader/team3) �� P1_comply | stress=0.00 loyalty=1.00
[Tick 168] Person 0 (leader/team0) �� P4_expand | stress=0.80 loyalty=0.00
[Tick 168] Person 1 (civilian/team0) �� P4_expand | stress=0.35 loyalty=0.00
[Tick 168] Person 2 (civilian/team0) �� P4_expand | stress=0.35 loyalty=0.00
[Tick 168] Person 3 (advisor/team1) �� P1_comply | stress=0.00 loyalty=1.00
[Tick 168] Person 4 (leader/team1) �� P2_produce | stress=0.00 loyalty=0.20
[Tick 168] Person 5 (civilian/team1) �� P2_produce | stress=0.00 loyalty=0.20
[Tick 168] Person 6 (leader/team2) �� P4_expand | stress=0.00 loyalty=0.00
[Tick 168] Person 7 (civilian/team2) �� P4_expand | stress=0.00 loyalty=0.00
[Tick 168] Person 8 (civilian/team2) �� P4_expand | stress=0.00 loyalty=0.00
[Tick 168] Person 9 (leader/team3) �� P1_comply | stress=0.00 loyalty=1.00
[Tick 169] Person 0 (leader/team0) �� P4_expand | stress=0.90 loyalty=0.00
[Tick 169] Person 1 (civilian/team0) �� P4_expand | stress=0.45 loyalty=0.00
[Tick 169] Person 2 (civilian/team0) �� P4_expand | stress=0.45 loyalty=0.00
[Tick 169] Person 3 (advisor/team1) �� P1_comply | stress=0.00 loyalty=1.00
[Tick 169] Person 4 (leader/team1) �� P2_produce | stress=0.00 loyalty=0.20
[Tick 169] Person 5 (civilian/team1) �� P2_produce | stress=0.00 loyalty=0.20
[Tick 169] Person 6 (leader/team2) �� P4_expand | stress=0.00 loyalty=0.00
[Tick 169] Person 7 (civilian/team2) �� P4_expand | stress=0.00 loyalty=0.00
[Tick 169] Person 8 (civilian/team2) �� P4_expand | stress=0.00 loyalty=0.00
[Tick 169] Person 9 (leader/team3) �� P1_comply | stress=0.00 loyalty=1.00
[Tick 170] Person 0 (leader/team0) �� N1_flee | stress=0.70 loyalty=0.00
[Tick 170] Person 1 (civilian/team0) �� N1_flee | stress=0.25 loyalty=0.00
[Tick 170] Person 2 (civilian/team0) �� N1_flee | stress=0.25 loyalty=0.00
[Tick 170] Person 3 (advisor/team1) �� P1_comply | stress=0.00 loyalty=1.00
[Tick 170] Person 4 (leader/team1) �� P2_produce | stress=0.00 loyalty=0.20
[Tick 170] Person 5 (civilian/team1) �� P2_produce | stress=0.00 loyalty=0.20
[Tick 170] Person 6 (leader/team2) �� P4_expand | stress=0.00 loyalty=0.00
[Tick 170] Person 7 (civilian/team2) �� P4_expand | stress=0.00 loyalty=0.00
[Tick 170] Person 8 (civilian/team2) �� P4_expand | stress=0.00 loyalty=0.00
[Tick 170] Person 9 (leader/team3) �� P1_comply | stress=0.00 loyalty=1.00
[Tick 171] Person 0 (leader/team0) �� P4_expand | stress=0.80 loyalty=0.00
[Tick 171] Person 1 (civilian/team0) �� P4_expand | stress=0.35 loyalty=0.00
[Tick 171] Person 2 (civilian/team0) �� P4_expand | stress=0.35 loyalty=0.00
[Tick 171] Person 3 (advisor/team1) �� P1_comply | stress=0.00 loyalty=1.00
[Tick 171] Person 4 (leader/team1) �� P2_produce | stress=0.00 loyalty=0.20
[Tick 171] Person 5 (civilian/team1) �� P2_produce | stress=0.00 loyalty=0.20
[Tick 171] Person 6 (leader/team2) �� P4_expand | stress=0.00 loyalty=0.00
[Tick 171] Person 7 (civilian/team2) �� P4_expand | stress=0.00 loyalty=0.00
[Tick 171] Person 8 (civilian/team2) �� P4_expand | stress=0.00 loyalty=0.00
[Tick 171] Person 9 (leader/team3) �� P1_comply | stress=0.00 loyalty=1.00
[Tick 172] Person 0 (leader/team0) �� P4_expand | stress=0.90 loyalty=0.00
[Tick 172] Person 1 (civilian/team0) �� P4_expand | stress=0.45 loyalty=0.00
[Tick 172] Person 2 (civilian/team0) �� P4_expand | stress=0.45 loyalty=0.00
[Tick 172] Person 3 (advisor/team1) �� P1_comply | stress=0.00 loyalty=1.00
[Tick 172] Person 4 (leader/team1) �� P2_produce | stress=0.00 loyalty=0.20
[Tick 172] Person 5 (civilian/team1) �� P2_produce | stress=0.00 loyalty=0.20
[Tick 172] Person 6 (leader/team2) �� P4_expand | stress=0.00 loyalty=0.00
[Tick 172] Person 7 (civilian/team2) �� P4_expand | stress=0.00 loyalty=0.00
[Tick 172] Person 8 (civilian/team2) �� P4_expand | stress=0.00 loyalty=0.00
[Tick 172] Person 9 (leader/team3) �� P1_comply | stress=0.00 loyalty=1.00
[Tick 173] Person 0 (leader/team0) �� N1_flee | stress=0.70 loyalty=0.00
[Tick 173] Person 1 (civilian/team0) �� N1_flee | stress=0.25 loyalty=0.00
[Tick 173] Person 2 (civilian/team0) �� N1_flee | stress=0.25 loyalty=0.00
[Tick 173] Person 3 (advisor/team1) �� P1_comply | stress=0.00 loyalty=1.00
[Tick 173] Person 4 (leader/team1) �� P2_produce | stress=0.00 loyalty=0.20
[Tick 173] Person 5 (civilian/team1) �� P2_produce | stress=0.00 loyalty=0.20
[Tick 173] Person 6 (leader/team2) �� P4_expand | stress=0.00 loyalty=0.00
[Tick 173] Person 7 (civilian/team2) �� P4_expand | stress=0.00 loyalty=0.00
[Tick 173] Person 8 (civilian/team2) �� P4_expand | stress=0.00 loyalty=0.00
[Tick 173] Person 9 (leader/team3) �� P1_comply | stress=0.00 loyalty=1.00
[Tick 174] Person 0 (leader/team0) �� P4_expand | stress=0.80 loyalty=0.00
[Tick 174] Person 1 (civilian/team0) �� P4_expand | stress=0.35 loyalty=0.00
[Tick 174] Person 2 (civilian/team0) �� P4_expand | stress=0.35 loyalty=0.00
[Tick 174] Person 3 (advisor/team1) �� P1_comply | stress=0.00 loyalty=1.00
[Tick 174] Person 4 (leader/team1) �� P2_produce | stress=0.00 loyalty=0.20
[Tick 174] Person 5 (civilian/team1) �� P2_produce | stress=0.00 loyalty=0.20
[Tick 174] Person 6 (leader/team2) �� P4_expand | stress=0.00 loyalty=0.00
[Tick 174] Person 7 (civilian/team2) �� P4_expand | stress=0.00 loyalty=0.00
[Tick 174] Person 8 (civilian/team2) �� P4_expand | stress=0.00 loyalty=0.00
[Tick 174] Person 9 (leader/team3) �� P1_comply | stress=0.00 loyalty=1.00
[Tick 175] Person 0 (leader/team0) �� P4_expand | stress=0.90 loyalty=0.00
[Tick 175] Person 1 (civilian/team0) �� P4_expand | stress=0.45 loyalty=0.00
[Tick 175] Person 2 (civilian/team0) �� P4_expand | stress=0.45 loyalty=0.00
[Tick 175] Person 3 (advisor/team1) �� P1_comply | stress=0.00 loyalty=1.00
[Tick 175] Person 4 (leader/team1) �� P2_produce | stress=0.00 loyalty=0.20
[Tick 175] Person 5 (civilian/team1) �� P2_produce | stress=0.00 loyalty=0.20
[Tick 175] Person 6 (leader/team2) �� P4_expand | stress=0.00 loyalty=0.00
[Tick 175] Person 7 (civilian/team2) �� P4_expand | stress=0.00 loyalty=0.00
[Tick 175] Person 8 (civilian/team2) �� P4_expand | stress=0.00 loyalty=0.00
[Tick 175] Person 9 (leader/team3) �� P1_comply | stress=0.00 loyalty=1.00
[Tick 176] Person 0 (leader/team0) �� N1_flee | stress=0.70 loyalty=0.00
[Tick 176] Person 1 (civilian/team0) �� N1_flee | stress=0.25 loyalty=0.00
[Tick 176] Person 2 (civilian/team0) �� N1_flee | stress=0.25 loyalty=0.00
[Tick 176] Person 3 (advisor/team1) �� P1_comply | stress=0.00 loyalty=1.00
[Tick 176] Person 4 (leader/team1) �� P2_produce | stress=0.00 loyalty=0.20
[Tick 176] Person 5 (civilian/team1) �� P2_produce | stress=0.00 loyalty=0.20
[Tick 176] Person 6 (leader/team2) �� P4_expand | stress=0.00 loyalty=0.00
[Tick 176] Person 7 (civilian/team2) �� P4_expand | stress=0.00 loyalty=0.00
[Tick 176] Person 8 (civilian/team2) �� P4_expand | stress=0.00 loyalty=0.00
[Tick 176] Person 9 (leader/team3) �� P1_comply | stress=0.00 loyalty=1.00
[Tick 177] Person 0 (leader/team0) �� P4_expand | stress=0.80 loyalty=0.00
[Tick 177] Person 1 (civilian/team0) �� P4_expand | stress=0.35 loyalty=0.00
[Tick 177] Person 2 (civilian/team0) �� P4_expand | stress=0.35 loyalty=0.00
[Tick 177] Person 3 (advisor/team1) �� P1_comply | stress=0.00 loyalty=1.00
[Tick 177] Person 4 (leader/team1) �� P2_produce | stress=0.00 loyalty=0.20
[Tick 177] Person 5 (civilian/team1) �� P2_produce | stress=0.00 loyalty=0.20
[Tick 177] Person 6 (leader/team2) �� P4_expand | stress=0.00 loyalty=0.00
[Tick 177] Person 7 (civilian/team2) �� P4_expand | stress=0.00 loyalty=0.00
[Tick 177] Person 8 (civilian/team2) �� P4_expand | stress=0.00 loyalty=0.00
[Tick 177] Person 9 (leader/team3) �� P1_comply | stress=0.00 loyalty=1.00
[Tick 178] Person 0 (leader/team0) �� P4_expand | stress=0.90 loyalty=0.00
[Tick 178] Person 1 (civilian/team0) �� P4_expand | stress=0.45 loyalty=0.00
[Tick 178] Person 2 (civilian/team0) �� P4_expand | stress=0.45 loyalty=0.00
[Tick 178] Person 3 (advisor/team1) �� P1_comply | stress=0.00 loyalty=1.00
[Tick 178] Person 4 (leader/team1) �� P2_produce | stress=0.00 loyalty=0.20
[Tick 178] Person 5 (civilian/team1) �� P2_produce | stress=0.00 loyalty=0.20
[Tick 178] Person 6 (leader/team2) �� P4_expand | stress=0.00 loyalty=0.00
[Tick 178] Person 7 (civilian/team2) �� P4_expand | stress=0.00 loyalty=0.00
[Tick 178] Person 8 (civilian/team2) �� P4_expand | stress=0.00 loyalty=0.00
[Tick 178] Person 9 (leader/team3) �� P1_comply | stress=0.00 loyalty=1.00
[Tick 179] Person 0 (leader/team0) �� N1_flee | stress=0.70 loyalty=0.00
[Tick 179] Person 1 (civilian/team0) �� N1_flee | stress=0.25 loyalty=0.00
[Tick 179] Person 2 (civilian/team0) �� N1_flee | stress=0.25 loyalty=0.00
[Tick 179] Person 3 (advisor/team1) �� P1_comply | stress=0.00 loyalty=1.00
[Tick 179] Person 4 (leader/team1) �� P2_produce | stress=0.00 loyalty=0.20
[Tick 179] Person 5 (civilian/team1) �� P2_produce | stress=0.00 loyalty=0.20
[Tick 179] Person 6 (leader/team2) �� P4_expand | stress=0.00 loyalty=0.00
[Tick 179] Person 7 (civilian/team2) �� P4_expand | stress=0.00 loyalty=0.00
[Tick 179] Person 8 (civilian/team2) �� P4_expand | stress=0.00 loyalty=0.00
[Tick 179] Person 9 (leader/team3) �� P1_comply | stress=0.00 loyalty=1.00
[Tick 180] Person 0 (leader/team0) �� P4_expand | stress=0.80 loyalty=0.00
[Tick 180] Person 1 (civilian/team0) �� P4_expand | stress=0.35 loyalty=0.00
[Tick 180] Person 2 (civilian/team0) �� P4_expand | stress=0.35 loyalty=0.00
[Tick 180] Person 3 (advisor/team1) �� P1_comply | stress=0.00 loyalty=1.00
[Tick 180] Person 4 (leader/team1) �� P2_produce | stress=0.00 loyalty=0.20
[Tick 180] Person 5 (civilian/team1) �� P2_produce | stress=0.00 loyalty=0.20
[Tick 180] Person 6 (leader/team2) �� P4_expand | stress=0.00 loyalty=0.00
[Tick 180] Person 7 (civilian/team2) �� P4_expand | stress=0.00 loyalty=0.00
[Tick 180] Person 8 (civilian/team2) �� P4_expand | stress=0.00 loyalty=0.00
[Tick 180] Person 9 (leader/team3) �� P1_comply | stress=0.00 loyalty=1.00

--- Tick 180 ---
  Team0 pos=(4,0) food=0.0 pop=1 wnd=0 ct=-1 rd=1.00
  Team1 pos=(0,0) food=372.8 pop=40 wnd=0 ct=-1 rd=1.00
  Team2 pos=(2,0) food=0.0 pop=4 wnd=0 ct=-1 rd=1.00
  Team3 pos=(4,0) food=53.3 pop=8 wnd=0 ct=-1 rd=1.00
[Tick 181] Person 0 (leader/team0) �� P4_expand | stress=0.90 loyalty=0.00
[Tick 181] Person 1 (civilian/team0) �� P4_expand | stress=0.45 loyalty=0.00
[Tick 181] Person 2 (civilian/team0) �� P4_expand | stress=0.45 loyalty=0.00
[Tick 181] Person 3 (advisor/team1) �� P1_comply | stress=0.00 loyalty=1.00
[Tick 181] Person 4 (leader/team1) �� P2_produce | stress=0.00 loyalty=0.20
[Tick 181] Person 5 (civilian/team1) �� P2_produce | stress=0.00 loyalty=0.20
[Tick 181] Person 6 (leader/team2) �� P4_expand | stress=0.00 loyalty=0.00
[Tick 181] Person 7 (civilian/team2) �� P4_expand | stress=0.00 loyalty=0.00
[Tick 181] Person 8 (civilian/team2) �� P4_expand | stress=0.00 loyalty=0.00
[Tick 181] Person 9 (leader/team3) �� P1_comply | stress=0.00 loyalty=1.00
[Tick 182] Person 0 (leader/team0) �� N1_flee | stress=0.70 loyalty=0.00
[Tick 182] Person 1 (civilian/team0) �� N1_flee | stress=0.25 loyalty=0.00
[Tick 182] Person 2 (civilian/team0) �� N1_flee | stress=0.25 loyalty=0.00
[Tick 182] Person 3 (advisor/team1) �� P1_comply | stress=0.00 loyalty=1.00
[Tick 182] Person 4 (leader/team1) �� P2_produce | stress=0.00 loyalty=0.20
[Tick 182] Person 5 (civilian/team1) �� P2_produce | stress=0.00 loyalty=0.20
[Tick 182] Person 6 (leader/team2) �� P4_expand | stress=0.00 loyalty=0.00
[Tick 182] Person 7 (civilian/team2) �� P4_expand | stress=0.00 loyalty=0.00
[Tick 182] Person 8 (civilian/team2) �� P4_expand | stress=0.00 loyalty=0.00
[Tick 182] Person 9 (leader/team3) �� P1_comply | stress=0.00 loyalty=1.00
[Tick 183] Person 0 (leader/team0) �� P4_expand | stress=0.80 loyalty=0.00
[Tick 183] Person 1 (civilian/team0) �� P4_expand | stress=0.35 loyalty=0.00
[Tick 183] Person 2 (civilian/team0) �� P4_expand | stress=0.35 loyalty=0.00
[Tick 183] Person 3 (advisor/team1) �� P1_comply | stress=0.00 loyalty=1.00
[Tick 183] Person 4 (leader/team1) �� P2_produce | stress=0.00 loyalty=0.20
[Tick 183] Person 5 (civilian/team1) �� P2_produce | stress=0.00 loyalty=0.20
[Tick 183] Person 6 (leader/team2) �� P4_expand | stress=0.00 loyalty=0.00
[Tick 183] Person 7 (civilian/team2) �� P4_expand | stress=0.00 loyalty=0.00
[Tick 183] Person 8 (civilian/team2) �� P4_expand | stress=0.00 loyalty=0.00
[Tick 183] Person 9 (leader/team3) �� P1_comply | stress=0.00 loyalty=1.00
[Tick 184] Person 0 (leader/team0) �� P4_expand | stress=0.90 loyalty=0.00
[Tick 184] Person 1 (civilian/team0) �� P4_expand | stress=0.45 loyalty=0.00
[Tick 184] Person 2 (civilian/team0) �� P4_expand | stress=0.45 loyalty=0.00
[Tick 184] Person 3 (advisor/team1) �� P1_comply | stress=0.00 loyalty=1.00
[Tick 184] Person 4 (leader/team1) �� P2_produce | stress=0.00 loyalty=0.20
[Tick 184] Person 5 (civilian/team1) �� P2_produce | stress=0.00 loyalty=0.20
[Tick 184] Person 6 (leader/team2) �� P4_expand | stress=0.00 loyalty=0.00
[Tick 184] Person 7 (civilian/team2) �� P4_expand | stress=0.00 loyalty=0.00
[Tick 184] Person 8 (civilian/team2) �� P4_expand | stress=0.00 loyalty=0.00
[Tick 184] Person 9 (leader/team3) �� P1_comply | stress=0.00 loyalty=1.00
[Tick 185] Person 0 (leader/team0) �� N1_flee | stress=0.70 loyalty=0.00
[Tick 185] Person 1 (civilian/team0) �� N1_flee | stress=0.25 loyalty=0.00
[Tick 185] Person 2 (civilian/team0) �� N1_flee | stress=0.25 loyalty=0.00
[Tick 185] Person 3 (advisor/team1) �� P1_comply | stress=0.00 loyalty=1.00
[Tick 185] Person 4 (leader/team1) �� P2_produce | stress=0.00 loyalty=0.20
[Tick 185] Person 5 (civilian/team1) �� P2_produce | stress=0.00 loyalty=0.20
[Tick 185] Person 6 (leader/team2) �� P4_expand | stress=0.00 loyalty=0.00
[Tick 185] Person 7 (civilian/team2) �� P4_expand | stress=0.00 loyalty=0.00
[Tick 185] Person 8 (civilian/team2) �� P4_expand | stress=0.00 loyalty=0.00
[Tick 185] Person 9 (leader/team3) �� P1_comply | stress=0.00 loyalty=1.00
[Tick 186] Person 0 (leader/team0) �� P4_expand | stress=0.80 loyalty=0.00
[Tick 186] Person 1 (civilian/team0) �� P4_expand | stress=0.35 loyalty=0.00
[Tick 186] Person 2 (civilian/team0) �� P4_expand | stress=0.35 loyalty=0.00
[Tick 186] Person 3 (advisor/team1) �� P1_comply | stress=0.00 loyalty=1.00
[Tick 186] Person 4 (leader/team1) �� P2_produce | stress=0.00 loyalty=0.20
[Tick 186] Person 5 (civilian/team1) �� P2_produce | stress=0.00 loyalty=0.20
[Tick 186] Person 6 (leader/team2) �� P4_expand | stress=0.00 loyalty=0.00
[Tick 186] Person 7 (civilian/team2) �� P4_expand | stress=0.00 loyalty=0.00
[Tick 186] Person 8 (civilian/team2) �� P4_expand | stress=0.00 loyalty=0.00
[Tick 186] Person 9 (leader/team3) �� P1_comply | stress=0.00 loyalty=1.00
[Tick 187] Person 0 (leader/team0) �� P4_expand | stress=0.90 loyalty=0.00
[Tick 187] Person 1 (civilian/team0) �� P4_expand | stress=0.45 loyalty=0.00
[Tick 187] Person 2 (civilian/team0) �� P4_expand | stress=0.45 loyalty=0.00
[Tick 187] Person 3 (advisor/team1) �� P1_comply | stress=0.00 loyalty=1.00
[Tick 187] Person 4 (leader/team1) �� P2_produce | stress=0.00 loyalty=0.20
[Tick 187] Person 5 (civilian/team1) �� P2_produce | stress=0.00 loyalty=0.20
[Tick 187] Person 6 (leader/team2) �� P4_expand | stress=0.00 loyalty=0.00
[Tick 187] Person 7 (civilian/team2) �� P4_expand | stress=0.00 loyalty=0.00
[Tick 187] Person 8 (civilian/team2) �� P4_expand | stress=0.00 loyalty=0.00
[Tick 187] Person 9 (leader/team3) �� P1_comply | stress=0.00 loyalty=1.00
[Tick 188] Person 0 (leader/team0) �� N1_flee | stress=0.70 loyalty=0.00
[Tick 188] Person 1 (civilian/team0) �� N1_flee | stress=0.25 loyalty=0.00
[Tick 188] Person 2 (civilian/team0) �� N1_flee | stress=0.25 loyalty=0.00
[Tick 188] Person 3 (advisor/team1) �� P1_comply | stress=0.00 loyalty=1.00
[Tick 188] Person 4 (leader/team1) �� P2_produce | stress=0.00 loyalty=0.20
[Tick 188] Person 5 (civilian/team1) �� P2_produce | stress=0.00 loyalty=0.20
[Tick 188] Person 6 (leader/team2) �� P4_expand | stress=0.00 loyalty=0.00
[Tick 188] Person 7 (civilian/team2) �� P4_expand | stress=0.00 loyalty=0.00
[Tick 188] Person 8 (civilian/team2) �� P4_expand | stress=0.00 loyalty=0.00
[Tick 188] Person 9 (leader/team3) �� P1_comply | stress=0.00 loyalty=1.00
[Tick 189] Person 0 (leader/team0) �� P4_expand | stress=0.80 loyalty=0.00
[Tick 189] Person 1 (civilian/team0) �� P4_expand | stress=0.35 loyalty=0.00
[Tick 189] Person 2 (civilian/team0) �� P4_expand | stress=0.35 loyalty=0.00
[Tick 189] Person 3 (advisor/team1) �� P1_comply | stress=0.00 loyalty=1.00
[Tick 189] Person 4 (leader/team1) �� P2_produce | stress=0.00 loyalty=0.20
[Tick 189] Person 5 (civilian/team1) �� P2_produce | stress=0.00 loyalty=0.20
[Tick 189] Person 6 (leader/team2) �� P4_expand | stress=0.00 loyalty=0.00
[Tick 189] Person 7 (civilian/team2) �� P4_expand | stress=0.00 loyalty=0.00
[Tick 189] Person 8 (civilian/team2) �� P4_expand | stress=0.00 loyalty=0.00
[Tick 189] Person 9 (leader/team3) �� P1_comply | stress=0.00 loyalty=1.00
[Tick 190] Person 0 (leader/team0) �� P4_expand | stress=0.90 loyalty=0.00
[Tick 190] Person 1 (civilian/team0) �� P4_expand | stress=0.45 loyalty=0.00
[Tick 190] Person 2 (civilian/team0) �� P4_expand | stress=0.45 loyalty=0.00
[Tick 190] Person 3 (advisor/team1) �� P1_comply | stress=0.00 loyalty=1.00
[Tick 190] Person 4 (leader/team1) �� P2_produce | stress=0.00 loyalty=0.20
[Tick 190] Person 5 (civilian/team1) �� P2_produce | stress=0.00 loyalty=0.20
[Tick 190] Person 6 (leader/team2) �� P4_expand | stress=0.00 loyalty=0.00
[Tick 190] Person 7 (civilian/team2) �� P4_expand | stress=0.00 loyalty=0.00
[Tick 190] Person 8 (civilian/team2) �� P4_expand | stress=0.00 loyalty=0.00
[Tick 190] Person 9 (leader/team3) �� P1_comply | stress=0.00 loyalty=1.00
[Tick 191] Person 0 (leader/team0) �� N1_flee | stress=0.70 loyalty=0.00
[Tick 191] Person 1 (civilian/team0) �� N1_flee | stress=0.25 loyalty=0.00
[Tick 191] Person 2 (civilian/team0) �� N1_flee | stress=0.25 loyalty=0.00
[Tick 191] Person 3 (advisor/team1) �� P1_comply | stress=0.00 loyalty=1.00
[Tick 191] Person 4 (leader/team1) �� P2_produce | stress=0.00 loyalty=0.20
[Tick 191] Person 5 (civilian/team1) �� P2_produce | stress=0.00 loyalty=0.20
[Tick 191] Person 6 (leader/team2) �� P4_expand | stress=0.00 loyalty=0.00
[Tick 191] Person 7 (civilian/team2) �� P4_expand | stress=0.00 loyalty=0.00
[Tick 191] Person 8 (civilian/team2) �� P4_expand | stress=0.00 loyalty=0.00
[Tick 191] Person 9 (leader/team3) �� P1_comply | stress=0.00 loyalty=1.00
[Tick 192] Person 0 (leader/team0) �� P4_expand | stress=0.80 loyalty=0.00
[Tick 192] Person 1 (civilian/team0) �� P4_expand | stress=0.35 loyalty=0.00
[Tick 192] Person 2 (civilian/team0) �� P4_expand | stress=0.35 loyalty=0.00
[Tick 192] Person 3 (advisor/team1) �� P1_comply | stress=0.00 loyalty=1.00
[Tick 192] Person 4 (leader/team1) �� P2_produce | stress=0.00 loyalty=0.20
[Tick 192] Person 5 (civilian/team1) �� P2_produce | stress=0.00 loyalty=0.20
[Tick 192] Person 6 (leader/team2) �� P4_expand | stress=0.00 loyalty=0.00
[Tick 192] Person 7 (civilian/team2) �� P4_expand | stress=0.00 loyalty=0.00
[Tick 192] Person 8 (civilian/team2) �� P4_expand | stress=0.00 loyalty=0.00
[Tick 192] Person 9 (leader/team3) �� P1_comply | stress=0.00 loyalty=1.00
[Tick 193] Person 0 (leader/team0) �� P4_expand | stress=0.90 loyalty=0.00
[Tick 193] Person 1 (civilian/team0) �� P4_expand | stress=0.45 loyalty=0.00
[Tick 193] Person 2 (civilian/team0) �� P4_expand | stress=0.45 loyalty=0.00
[Tick 193] Person 3 (advisor/team1) �� P1_comply | stress=0.00 loyalty=1.00
[Tick 193] Person 4 (leader/team1) �� P2_produce | stress=0.00 loyalty=0.20
[Tick 193] Person 5 (civilian/team1) �� P2_produce | stress=0.00 loyalty=0.20
[Tick 193] Person 6 (leader/team2) �� P4_expand | stress=0.00 loyalty=0.00
[Tick 193] Person 7 (civilian/team2) �� P4_expand | stress=0.00 loyalty=0.00
[Tick 193] Person 8 (civilian/team2) �� P4_expand | stress=0.00 loyalty=0.00
[Tick 193] Person 9 (leader/team3) �� P1_comply | stress=0.00 loyalty=1.00
[Tick 194] Person 0 (leader/team0) �� N1_flee | stress=0.70 loyalty=0.00
[Tick 194] Person 1 (civilian/team0) �� N1_flee | stress=0.25 loyalty=0.00
[Tick 194] Person 2 (civilian/team0) �� N1_flee | stress=0.25 loyalty=0.00
[Tick 194] Person 3 (advisor/team1) �� P1_comply | stress=0.00 loyalty=1.00
[Tick 194] Person 4 (leader/team1) �� P2_produce | stress=0.00 loyalty=0.20
[Tick 194] Person 5 (civilian/team1) �� P2_produce | stress=0.00 loyalty=0.20
[Tick 194] Person 6 (leader/team2) �� P4_expand | stress=0.00 loyalty=0.00
[Tick 194] Person 7 (civilian/team2) �� P4_expand | stress=0.00 loyalty=0.00
[Tick 194] Person 8 (civilian/team2) �� P4_expand | stress=0.00 loyalty=0.00
[Tick 194] Person 9 (leader/team3) �� P1_comply | stress=0.00 loyalty=1.00
[Tick 195] Person 0 (leader/team0) �� P4_expand | stress=0.80 loyalty=0.00
[Tick 195] Person 1 (civilian/team0) �� P4_expand | stress=0.35 loyalty=0.00
[Tick 195] Person 2 (civilian/team0) �� P4_expand | stress=0.35 loyalty=0.00
[Tick 195] Person 3 (advisor/team1) �� P1_comply | stress=0.00 loyalty=1.00
[Tick 195] Person 4 (leader/team1) �� P2_produce | stress=0.00 loyalty=0.20
[Tick 195] Person 5 (civilian/team1) �� P2_produce | stress=0.00 loyalty=0.20
[Tick 195] Person 6 (leader/team2) �� P4_expand | stress=0.00 loyalty=0.00
[Tick 195] Person 7 (civilian/team2) �� P4_expand | stress=0.00 loyalty=0.00
[Tick 195] Person 8 (civilian/team2) �� P4_expand | stress=0.00 loyalty=0.00
[Tick 195] Person 9 (leader/team3) �� P1_comply | stress=0.00 loyalty=1.00
[Tick 196] Person 0 (leader/team0) �� P4_expand | stress=0.90 loyalty=0.00
[Tick 196] Person 1 (civilian/team0) �� P4_expand | stress=0.45 loyalty=0.00
[Tick 196] Person 2 (civilian/team0) �� P4_expand | stress=0.45 loyalty=0.00
[Tick 196] Person 3 (advisor/team1) �� P1_comply | stress=0.00 loyalty=1.00
[Tick 196] Person 4 (leader/team1) �� P2_produce | stress=0.00 loyalty=0.20
[Tick 196] Person 5 (civilian/team1) �� P2_produce | stress=0.00 loyalty=0.20
[Tick 196] Person 6 (leader/team2) �� P4_expand | stress=0.00 loyalty=0.00
[Tick 196] Person 7 (civilian/team2) �� P4_expand | stress=0.00 loyalty=0.00
[Tick 196] Person 8 (civilian/team2) �� P4_expand | stress=0.00 loyalty=0.00
[Tick 196] Person 9 (leader/team3) �� P1_comply | stress=0.00 loyalty=1.00
[Tick 197] Person 0 (leader/team0) �� N1_flee | stress=0.70 loyalty=0.00
[Tick 197] Person 1 (civilian/team0) �� N1_flee | stress=0.25 loyalty=0.00
[Tick 197] Person 2 (civilian/team0) �� N1_flee | stress=0.25 loyalty=0.00
[Tick 197] Person 3 (advisor/team1) �� P1_comply | stress=0.00 loyalty=1.00
[Tick 197] Person 4 (leader/team1) �� P2_produce | stress=0.00 loyalty=0.20
[Tick 197] Person 5 (civilian/team1) �� P2_produce | stress=0.00 loyalty=0.20
[Tick 197] Person 6 (leader/team2) �� P4_expand | stress=0.00 loyalty=0.00
[Tick 197] Person 7 (civilian/team2) �� P4_expand | stress=0.00 loyalty=0.00
[Tick 197] Person 8 (civilian/team2) �� P4_expand | stress=0.00 loyalty=0.00
[Tick 197] Person 9 (leader/team3) �� P1_comply | stress=0.00 loyalty=1.00
[Tick 198] Person 0 (leader/team0) �� P4_expand | stress=0.80 loyalty=0.00
[Tick 198] Person 1 (civilian/team0) �� P4_expand | stress=0.35 loyalty=0.00
[Tick 198] Person 2 (civilian/team0) �� P4_expand | stress=0.35 loyalty=0.00
[Tick 198] Person 3 (advisor/team1) �� P1_comply | stress=0.00 loyalty=1.00
[Tick 198] Person 4 (leader/team1) �� P2_produce | stress=0.00 loyalty=0.20
[Tick 198] Person 5 (civilian/team1) �� P2_produce | stress=0.00 loyalty=0.20
[Tick 198] Person 6 (leader/team2) �� P4_expand | stress=0.00 loyalty=0.00
[Tick 198] Person 7 (civilian/team2) �� P4_expand | stress=0.00 loyalty=0.00
[Tick 198] Person 8 (civilian/team2) �� P4_expand | stress=0.00 loyalty=0.00
[Tick 198] Person 9 (leader/team3) �� P1_comply | stress=0.00 loyalty=1.00
[Tick 199] Person 0 (leader/team0) �� P4_expand | stress=0.90 loyalty=0.00
[Tick 199] Person 1 (civilian/team0) �� P4_expand | stress=0.45 loyalty=0.00
[Tick 199] Person 2 (civilian/team0) �� P4_expand | stress=0.45 loyalty=0.00
[Tick 199] Person 3 (advisor/team1) �� P1_comply | stress=0.00 loyalty=1.00
[Tick 199] Person 4 (leader/team1) �� P2_produce | stress=0.00 loyalty=0.20
[Tick 199] Person 5 (civilian/team1) �� P2_produce | stress=0.00 loyalty=0.20
[Tick 199] Person 6 (leader/team2) �� P4_expand | stress=0.00 loyalty=0.00
[Tick 199] Person 7 (civilian/team2) �� P4_expand | stress=0.00 loyalty=0.00
[Tick 199] Person 8 (civilian/team2) �� P4_expand | stress=0.00 loyalty=0.00
[Tick 199] Person 9 (leader/team3) �� P1_comply | stress=0.00 loyalty=1.00
[Tick 200] Person 0 (leader/team0) �� N1_flee | stress=0.70 loyalty=0.00
[Tick 200] Person 1 (civilian/team0) �� N1_flee | stress=0.25 loyalty=0.00
[Tick 200] Person 2 (civilian/team0) �� N1_flee | stress=0.25 loyalty=0.00
[Tick 200] Person 3 (advisor/team1) �� P1_comply | stress=0.00 loyalty=1.00
[Tick 200] Person 4 (leader/team1) �� P2_produce | stress=0.00 loyalty=0.20
[Tick 200] Person 5 (civilian/team1) �� P2_produce | stress=0.00 loyalty=0.20
[Tick 200] Person 6 (leader/team2) �� P4_expand | stress=0.00 loyalty=0.00
[Tick 200] Person 7 (civilian/team2) �� P4_expand | stress=0.00 loyalty=0.00
[Tick 200] Person 8 (civilian/team2) �� P4_expand | stress=0.00 loyalty=0.00
[Tick 200] Person 9 (leader/team3) �� P1_comply | stress=0.00 loyalty=1.00

--- Tick 200 ---
  Team0 pos=(4,0) food=0.0 pop=1 wnd=0 ct=-1 rd=1.00
  Team1 pos=(0,0) food=402.3 pop=40 wnd=0 ct=-1 rd=1.00
  Team2 pos=(2,0) food=0.0 pop=4 wnd=0 ct=-1 rd=1.00
  Team3 pos=(4,0) food=37.3 pop=8 wnd=0 ct=-1 rd=1.00

global_messages: 3
  team_known[0]: 3 ��
  team_known[1]: 2 ��
  team_known[2]: 2 ��
  team_known[3]: 2 ��
factions: 1
  �դO0 [�դO0] leader=Team0 members=[0, 3]
=== DONE ===
